Archive member included to satisfy reference by file (symbol)

G:/STM32CubuIDE/STM32CubeIDE_2.1.1/STM32CubeIDE/plugins/com.st.stm32cube.ide.mcu.externaltools.gnu-tools-for-stm32.14.3.rel1.win32_1.0.100.202602081740/tools/bin/../lib/gcc/arm-none-eabi/14.3.1/../../../../arm-none-eabi/lib/thumb/v7e-m+fp/hard\libc_nano.a(libc_a-exit.o)
                              G:/STM32CubuIDE/STM32CubeIDE_2.1.1/STM32CubeIDE/plugins/com.st.stm32cube.ide.mcu.externaltools.gnu-tools-for-stm32.14.3.rel1.win32_1.0.100.202602081740/tools/bin/../lib/gcc/arm-none-eabi/14.3.1/../../../../arm-none-eabi/lib/thumb/v7e-m+fp/hard/crt0.o (exit)
G:/STM32CubuIDE/STM32CubeIDE_2.1.1/STM32CubeIDE/plugins/com.st.stm32cube.ide.mcu.externaltools.gnu-tools-for-stm32.14.3.rel1.win32_1.0.100.202602081740/tools/bin/../lib/gcc/arm-none-eabi/14.3.1/../../../../arm-none-eabi/lib/thumb/v7e-m+fp/hard\libc_nano.a(libc_a-findfp.o)
                              G:/STM32CubuIDE/STM32CubeIDE_2.1.1/STM32CubeIDE/plugins/com.st.stm32cube.ide.mcu.externaltools.gnu-tools-for-stm32.14.3.rel1.win32_1.0.100.202602081740/tools/bin/../lib/gcc/arm-none-eabi/14.3.1/../../../../arm-none-eabi/lib/thumb/v7e-m+fp/hard\libc_nano.a(libc_a-exit.o) (__stdio_exit_handler)
G:/STM32CubuIDE/STM32CubeIDE_2.1.1/STM32CubeIDE/plugins/com.st.stm32cube.ide.mcu.externaltools.gnu-tools-for-stm32.14.3.rel1.win32_1.0.100.202602081740/tools/bin/../lib/gcc/arm-none-eabi/14.3.1/../../../../arm-none-eabi/lib/thumb/v7e-m+fp/hard\libc_nano.a(libc_a-fwalk.o)
                              G:/STM32CubuIDE/STM32CubeIDE_2.1.1/STM32CubeIDE/plugins/com.st.stm32cube.ide.mcu.externaltools.gnu-tools-for-stm32.14.3.rel1.win32_1.0.100.202602081740/tools/bin/../lib/gcc/arm-none-eabi/14.3.1/../../../../arm-none-eabi/lib/thumb/v7e-m+fp/hard\libc_nano.a(libc_a-findfp.o) (_fwalk_sglue)
G:/STM32CubuIDE/STM32CubeIDE_2.1.1/STM32CubeIDE/plugins/com.st.stm32cube.ide.mcu.externaltools.gnu-tools-for-stm32.14.3.rel1.win32_1.0.100.202602081740/tools/bin/../lib/gcc/arm-none-eabi/14.3.1/../../../../arm-none-eabi/lib/thumb/v7e-m+fp/hard\libc_nano.a(libc_a-sprintf.o)
                              ./Core/Src/freertos.o (sprintf)
G:/STM32CubuIDE/STM32CubeIDE_2.1.1/STM32CubeIDE/plugins/com.st.stm32cube.ide.mcu.externaltools.gnu-tools-for-stm32.14.3.rel1.win32_1.0.100.202602081740/tools/bin/../lib/gcc/arm-none-eabi/14.3.1/../../../../arm-none-eabi/lib/thumb/v7e-m+fp/hard\libc_nano.a(libc_a-stdio.o)
                              G:/STM32CubuIDE/STM32CubeIDE_2.1.1/STM32CubeIDE/plugins/com.st.stm32cube.ide.mcu.externaltools.gnu-tools-for-stm32.14.3.rel1.win32_1.0.100.202602081740/tools/bin/../lib/gcc/arm-none-eabi/14.3.1/../../../../arm-none-eabi/lib/thumb/v7e-m+fp/hard\libc_nano.a(libc_a-findfp.o) (__sread)
G:/STM32CubuIDE/STM32CubeIDE_2.1.1/STM32CubeIDE/plugins/com.st.stm32cube.ide.mcu.externaltools.gnu-tools-for-stm32.14.3.rel1.win32_1.0.100.202602081740/tools/bin/../lib/gcc/arm-none-eabi/14.3.1/../../../../arm-none-eabi/lib/thumb/v7e-m+fp/hard\libc_nano.a(libc_a-memset.o)
                              G:/STM32CubuIDE/STM32CubeIDE_2.1.1/STM32CubeIDE/plugins/com.st.stm32cube.ide.mcu.externaltools.gnu-tools-for-stm32.14.3.rel1.win32_1.0.100.202602081740/tools/bin/../lib/gcc/arm-none-eabi/14.3.1/../../../../arm-none-eabi/lib/thumb/v7e-m+fp/hard/crt0.o (memset)
G:/STM32CubuIDE/STM32CubeIDE_2.1.1/STM32CubeIDE/plugins/com.st.stm32cube.ide.mcu.externaltools.gnu-tools-for-stm32.14.3.rel1.win32_1.0.100.202602081740/tools/bin/../lib/gcc/arm-none-eabi/14.3.1/../../../../arm-none-eabi/lib/thumb/v7e-m+fp/hard\libc_nano.a(libc_a-closer.o)
                              G:/STM32CubuIDE/STM32CubeIDE_2.1.1/STM32CubeIDE/plugins/com.st.stm32cube.ide.mcu.externaltools.gnu-tools-for-stm32.14.3.rel1.win32_1.0.100.202602081740/tools/bin/../lib/gcc/arm-none-eabi/14.3.1/../../../../arm-none-eabi/lib/thumb/v7e-m+fp/hard\libc_nano.a(libc_a-stdio.o) (_close_r)
G:/STM32CubuIDE/STM32CubeIDE_2.1.1/STM32CubeIDE/plugins/com.st.stm32cube.ide.mcu.externaltools.gnu-tools-for-stm32.14.3.rel1.win32_1.0.100.202602081740/tools/bin/../lib/gcc/arm-none-eabi/14.3.1/../../../../arm-none-eabi/lib/thumb/v7e-m+fp/hard\libc_nano.a(libc_a-reent.o)
                              G:/STM32CubuIDE/STM32CubeIDE_2.1.1/STM32CubeIDE/plugins/com.st.stm32cube.ide.mcu.externaltools.gnu-tools-for-stm32.14.3.rel1.win32_1.0.100.202602081740/tools/bin/../lib/gcc/arm-none-eabi/14.3.1/../../../../arm-none-eabi/lib/thumb/v7e-m+fp/hard\libc_nano.a(libc_a-closer.o) (errno)
G:/STM32CubuIDE/STM32CubeIDE_2.1.1/STM32CubeIDE/plugins/com.st.stm32cube.ide.mcu.externaltools.gnu-tools-for-stm32.14.3.rel1.win32_1.0.100.202602081740/tools/bin/../lib/gcc/arm-none-eabi/14.3.1/../../../../arm-none-eabi/lib/thumb/v7e-m+fp/hard\libc_nano.a(libc_a-impure.o)
[...]
Memory Configuration

Name             Origin             Length             Attributes
CCMRAM           0x10000000         0x00010000         xrw
RAM              0x20000000         0x00020000         xrw
FLASH            0x08000000         0x00100000         xr
*default*        0x00000000         0xffffffff

Linker script and memory map

LOAD G:/STM32CubuIDE/STM32CubeIDE_2.1.1/STM32CubeIDE/plugins/com.st.stm32cube.ide.mcu.externaltools.gnu-tools-for-stm32.14.3.rel1.win32_1.0.100.202602081740/tools/bin/../lib/gcc/arm-none-eabi/14.3.1/thumb/v7e-m+fp/hard/crti.o
LOAD G:/STM32CubuIDE/STM32CubeIDE_2.1.1/STM32CubeIDE/plugins/com.st.stm32cube.ide.mcu.externaltools.gnu-tools-for-stm32.14.3.rel1.win32_1.0.100.202602081740/tools/bin/../lib/gcc/arm-none-eabi/14.3.1/thumb/v7e-m+fp/hard/crtbegin.o
LOAD G:/STM32CubuIDE/STM32CubeIDE_2.1.1/STM32CubeIDE/plugins/com.st.stm32cube.ide.mcu.externaltools.gnu-tools-for-stm32.14.3.rel1.win32_1.0.100.202602081740/tools/bin/../lib/gcc/arm-none-eabi/14.3.1/../../../../arm-none-eabi/lib/thumb/v7e-m+fp/hard/crt0.o
LOAD ./Core/Src/adc.o
LOAD ./Core/Src/dma.o
LOAD ./Core/Src/freertos.o
LOAD ./Core/Src/gpio.o
LOAD ./Core/Src/main.o
LOAD ./Core/Src/stm32f4xx_hal_msp.o
LOAD ./Core/Src/stm32f4xx_it.o
LOAD ./Core/Src/syscalls.o
LOAD ./Core/Src/sysmem.o
LOAD ./Core/Src/system_stm32f4xx.o
LOAD ./Core/Src/tim.o
LOAD ./Core/Src/usart.o
LOAD ./Core/Startup/startup_stm32f407zgtx.o
LOAD ./Drivers/BSP/Src/motor.o
LOAD ./Drivers/BSP/Src/pid.o
LOAD ./Drivers/STM32F4xx_HAL_Driver/Src/stm32f4xx_hal.o
LOAD ./Drivers/STM32F4xx_HAL_Driver/Src/stm32f4xx_hal_adc.o
LOAD ./Drivers/STM32F4xx_HAL_Driver/Src/stm32f4xx_hal_adc_ex.o
LOAD ./Drivers/STM32F4xx_HAL_Driver/Src/stm32f4xx_hal_cortex.o
LOAD ./Drivers/STM32F4xx_HAL_Driver/Src/stm32f4xx_hal_dma.o
LOAD ./Drivers/STM32F4xx_HAL_Driver/Src/stm32f4xx_hal_dma_ex.o
LOAD ./Drivers/STM32F4xx_HAL_Driver/Src/stm32f4xx_hal_exti.o
LOAD ./Drivers/STM32F4xx_HAL_Driver/Src/stm32f4xx_hal_flash.o
LOAD ./Drivers/STM32F4xx_HAL_Driver/Src/stm32f4xx_hal_flash_ex.o
LOAD ./Drivers/STM32F4xx_HAL_Driver/Src/stm32f4xx_hal_flash_ramfunc.o
LOAD ./Drivers/STM32F4xx_HAL_Driver/Src/stm32f4xx_hal_gpio.o
LOAD ./Drivers/STM32F4xx_HAL_Driver/Src/stm32f4xx_hal_pwr.o
LOAD ./Drivers/STM32F4xx_HAL_Driver/Src/stm32f4xx_hal_pwr_ex.o
LOAD ./Drivers/STM32F4xx_HAL_Driver/Src/stm32f4xx_hal_rcc.o
LOAD ./Drivers/STM32F4xx_HAL_Driver/Src/stm32f4xx_hal_rcc_ex.o
LOAD ./Drivers/STM32F4xx_HAL_Driver/Src/stm32f4xx_hal_tim.o
LOAD ./Drivers/STM32F4xx_HAL_Driver/Src/stm32f4xx_hal_tim_ex.o
LOAD ./Drivers/STM32F4xx_HAL_Driver/Src/stm32f4xx_hal_uart.o
LOAD ./Middlewares/Third_Party/FreeRTOS/Source/CMSIS_RTOS_V2/cmsis_os2.o
LOAD ./Middlewares/Third_Party/FreeRTOS/Source/croutine.o
LOAD ./Middlewares/Third_Party/FreeRTOS/Source/event_groups.o
LOAD ./Middlewares/Third_Party/FreeRTOS/Source/list.o
LOAD ./Middlewares/Third_Party/FreeRTOS/Source/queue.o
LOAD ./Middlewares/Third_Party/FreeRTOS/Source/stream_buffer.o
LOAD ./Middlewares/Third_Party/FreeRTOS/Source/tasks.o
LOAD ./Middlewares/Third_Party/FreeRTOS/Source/timers.o
LOAD ./Middlewares/Third_Party/FreeRTOS/Source/portable/GCC/ARM_CM4F/port.o
LOAD ./Middlewares/Third_Party/FreeRTOS/Source/portable/MemMang/heap_4.o
START GROUP
LOAD G:/STM32CubuIDE/STM32CubeIDE_2.1.1/STM32CubeIDE/plugins/com.st.stm32cube.ide.mcu.externaltools.gnu-tools-for-stm32.14.3.rel1.win32_1.0.100.202602081740/tools/bin/../lib/gcc/arm-none-eabi/14.3.1/../../../../arm-none-eabi/lib/thumb/v7e-m+fp/hard\libc_nano.a
LOAD G:/STM32CubuIDE/STM32CubeIDE_2.1.1/STM32CubeIDE/plugins/com.st.stm32cube.ide.mcu.externaltools.gnu-tools-for-stm32.14.3.rel1.win32_1.0.100.202602081740/tools/bin/../lib/gcc/arm-none-eabi/14.3.1/../../../../arm-none-eabi/lib/thumb/v7e-m+fp/hard\libm.a
END GROUP
START GROUP
LOAD G:/STM32CubuIDE/STM32CubeIDE_2.1.1/STM32CubeIDE/plugins/com.st.stm32cube.ide.mcu.externaltools.gnu-tools-for-stm32.14.3.rel1.win32_1.0.100.202602081740/tools/bin/../lib/gcc/arm-none-eabi/14.3.1/thumb/v7e-m+fp/hard\libgcc.a
LOAD G:/STM32CubuIDE/STM32CubeIDE_2.1.1/STM32CubeIDE/plugins/com.st.stm32cube.ide.mcu.externaltools.gnu-tools-for-stm32.14.3.rel1.win32_1.0.100.202602081740/tools/bin/../lib/gcc/arm-none-eabi/14.3.1/../../../../arm-none-eabi/lib/thumb/v7e-m+fp/hard\libc_nano.a
END GROUP
START GROUP
LOAD G:/STM32CubuIDE/STM32CubeIDE_2.1.1/STM32CubeIDE/plugins/com.st.stm32cube.ide.mcu.externaltools.gnu-tools-for-stm32.14.3.rel1.win32_1.0.100.202602081740/tools/bin/../lib/gcc/arm-none-eabi/14.3.1/thumb/v7e-m+fp/hard\libgcc.a
LOAD G:/STM32CubuIDE/STM32CubeIDE_2.1.1/STM32CubeIDE/plugins/com.st.stm32cube.ide.mcu.externaltools.gnu-tools-for-stm32.14.3.rel1.win32_1.0.100.202602081740/tools/bin/../lib/gcc/arm-none-eabi/14.3.1/../../../../arm-none-eabi/lib/thumb/v7e-m+fp/hard\libc_nano.a
LOAD G:/STM32CubuIDE/STM32CubeIDE_2.1.1/STM32CubeIDE/plugins/com.st.stm32cube.ide.mcu.externaltools.gnu-tools-for-stm32.14.3.rel1.win32_1.0.100.202602081740/tools/bin/../lib/gcc/arm-none-eabi/14.3.1/../../../../arm-none-eabi/lib/thumb/v7e-m+fp/hard\libnosys.a
END GROUP
START GROUP
LOAD G:/STM32CubuIDE/STM32CubeIDE_2.1.1/STM32CubeIDE/plugins/com.st.stm32cube.ide.mcu.externaltools.gnu-tools-for-stm32.14.3.rel1.win32_1.0.100.202602081740/tools/bin/../lib/gcc/arm-none-eabi/14.3.1/thumb/v7e-m+fp/hard\libgcc.a
LOAD G:/STM32CubuIDE/STM32CubeIDE_2.1.1/STM32CubeIDE/plugins/com.st.stm32cube.ide.mcu.externaltools.gnu-tools-for-stm32.14.3.rel1.win32_1.0.100.202602081740/tools/bin/../lib/gcc/arm-none-eabi/14.3.1/../../../../arm-none-eabi/lib/thumb/v7e-m+fp/hard\libc_nano.a
LOAD G:/STM32CubuIDE/STM32CubeIDE_2.1.1/STM32CubeIDE/plugins/com.st.stm32cube.ide.mcu.externaltools.gnu-tools-for-stm32.14.3.rel1.win32_1.0.100.202602081740/tools/bin/../lib/gcc/arm-none-eabi/14.3.1/../../../../arm-none-eabi/lib/thumb/v7e-m+fp/hard\libnosys.a
END GROUP
LOAD G:/STM32CubuIDE/STM32CubeIDE_2.1.1/STM32CubeIDE/plugins/com.st.stm32cube.ide.mcu.externaltools.gnu-tools-for-stm32.14.3.rel1.win32_1.0.100.202602081740/tools/bin/../lib/gcc/arm-none-eabi/14.3.1/thumb/v7e-m+fp/hard/crtend.o
LOAD G:/STM32CubuIDE/STM32CubeIDE_2.1.1/STM32CubeIDE/plugins/com.st.stm32cube.ide.mcu.externaltools.gnu-tools-for-stm32.14.3.rel1.win32_1.0.100.202602081740/tools/bin/../lib/gcc/arm-none-eabi/14.3.1/thumb/v7e-m+fp/hard/crtn.o
                0x20020000                        _estack = (ORIGIN (RAM) + LENGTH (RAM))
                0x00000200                        _Min_Heap_Size = 0x200
                0x00000400                        _Min_Stack_Size = 0x400

.isr_vector     0x08000000      0x188
                0x08000000                        . = ALIGN (0x4)
 *(.isr_vector)
 .isr_vector    0x08000000      0x188 ./Core/Startup/startup_stm32f407zgtx.o
                0x08000000                g_pfnVectors
                0x08000188                        . = ALIGN (0x4)

.text           0x08000190     0xa050
                0x08000190                        . = ALIGN (0x4)
 *(.text)
 .text          0x08000190       0x40 G:/STM32CubuIDE/STM32CubeIDE_2.1.1/STM32CubeIDE/plugins/com.st.stm32cube.ide.mcu.externaltools.gnu-tools-for-stm32.14.3.rel1.win32_1.0.100.202602081740/tools/bin/../lib/gcc/arm-none-eabi/14.3.1/thumb/v7e-m+fp/hard/crtbegin.o
 .text          0x080001d0       0x10 G:/STM32CubuIDE/STM32CubeIDE_2.1.1/STM32CubeIDE/plugins/com.st.stm32cube.ide.mcu.externaltools.gnu-tools-for-stm32.14.3.rel1.win32_1.0.100.202602081740/tools/bin/../lib/gcc/arm-none-eabi/14.3.1/../../../../arm-none-eabi/lib/thumb/v7e-m+fp/hard\libc_nano.a(libc_a-strlen.o)
                0x080001d0                strlen
 .text          0x080001e0       0xa0 G:/STM32CubuIDE/STM32CubeIDE_2.1.1/STM32CubeIDE/plugins/com.st.stm32cube.ide.mcu.externaltools.gnu-tools-for-stm32.14.3.rel1.win32_1.0.100.202602081740/tools/bin/../lib/gcc/arm-none-eabi/14.3.1/../../../../arm-none-eabi/lib/thumb/v7e-m+fp/hard\libc_nano.a(libc_a-memchr.o)
                0x080001e0                memchr
 .text          0x08000280       0x30 G:/STM32CubuIDE/STM32CubeIDE_2.1.1/STM32CubeIDE/plugins/com.st.stm32cube.ide.mcu.externaltools.gnu-tools-for-stm32.14.3.rel1.win32_1.0.100.202602081740/tools/bin/../lib/gcc/arm-none-eabi/14.3.1/thumb/v7e-m+fp/hard\libgcc.a(_aeabi_uldivmod.o)
                0x08000280                __aeabi_uldivmod
 .text          0x080002b0      0x2f8 G:/STM32CubuIDE/STM32CubeIDE_2.1.1/STM32CubeIDE/plugins/com.st.stm32cube.ide.mcu.externaltools.gnu-tools-for-stm32.14.3.rel1.win32_1.0.100.202602081740/tools/bin/../lib/gcc/arm-none-eabi/14.3.1/thumb/v7e-m+fp/hard\libgcc.a(_udivmoddi4.o)
                0x080002b0                __udivmoddi4
 .text          0x080005a8        0x4 G:/STM32CubuIDE/STM32CubeIDE_2.1.1/STM32CubeIDE/plugins/com.st.stm32cube.ide.mcu.externaltools.gnu-tools-for-stm32.14.3.rel1.win32_1.0.100.202602081740/tools/bin/../lib/gcc/arm-none-eabi/14.3.1/thumb/v7e-m+fp/hard\libgcc.a(_dvmd_tls.o)
                0x080005a8                __aeabi_idiv0
                0x080005a8                __aeabi_ldiv0
 *(.text*)
 .text.MX_ADC1_Init
                0x080005ac       0xf0 ./Core/Src/adc.o
                0x080005ac                MX_ADC1_Init
 .text.HAL_ADC_MspInit
                0x0800069c       0x88 ./Core/Src/adc.o
                0x0800069c                HAL_ADC_MspInit
 .text.MX_DMA_Init
                0x08000724       0x50 ./Core/Src/dma.o
                0x08000724                MX_DMA_Init
 .text.MX_FREERTOS_Init
                0x08000774       0xd8 ./Core/Src/freertos.o
                0x08000774                MX_FREERTOS_Init
 .text.StartVisionTask
                0x0800084c       0x10 ./Core/Src/freertos.o
                0x0800084c                StartVisionTask
 .text.StartMotionTask
                0x0800085c       0xc4 ./Core/Src/freertos.o
                0x0800085c                StartMotionTask
 .text.StartStateTask
                0x08000920       0x24 ./Core/Src/freertos.o
                0x08000920                StartStateTask
 .text.StartDebugTask
                0x08000944      0x1f4 ./Core/Src/freertos.o
                0x08000944                StartDebugTask
 .text.MX_GPIO_Init
                0x08000b38      0x19c ./Core/Src/gpio.o
                0x08000b38                MX_GPIO_Init
 .text.main     0x08000cd4       0x44 ./Core/Src/main.o
                0x08000cd4                main
 .text.SystemClock_Config
                0x08000d18       0xd4 ./Core/Src/main.o
                0x08000d18                SystemClock_Config
 .text.HAL_UART_RxCpltCallback
                0x08000dec       0x5c ./Core/Src/main.o
                0x08000dec                HAL_UART_RxCpltCallback
 .text.HAL_TIM_IC_CaptureCallback
                0x08000e48       0x74 ./Core/Src/main.o
                0x08000e48                HAL_TIM_IC_CaptureCallback
 .text.Error_Handler
                0x08000ebc        0xc ./Core/Src/main.o
                0x08000ebc                Error_Handler
 .text.HAL_MspInit
                0x08000ec8       0x58 ./Core/Src/stm32f4xx_hal_msp.o
                0x08000ec8                HAL_MspInit
 .text.NMI_Handler
                0x08000f20        0x8 ./Core/Src/stm32f4xx_it.o
                0x08000f20                NMI_Handler
 .text.HardFault_Handler
                0x08000f28        0x8 ./Core/Src/stm32f4xx_it.o
                0x08000f28                HardFault_Handler
 .text.MemManage_Handler
                0x08000f30        0x8 ./Core/Src/stm32f4xx_it.o
                0x08000f30                MemManage_Handler
 .text.BusFault_Handler
                0x08000f38        0x8 ./Core/Src/stm32f4xx_it.o
                0x08000f38                BusFault_Handler
 .text.UsageFault_Handler
                0x08000f40        0x8 ./Core/Src/stm32f4xx_it.o
                0x08000f40                UsageFault_Handler
 .text.DebugMon_Handler
                0x08000f48        0xe ./Core/Src/stm32f4xx_it.o
                0x08000f48                DebugMon_Handler
 .text.SysTick_Handler
                0x08000f56       0x1a ./Core/Src/stm32f4xx_it.o
                0x08000f56                SysTick_Handler
 .text.DMA1_Stream5_IRQHandler
                0x08000f70       0x14 ./Core/Src/stm32f4xx_it.o
                0x08000f70                DMA1_Stream5_IRQHandler
 .text.DMA1_Stream6_IRQHandler
                0x08000f84       0x14 ./Core/Src/stm32f4xx_it.o
                0x08000f84                DMA1_Stream6_IRQHandler
 .text.TIM1_UP_TIM10_IRQHandler
                0x08000f98       0x14 ./Core/Src/stm32f4xx_it.o
                0x08000f98                TIM1_UP_TIM10_IRQHandler
 .text.TIM2_IRQHandler
                0x08000fac       0x14 ./Core/Src/stm32f4xx_it.o
                0x08000fac                TIM2_IRQHandler
 .text.TIM3_IRQHandler
                0x08000fc0       0x14 ./Core/Src/stm32f4xx_it.o
                0x08000fc0                TIM3_IRQHandler
 .text.TIM4_IRQHandler
                0x08000fd4       0x14 ./Core/Src/stm32f4xx_it.o
                0x08000fd4                TIM4_IRQHandler
 .text.USART2_IRQHandler
                0x08000fe8       0x14 ./Core/Src/stm32f4xx_it.o
                0x08000fe8                USART2_IRQHandler
 .text.USART3_IRQHandler
                0x08000ffc       0x14 ./Core/Src/stm32f4xx_it.o
                0x08000ffc                USART3_IRQHandler
 .text._sbrk    0x08001010       0x6c ./Core/Src/sysmem.o
                0x08001010                _sbrk
 .text.SystemInit
                0x0800107c       0x24 ./Core/Src/system_stm32f4xx.o
                0x0800107c                SystemInit
 .text.MX_TIM1_Init
                0x080010a0       0xb0 ./Core/Src/tim.o
                0x080010a0                MX_TIM1_Init
 .text.MX_TIM2_Init
                0x08001150       0xa8 ./Core/Src/tim.o
                0x08001150                MX_TIM2_Init
 .text.MX_TIM3_Init
                0x080011f8       0xa8 ./Core/Src/tim.o
                0x080011f8                MX_TIM3_Init
 .text.MX_TIM4_Init
                0x080012a0       0xa8 ./Core/Src/tim.o
                0x080012a0                MX_TIM4_Init
 .text.MX_TIM8_Init
                0x08001348      0x1a8 ./Core/Src/tim.o
                0x08001348                MX_TIM8_Init
 .text.HAL_TIM_Encoder_MspInit
                0x080014f0      0x20c ./Core/Src/tim.o
                0x080014f0                HAL_TIM_Encoder_MspInit
 .text.HAL_TIM_Base_MspInit
                0x080016fc       0x44 ./Core/Src/tim.o
                0x080016fc                HAL_TIM_Base_MspInit
 .text.HAL_TIM_MspPostInit
                0x08001740       0x74 ./Core/Src/tim.o
                0x08001740                HAL_TIM_MspPostInit
 .text.MX_USART2_UART_Init
                0x080017b4       0x54 ./Core/Src/usart.o
                0x080017b4                MX_USART2_UART_Init
 .text.MX_USART3_UART_Init
                0x08001808       0x54 ./Core/Src/usart.o
                0x08001808                MX_USART3_UART_Init
 .text.HAL_UART_MspInit
                0x0800185c      0x228 ./Core/Src/usart.o
                0x0800185c                HAL_UART_MspInit
 .text.Reset_Handler
                0x08001a84       0x50 ./Core/Startup/startup_stm32f407zgtx.o
                0x08001a84                Reset_Handler
 .text.Default_Handler
                0x08001ad4        0x2 ./Core/Startup/startup_stm32f407zgtx.o
                0x08001ad4                RTC_Alarm_IRQHandler
                0x08001ad4                HASH_RNG_IRQHandler
                0x08001ad4                EXTI2_IRQHandler
                0x08001ad4                TIM8_CC_IRQHandler
                0x08001ad4                TIM1_CC_IRQHandler
                0x08001ad4                DMA2_Stream5_IRQHandler
                0x08001ad4                PVD_IRQHandler
                0x08001ad4                SDIO_IRQHandler
                0x08001ad4                TAMP_STAMP_IRQHandler
                0x08001ad4                CAN2_RX1_IRQHandler
                0x08001ad4                EXTI3_IRQHandler
                0x08001ad4                TIM8_TRG_COM_TIM14_IRQHandler
                0x08001ad4                TIM8_UP_TIM13_IRQHandler
                0x08001ad4                I2C3_ER_IRQHandler
                0x08001ad4                EXTI0_IRQHandler
                0x08001ad4                I2C2_EV_IRQHandler
                0x08001ad4                DMA1_Stream2_IRQHandler
                0x08001ad4                CAN1_RX0_IRQHandler
                0x08001ad4                FPU_IRQHandler
                0x08001ad4                OTG_HS_WKUP_IRQHandler
                0x08001ad4                CAN2_SCE_IRQHandler
                0x08001ad4                DMA2_Stream2_IRQHandler
                0x08001ad4                SPI1_IRQHandler
                0x08001ad4                TIM6_DAC_IRQHandler
                0x08001ad4                TIM1_BRK_TIM9_IRQHandler
                0x08001ad4                DCMI_IRQHandler
                0x08001ad4                CAN2_RX0_IRQHandler
                0x08001ad4                DMA2_Stream3_IRQHandler
                0x08001ad4                USART6_IRQHandler
                0x08001ad4                CAN1_RX1_IRQHandler
                0x08001ad4                UART5_IRQHandler
                0x08001ad4                DMA2_Stream0_IRQHandler
                0x08001ad4                I2C1_EV_IRQHandler
                0x08001ad4                DMA1_Stream1_IRQHandler
                0x08001ad4                UART4_IRQHandler
                0x08001ad4                RCC_IRQHandler
                0x08001ad4                TIM8_BRK_TIM12_IRQHandler
                0x08001ad4                Default_Handler
                0x08001ad4                EXTI15_10_IRQHandler
                0x08001ad4                ADC_IRQHandler
                0x08001ad4                DMA1_Stream7_IRQHandler
                0x08001ad4                TIM7_IRQHandler
                0x08001ad4                CAN2_TX_IRQHandler
                0x08001ad4                TIM5_IRQHandler
                0x08001ad4                DMA2_Stream7_IRQHandler
                0x08001ad4                I2C3_EV_IRQHandler
                0x08001ad4                EXTI9_5_IRQHandler
                0x08001ad4                RTC_WKUP_IRQHandler
                0x08001ad4                ETH_WKUP_IRQHandler
                0x08001ad4                SPI2_IRQHandler
                0x08001ad4                OTG_HS_EP1_IN_IRQHandler
                0x08001ad4                DMA1_Stream0_IRQHandler
                0x08001ad4                CAN1_TX_IRQHandler
                0x08001ad4                EXTI4_IRQHandler
                0x08001ad4                FSMC_IRQHandler
                0x08001ad4                ETH_IRQHandler
                0x08001ad4                OTG_HS_EP1_OUT_IRQHandler
                0x08001ad4                WWDG_IRQHandler
                0x08001ad4                OTG_FS_WKUP_IRQHandler
                0x08001ad4                TIM1_TRG_COM_TIM11_IRQHandler
                0x08001ad4                OTG_HS_IRQHandler
                0x08001ad4                EXTI1_IRQHandler
                0x08001ad4                I2C2_ER_IRQHandler
                0x08001ad4                DMA2_Stream1_IRQHandler
                0x08001ad4                CAN1_SCE_IRQHandler
                0x08001ad4                FLASH_IRQHandler
                0x08001ad4                DMA2_Stream4_IRQHandler
                0x08001ad4                USART1_IRQHandler
                0x08001ad4                OTG_FS_IRQHandler
                0x08001ad4                SPI3_IRQHandler
                0x08001ad4                DMA1_Stream4_IRQHandler
                0x08001ad4                I2C1_ER_IRQHandler
                0x08001ad4                DMA2_Stream6_IRQHandler
                0x08001ad4                DMA1_Stream3_IRQHandler
 *fill*         0x08001ad6        0x2 
 .text.Motor_SetPWM
                0x08001ad8      0x170 ./Drivers/BSP/Src/motor.o
 .text.Motor_Init
                0x08001c48      0x1a0 ./Drivers/BSP/Src/motor.o
                0x08001c48                Motor_Init
 .text.Motor_SetDirection
                0x08001de8       0xe4 ./Drivers/BSP/Src/motor.o
                0x08001de8                Motor_SetDirection
 .text.Motor_SetSpeed
                0x08001ecc       0xf4 ./Drivers/BSP/Src/motor.o
                0x08001ecc                Motor_SetSpeed
 .text.Motor_Stop
                0x08001fc0       0x44 ./Drivers/BSP/Src/motor.o
                0x08001fc0                Motor_Stop
 .text.Motor_LimitSpeed
                0x08002004       0x3c ./Drivers/BSP/Src/motor.o
                0x08002004                Motor_LimitSpeed
 .text.Chassis_Stop
                0x08002040       0x2c ./Drivers/BSP/Src/motor.o
                0x08002040                Chassis_Stop
 .text.Encoder_GetSpeed
                0x0800206c       0x5c ./Drivers/BSP/Src/motor.o
                0x0800206c                Encoder_GetSpeed
 .text.Encoder_Update
                0x080020c8       0x84 ./Drivers/BSP/Src/motor.o
                0x080020c8                Encoder_Update
 .text.Encoder_CalculateSpeed
                0x0800214c      0x118 ./Drivers/BSP/Src/motor.o
                0x0800214c                Encoder_CalculateSpeed
 .text.Encoder_GetRPM
                0x08002264       0x44 ./Drivers/BSP/Src/motor.o
                0x08002264                Encoder_GetRPM
 .text.Encoder_GetAllRPM
                0x080022a8       0x6a ./Drivers/BSP/Src/motor.o
                0x080022a8                Encoder_GetAllRPM
 *fill*         0x08002312        0x2 
 .text.HAL_Init
                0x08002314       0x44 ./Drivers/STM32F4xx_HAL_Driver/Src/stm32f4xx_hal.o
                0x08002314                HAL_Init
 .text.HAL_InitTick
                0x08002358       0x60 ./Drivers/STM32F4xx_HAL_Driver/Src/stm32f4xx_hal.o
                0x08002358                HAL_InitTick
 .text.HAL_IncTick
                0x080023b8       0x28 ./Drivers/STM32F4xx_HAL_Driver/Src/stm32f4xx_hal.o
                0x080023b8                HAL_IncTick
 .text.HAL_GetTick
                0x080023e0       0x18 ./Drivers/STM32F4xx_HAL_Driver/Src/stm32f4xx_hal.o
                0x080023e0                HAL_GetTick
 .text.HAL_ADC_Init
                0x080023f8       0x86 ./Drivers/STM32F4xx_HAL_Driver/Src/stm32f4xx_hal_adc.o
                0x080023f8                HAL_ADC_Init
 *fill*         0x0800247e        0x2 
 .text.HAL_ADC_Start
                0x08002480      0x1a4 ./Drivers/STM32F4xx_HAL_Driver/Src/stm32f4xx_hal_adc.o
                0x08002480                HAL_ADC_Start
 .text.HAL_ADC_PollForConversion
                0x08002624      0x116 ./Drivers/STM32F4xx_HAL_Driver/Src/stm32f4xx_hal_adc.o
                0x08002624                HAL_ADC_PollForConversion
 .text.HAL_ADC_GetValue
                0x0800273a       0x1a ./Drivers/STM32F4xx_HAL_Driver/Src/stm32f4xx_hal_adc.o
                0x0800273a                HAL_ADC_GetValue
 .text.HAL_ADC_ConfigChannel
                0x08002754      0x244 ./Drivers/STM32F4xx_HAL_Driver/Src/stm32f4xx_hal_adc.o
                0x08002754                HAL_ADC_ConfigChannel
 .text.ADC_Init
                0x08002998      0x1f8 ./Drivers/STM32F4xx_HAL_Driver/Src/stm32f4xx_hal_adc.o
 .text.HAL_ADCEx_InjectedConfigChannel
                0x08002b90      0x32c ./Drivers/STM32F4xx_HAL_Driver/Src/stm32f4xx_hal_adc_ex.o
                0x08002b90                HAL_ADCEx_InjectedConfigChannel
 .text.__NVIC_SetPriorityGrouping
                0x08002ebc       0x48 ./Drivers/STM32F4xx_HAL_Driver/Src/stm32f4xx_hal_cortex.o
 .text.__NVIC_GetPriorityGrouping
                0x08002f04       0x1c ./Drivers/STM32F4xx_HAL_Driver/Src/stm32f4xx_hal_cortex.o
 .text.__NVIC_EnableIRQ
                0x08002f20       0x3c ./Drivers/STM32F4xx_HAL_Driver/Src/stm32f4xx_hal_cortex.o
 .text.__NVIC_SetPriority
                0x08002f5c       0x54 ./Drivers/STM32F4xx_HAL_Driver/Src/stm32f4xx_hal_cortex.o
 .text.NVIC_EncodePriority
                0x08002fb0       0x66 ./Drivers/STM32F4xx_HAL_Driver/Src/stm32f4xx_hal_cortex.o
 *fill*         0x08003016        0x2 
 .text.SysTick_Config
                0x08003018       0x44 ./Drivers/STM32F4xx_HAL_Driver/Src/stm32f4xx_hal_cortex.o
 .text.HAL_NVIC_SetPriorityGrouping
                0x0800305c       0x16 ./Drivers/STM32F4xx_HAL_Driver/Src/stm32f4xx_hal_cortex.o
                0x0800305c                HAL_NVIC_SetPriorityGrouping
 .text.HAL_NVIC_SetPriority
                0x08003072       0x38 ./Drivers/STM32F4xx_HAL_Driver/Src/stm32f4xx_hal_cortex.o
                0x08003072                HAL_NVIC_SetPriority
 .text.HAL_NVIC_EnableIRQ
                0x080030aa       0x1c ./Drivers/STM32F4xx_HAL_Driver/Src/stm32f4xx_hal_cortex.o
                0x080030aa                HAL_NVIC_EnableIRQ
 .text.HAL_SYSTICK_Config
                0x080030c6       0x18 ./Drivers/STM32F4xx_HAL_Driver/Src/stm32f4xx_hal_cortex.o
                0x080030c6                HAL_SYSTICK_Config
 *fill*         0x080030de        0x2 
 .text.HAL_DMA_Init
                0x080030e0      0x15c ./Drivers/STM32F4xx_HAL_Driver/Src/stm32f4xx_hal_dma.o
                0x080030e0                HAL_DMA_Init
 .text.HAL_DMA_Abort
                0x0800323c       0xe0 ./Drivers/STM32F4xx_HAL_Driver/Src/stm32f4xx_hal_dma.o
                0x0800323c                HAL_DMA_Abort
 .text.HAL_DMA_Abort_IT
                0x0800331c       0x44 ./Drivers/STM32F4xx_HAL_Driver/Src/stm32f4xx_hal_dma.o
                0x0800331c                HAL_DMA_Abort_IT
 .text.HAL_DMA_IRQHandler
                0x08003360      0x314 ./Drivers/STM32F4xx_HAL_Driver/Src/stm32f4xx_hal_dma.o
                0x08003360                HAL_DMA_IRQHandler
 .text.DMA_CalcBaseAndBitshift
                0x08003674       0x6c ./Drivers/STM32F4xx_HAL_Driver/Src/stm32f4xx_hal_dma.o
 .text.DMA_CheckFifoParam
                0x080036e0       0xf8 ./Drivers/STM32F4xx_HAL_Driver/Src/stm32f4xx_hal_dma.o
 .text.HAL_GPIO_Init
                0x080037d8      0x338 ./Drivers/STM32F4xx_HAL_Driver/Src/stm32f4xx_hal_gpio.o
                0x080037d8                HAL_GPIO_Init
 .text.HAL_GPIO_WritePin
                0x08003b10       0x32 ./Drivers/STM32F4xx_HAL_Driver/Src/stm32f4xx_hal_gpio.o
                0x08003b10                HAL_GPIO_WritePin
 .text.HAL_GPIO_TogglePin
                0x08003b42       0x34 ./Drivers/STM32F4xx_HAL_Driver/Src/stm32f4xx_hal_gpio.o
                0x08003b42                HAL_GPIO_TogglePin
 *fill*         0x08003b76        0x2 
 .text.HAL_RCC_OscConfig
                0x08003b78      0x4f0 ./Drivers/STM32F4xx_HAL_Driver/Src/stm32f4xx_hal_rcc.o
                0x08003b78                HAL_RCC_OscConfig
 .text.HAL_RCC_ClockConfig
                0x08004068      0x1cc ./Drivers/STM32F4xx_HAL_Driver/Src/stm32f4xx_hal_rcc.o
                0x08004068                HAL_RCC_ClockConfig
 .text.HAL_RCC_GetSysClockFreq
                0x08004234      0x20c ./Drivers/STM32F4xx_HAL_Driver/Src/stm32f4xx_hal_rcc.o
                0x08004234                HAL_RCC_GetSysClockFreq
 .text.HAL_RCC_GetHCLKFreq
                0x08004440       0x18 ./Drivers/STM32F4xx_HAL_Driver/Src/stm32f4xx_hal_rcc.o
                0x08004440                HAL_RCC_GetHCLKFreq
 .text.HAL_RCC_GetPCLK1Freq
                0x08004458       0x28 ./Drivers/STM32F4xx_HAL_Driver/Src/stm32f4xx_hal_rcc.o
                0x08004458                HAL_RCC_GetPCLK1Freq
 .text.HAL_RCC_GetPCLK2Freq
                0x08004480       0x28 ./Drivers/STM32F4xx_HAL_Driver/Src/stm32f4xx_hal_rcc.o
                0x08004480                HAL_RCC_GetPCLK2Freq
 .text.HAL_TIM_Base_Init
                0x080044a8       0x9e ./Drivers/STM32F4xx_HAL_Driver/Src/stm32f4xx_hal_tim.o
                0x080044a8                HAL_TIM_Base_Init
 .text.HAL_TIM_PWM_Init
                0x08004546       0x9e ./Drivers/STM32F4xx_HAL_Driver/Src/stm32f4xx_hal_tim.o
                0x08004546                HAL_TIM_PWM_Init
 .text.HAL_TIM_PWM_MspInit
                0x080045e4       0x14 ./Drivers/STM32F4xx_HAL_Driver/Src/stm32f4xx_hal_tim.o
                0x080045e4                HAL_TIM_PWM_MspInit
 .text.HAL_TIM_PWM_Start
                0x080045f8      0x190 ./Drivers/STM32F4xx_HAL_Driver/Src/stm32f4xx_hal_tim.o
                0x080045f8                HAL_TIM_PWM_Start
 .text.HAL_TIM_Encoder_Init
                0x08004788      0x14c ./Drivers/STM32F4xx_HAL_Driver/Src/stm32f4xx_hal_tim.o
                0x08004788                HAL_TIM_Encoder_Init
 .text.HAL_TIM_Encoder_Start
                0x080048d4      0x11c ./Drivers/STM32F4xx_HAL_Driver/Src/stm32f4xx_hal_tim.o
                0x080048d4                HAL_TIM_Encoder_Start
 .text.HAL_TIM_IRQHandler
                0x080049f0      0x1e0 ./Drivers/STM32F4xx_HAL_Driver/Src/stm32f4xx_hal_tim.o
                0x080049f0                HAL_TIM_IRQHandler
 .text.HAL_TIM_PWM_ConfigChannel
                0x08004bd0      0x184 ./Drivers/STM32F4xx_HAL_Driver/Src/stm32f4xx_hal_tim.o
                0x08004bd0                HAL_TIM_PWM_ConfigChannel
 .text.HAL_TIM_ConfigClockSource
                0x08004d54      0x18e ./Drivers/STM32F4xx_HAL_Driver/Src/stm32f4xx_hal_tim.o
                0x08004d54                HAL_TIM_ConfigClockSource
 .text.HAL_TIM_PeriodElapsedCallback
                0x08004ee2       0x14 ./Drivers/STM32F4xx_HAL_Driver/Src/stm32f4xx_hal_tim.o
                0x08004ee2                HAL_TIM_PeriodElapsedCallback
 .text.HAL_TIM_OC_DelayElapsedCallback
                0x08004ef6       0x14 ./Drivers/STM32F4xx_HAL_Driver/Src/stm32f4xx_hal_tim.o
                0x08004ef6                HAL_TIM_OC_DelayElapsedCallback
 .text.HAL_TIM_PWM_PulseFinishedCallback
                0x08004f0a       0x14 ./Drivers/STM32F4xx_HAL_Driver/Src/stm32f4xx_hal_tim.o
                0x08004f0a                HAL_TIM_PWM_PulseFinishedCallback
 .text.HAL_TIM_TriggerCallback
                0x08004f1e       0x14 ./Drivers/STM32F4xx_HAL_Driver/Src/stm32f4xx_hal_tim.o
                0x08004f1e                HAL_TIM_TriggerCallback
 *fill*         0x08004f32        0x2 
 .text.TIM_Base_SetConfig
                0x08004f34      0x14c ./Drivers/STM32F4xx_HAL_Driver/Src/stm32f4xx_hal_tim.o
                0x08004f34                TIM_Base_SetConfig
 .text.TIM_OC1_SetConfig
                0x08005080       0xe0 ./Drivers/STM32F4xx_HAL_Driver/Src/stm32f4xx_hal_tim.o
 .text.TIM_OC2_SetConfig
                0x08005160       0xec ./Drivers/STM32F4xx_HAL_Driver/Src/stm32f4xx_hal_tim.o
                0x08005160                TIM_OC2_SetConfig
 .text.TIM_OC3_SetConfig
                0x0800524c       0xe8 ./Drivers/STM32F4xx_HAL_Driver/Src/stm32f4xx_hal_tim.o
 .text.TIM_OC4_SetConfig
                0x08005334       0xac ./Drivers/STM32F4xx_HAL_Driver/Src/stm32f4xx_hal_tim.o
 .text.TIM_TI1_ConfigInputStage
                0x080053e0       0x5e ./Drivers/STM32F4xx_HAL_Driver/Src/stm32f4xx_hal_tim.o
 .text.TIM_TI2_ConfigInputStage
                0x0800543e       0x60 ./Drivers/STM32F4xx_HAL_Driver/Src/stm32f4xx_hal_tim.o
 .text.TIM_ITRx_SetConfig
                0x0800549e       0x36 ./Drivers/STM32F4xx_HAL_Driver/Src/stm32f4xx_hal_tim.o
 .text.TIM_ETR_SetConfig
                0x080054d4       0x40 ./Drivers/STM32F4xx_HAL_Driver/Src/stm32f4xx_hal_tim.o
                0x080054d4                TIM_ETR_SetConfig
 .text.TIM_CCxChannelCmd
                0x08005514       0x4a ./Drivers/STM32F4xx_HAL_Driver/Src/stm32f4xx_hal_tim.o
                0x08005514                TIM_CCxChannelCmd
 *fill*         0x0800555e        0x2 
 .text.HAL_TIMEx_MasterConfigSynchronization
                0x08005560       0xf8 ./Drivers/STM32F4xx_HAL_Driver/Src/stm32f4xx_hal_tim_ex.o
                0x08005560                HAL_TIMEx_MasterConfigSynchronization
 .text.HAL_TIMEx_ConfigBreakDeadTime
                0x08005658       0xa4 ./Drivers/STM32F4xx_HAL_Driver/Src/stm32f4xx_hal_tim_ex.o
                0x08005658                HAL_TIMEx_ConfigBreakDeadTime
 .text.HAL_TIMEx_CommutCallback
                0x080056fc       0x14 ./Drivers/STM32F4xx_HAL_Driver/Src/stm32f4xx_hal_tim_ex.o
                0x080056fc                HAL_TIMEx_CommutCallback
 .text.HAL_TIMEx_BreakCallback
                0x08005710       0x14 ./Drivers/STM32F4xx_HAL_Driver/Src/stm32f4xx_hal_tim_ex.o
                0x08005710                HAL_TIMEx_BreakCallback
 .text.HAL_UART_Init
                0x08005724       0xa0 ./Drivers/STM32F4xx_HAL_Driver/Src/stm32f4xx_hal_uart.o
                0x08005724                HAL_UART_Init
 .text.HAL_UART_Transmit
                0x080057c4      0x116 ./Drivers/STM32F4xx_HAL_Driver/Src/stm32f4xx_hal_uart.o
                0x080057c4                HAL_UART_Transmit
 .text.HAL_UART_Receive
                0x080058da      0x12e ./Drivers/STM32F4xx_HAL_Driver/Src/stm32f4xx_hal_uart.o
                0x080058da                HAL_UART_Receive
 .text.HAL_UART_Receive_IT
                0x08005a08       0x4a ./Drivers/STM32F4xx_HAL_Driver/Src/stm32f4xx_hal_uart.o
                0x08005a08                HAL_UART_Receive_IT
 *fill*         0x08005a52        0x2 
 .text.HAL_UART_IRQHandler
                0x08005a54      0x554 ./Drivers/STM32F4xx_HAL_Driver/Src/stm32f4xx_hal_uart.o
                0x08005a54                HAL_UART_IRQHandler
 .text.HAL_UART_TxCpltCallback
                0x08005fa8       0x14 ./Drivers/STM32F4xx_HAL_Driver/Src/stm32f4xx_hal_uart.o
                0x08005fa8                HAL_UART_TxCpltCallback
 .text.HAL_UART_ErrorCallback
                0x08005fbc       0x14 ./Drivers/STM32F4xx_HAL_Driver/Src/stm32f4xx_hal_uart.o
                0x08005fbc                HAL_UART_ErrorCallback
 .text.HAL_UARTEx_RxEventCallback
                0x08005fd0       0x18 ./Drivers/STM32F4xx_HAL_Driver/Src/stm32f4xx_hal_uart.o
                0x08005fd0                HAL_UARTEx_RxEventCallback
 .text.UART_WaitOnFlagUntilTimeout
                0x08005fe8       0xb2 ./Drivers/STM32F4xx_HAL_Driver/Src/stm32f4xx_hal_uart.o
 .text.UART_Start_Receive_IT
                0x0800609a       0x74 ./Drivers/STM32F4xx_HAL_Driver/Src/stm32f4xx_hal_uart.o
                0x0800609a                UART_Start_Receive_IT
 .text.UART_EndRxTransfer
                0x0800610e       0xc6 ./Drivers/STM32F4xx_HAL_Driver/Src/stm32f4xx_hal_uart.o
 .text.UART_DMAAbortOnError
                0x080061d4       0x22 ./Drivers/STM32F4xx_HAL_Driver/Src/stm32f4xx_hal_uart.o
 .text.UART_Transmit_IT
                0x080061f6       0xa0 ./Drivers/STM32F4xx_HAL_Driver/Src/stm32f4xx_hal_uart.o
 .text.UART_EndTransmit_IT
                0x08006296       0x30 ./Drivers/STM32F4xx_HAL_Driver/Src/stm32f4xx_hal_uart.o
 .text.UART_Receive_IT
                0x080062c6      0x17c ./Drivers/STM32F4xx_HAL_Driver/Src/stm32f4xx_hal_uart.o
 *fill*         0x08006442        0x2 
 .text.UART_SetConfig
                0x08006444      0x4e8 ./Drivers/STM32F4xx_HAL_Driver/Src/stm32f4xx_hal_uart.o
 .text.__NVIC_SetPriority
                0x0800692c       0x54 ./Middlewares/Third_Party/FreeRTOS/Source/CMSIS_RTOS_V2/cmsis_os2.o
 .text.SVC_Setup
                0x08006980       0x12 ./Middlewares/Third_Party/FreeRTOS/Source/CMSIS_RTOS_V2/cmsis_os2.o
 *fill*         0x08006992        0x2 
 .text.osKernelInitialize
                0x08006994       0x48 ./Middlewares/Third_Party/FreeRTOS/Source/CMSIS_RTOS_V2/cmsis_os2.o
                0x08006994                osKernelInitialize
 .text.osKernelStart
                0x080069dc       0x4c ./Middlewares/Third_Party/FreeRTOS/Source/CMSIS_RTOS_V2/cmsis_os2.o
                0x080069dc                osKernelStart
 .text.osThreadNew
                0x08006a28      0x124 ./Middlewares/Third_Party/FreeRTOS/Source/CMSIS_RTOS_V2/cmsis_os2.o
                0x08006a28                osThreadNew
 .text.osDelay  0x08006b4c       0x36 ./Middlewares/Third_Party/FreeRTOS/Source/CMSIS_RTOS_V2/cmsis_os2.o
                0x08006b4c                osDelay
 .text.osSemaphoreNew
                0x08006b82      0x112 ./Middlewares/Third_Party/FreeRTOS/Source/CMSIS_RTOS_V2/cmsis_os2.o
                0x08006b82                osSemaphoreNew
 .text.osMessageQueueNew
                0x08006c94       0xe6 ./Middlewares/Third_Party/FreeRTOS/Source/CMSIS_RTOS_V2/cmsis_os2.o
                0x08006c94                osMessageQueueNew
 *fill*         0x08006d7a        0x2 
 .text.vApplicationGetIdleTaskMemory
                0x08006d7c       0x34 ./Middlewares/Third_Party/FreeRTOS/Source/CMSIS_RTOS_V2/cmsis_os2.o
                0x08006d7c                vApplicationGetIdleTaskMemory
 .text.vApplicationGetTimerTaskMemory
                0x08006db0       0x34 ./Middlewares/Third_Party/FreeRTOS/Source/CMSIS_RTOS_V2/cmsis_os2.o
                0x08006db0                vApplicationGetTimerTaskMemory
 .text.vListInitialise
                0x08006de4       0x40 ./Middlewares/Third_Party/FreeRTOS/Source/list.o
                0x08006de4                vListInitialise
 .text.vListInitialiseItem
                0x08006e24       0x1a ./Middlewares/Third_Party/FreeRTOS/Source/list.o
                0x08006e24                vListInitialiseItem
 .text.vListInsertEnd
                0x08006e3e       0x48 ./Middlewares/Third_Party/FreeRTOS/Source/list.o
                0x08006e3e                vListInsertEnd
 .text.vListInsert
                0x08006e86       0x72 ./Middlewares/Third_Party/FreeRTOS/Source/list.o
                0x08006e86                vListInsert
 .text.uxListRemove
                0x08006ef8       0x54 ./Middlewares/Third_Party/FreeRTOS/Source/list.o
                0x08006ef8                uxListRemove
 .text.xQueueGenericReset
                0x08006f4c       0xd4 ./Middlewares/Third_Party/FreeRTOS/Source/queue.o
                0x08006f4c                xQueueGenericReset
 .text.xQueueGenericCreateStatic
                0x08007020       0xfa ./Middlewares/Third_Party/FreeRTOS/Source/queue.o
                0x08007020                xQueueGenericCreateStatic
 .text.xQueueGenericCreate
                0x0800711a       0x76 ./Middlewares/Third_Party/FreeRTOS/Source/queue.o
                0x0800711a                xQueueGenericCreate
 .text.prvInitialiseNewQueue
                0x08007190       0x46 ./Middlewares/Third_Party/FreeRTOS/Source/queue.o
 .text.xQueueCreateCountingSemaphoreStatic
                0x080071d6       0x72 ./Middlewares/Third_Party/FreeRTOS/Source/queue.o
                0x080071d6                xQueueCreateCountingSemaphoreStatic
 .text.xQueueCreateCountingSemaphore
                0x08007248       0x6a ./Middlewares/Third_Party/FreeRTOS/Source/queue.o
                0x08007248                xQueueCreateCountingSemaphore
 *fill*         0x080072b2        0x2 
 .text.xQueueGenericSend
                0x080072b4      0x204 ./Middlewares/Third_Party/FreeRTOS/Source/queue.o
                0x080072b4                xQueueGenericSend
 .text.xQueueGenericSendFromISR
                0x080074b8      0x13c ./Middlewares/Third_Party/FreeRTOS/Source/queue.o
                0x080074b8                xQueueGenericSendFromISR
 .text.xQueueReceive
                0x080075f4      0x1c4 ./Middlewares/Third_Party/FreeRTOS/Source/queue.o
                0x080075f4                xQueueReceive
 .text.vQueueDelete
                0x080077b8       0x48 ./Middlewares/Third_Party/FreeRTOS/Source/queue.o
                0x080077b8                vQueueDelete
 .text.prvCopyDataToQueue
                0x08007800       0xd4 ./Middlewares/Third_Party/FreeRTOS/Source/queue.o
 .text.prvCopyDataFromQueue
                0x080078d4       0x4c ./Middlewares/Third_Party/FreeRTOS/Source/queue.o
 .text.prvUnlockQueue
                0x08007920       0xa4 ./Middlewares/Third_Party/FreeRTOS/Source/queue.o
 .text.prvIsQueueEmpty
                0x080079c4       0x2c ./Middlewares/Third_Party/FreeRTOS/Source/queue.o
 .text.prvIsQueueFull
                0x080079f0       0x30 ./Middlewares/Third_Party/FreeRTOS/Source/queue.o
 .text.vQueueAddToRegistry
                0x08007a20       0x54 ./Middlewares/Third_Party/FreeRTOS/Source/queue.o
                0x08007a20                vQueueAddToRegistry
 .text.vQueueUnregisterQueue
                0x08007a74       0x54 ./Middlewares/Third_Party/FreeRTOS/Source/queue.o
                0x08007a74                vQueueUnregisterQueue
 .text.vQueueWaitForMessageRestricted
                0x08007ac8       0x68 ./Middlewares/Third_Party/FreeRTOS/Source/queue.o
                0x08007ac8                vQueueWaitForMessageRestricted
 .text.xTaskCreateStatic
                0x08007b30       0xc0 ./Middlewares/Third_Party/FreeRTOS/Source/tasks.o
                0x08007b30                xTaskCreateStatic
 .text.xTaskCreate
                0x08007bf0       0x8a ./Middlewares/Third_Party/FreeRTOS/Source/tasks.o
                0x08007bf0                xTaskCreate
 .text.prvInitialiseNewTask
                0x08007c7a      0x120 ./Middlewares/Third_Party/FreeRTOS/Source/tasks.o
 *fill*         0x08007d9a        0x2 
 .text.prvAddNewTaskToReadyList
                0x08007d9c       0xe0 ./Middlewares/Third_Party/FreeRTOS/Source/tasks.o
 .text.vTaskDelay
                0x08007e7c       0x6c ./Middlewares/Third_Party/FreeRTOS/Source/tasks.o
                0x08007e7c                vTaskDelay
 .text.vTaskStartScheduler
                0x08007ee8       0xd0 ./Middlewares/Third_Party/FreeRTOS/Source/tasks.o
                0x08007ee8                vTaskStartScheduler
 .text.vTaskSuspendAll
                0x08007fb8       0x1c ./Middlewares/Third_Party/FreeRTOS/Source/tasks.o
                0x08007fb8                vTaskSuspendAll
 .text.xTaskResumeAll
                0x08007fd4      0x13c ./Middlewares/Third_Party/FreeRTOS/Source/tasks.o
                0x08007fd4                xTaskResumeAll
 .text.xTaskGetTickCount
                0x08008110       0x20 ./Middlewares/Third_Party/FreeRTOS/Source/tasks.o
                0x08008110                xTaskGetTickCount
 .text.xTaskIncrementTick
                0x08008130      0x174 ./Middlewares/Third_Party/FreeRTOS/Source/tasks.o
                0x08008130                xTaskIncrementTick
 .text.vTaskSwitchContext
                0x080082a4       0xbc ./Middlewares/Third_Party/FreeRTOS/Source/tasks.o
                0x080082a4                vTaskSwitchContext
 .text.vTaskPlaceOnEventList
                0x08008360       0x4c ./Middlewares/Third_Party/FreeRTOS/Source/tasks.o
                0x08008360                vTaskPlaceOnEventList
 .text.vTaskPlaceOnEventListRestricted
                0x080083ac       0x58 ./Middlewares/Third_Party/FreeRTOS/Source/tasks.o
                0x080083ac                vTaskPlaceOnEventListRestricted
 .text.xTaskRemoveFromEventList
                0x08008404       0xc8 ./Middlewares/Third_Party/FreeRTOS/Source/tasks.o
                0x08008404                xTaskRemoveFromEventList
 .text.vTaskInternalSetTimeOutState
                0x080084cc       0x2c ./Middlewares/Third_Party/FreeRTOS/Source/tasks.o
                0x080084cc                vTaskInternalSetTimeOutState
 .text.xTaskCheckForTimeOut
                0x080084f8       0xc8 ./Middlewares/Third_Party/FreeRTOS/Source/tasks.o
                0x080084f8                xTaskCheckForTimeOut
 .text.vTaskMissedYield
                0x080085c0       0x18 ./Middlewares/Third_Party/FreeRTOS/Source/tasks.o
                0x080085c0                vTaskMissedYield
 .text.prvIdleTask
                0x080085d8       0x30 ./Middlewares/Third_Party/FreeRTOS/Source/tasks.o
 .text.prvInitialiseTaskLists
                0x08008608       0x80 ./Middlewares/Third_Party/FreeRTOS/Source/tasks.o
 .text.prvCheckTasksWaitingTermination
                0x08008688       0x5c ./Middlewares/Third_Party/FreeRTOS/Source/tasks.o
 .text.prvDeleteTCB
                0x080086e4       0x60 ./Middlewares/Third_Party/FreeRTOS/Source/tasks.o
 .text.prvResetNextTaskUnblockTime
                0x08008744       0x40 ./Middlewares/Third_Party/FreeRTOS/Source/tasks.o
 .text.xTaskGetSchedulerState
                0x08008784       0x3c ./Middlewares/Third_Party/FreeRTOS/Source/tasks.o
                0x08008784                xTaskGetSchedulerState
 .text.xTaskPriorityDisinherit
                0x080087c0       0xe0 ./Middlewares/Third_Party/FreeRTOS/Source/tasks.o
                0x080087c0                xTaskPriorityDisinherit
 .text.prvAddCurrentTaskToDelayedList
                0x080088a0       0xa8 ./Middlewares/Third_Party/FreeRTOS/Source/tasks.o
 .text.xTimerCreateTimerTask
                0x08008948       0x94 ./Middlewares/Third_Party/FreeRTOS/Source/timers.o
                0x08008948                xTimerCreateTimerTask
 .text.xTimerGenericCommand
                0x080089dc       0x9c ./Middlewares/Third_Party/FreeRTOS/Source/timers.o
                0x080089dc                xTimerGenericCommand
 .text.prvProcessExpiredTimer
                0x08008a78       0x9c ./Middlewares/Third_Party/FreeRTOS/Source/timers.o
 .text.prvTimerTask
                0x08008b14       0x26 ./Middlewares/Third_Party/FreeRTOS/Source/timers.o
 *fill*         0x08008b3a        0x2 
 .text.prvProcessTimerOrBlockTask
                0x08008b3c       0x9c ./Middlewares/Third_Party/FreeRTOS/Source/timers.o
 .text.prvGetNextExpireTime
                0x08008bd8       0x48 ./Middlewares/Third_Party/FreeRTOS/Source/timers.o
 .text.prvSampleTimeNow
                0x08008c20       0x40 ./Middlewares/Third_Party/FreeRTOS/Source/timers.o
 .text.prvInsertTimerInActiveList
                0x08008c60       0x84 ./Middlewares/Third_Party/FreeRTOS/Source/timers.o
 .text.prvProcessReceivedCommands
                0x08008ce4      0x1cc ./Middlewares/Third_Party/FreeRTOS/Source/timers.o
 .text.prvSwitchTimerLists
                0x08008eb0       0xcc ./Middlewares/Third_Party/FreeRTOS/Source/timers.o
 .text.prvCheckForValidListAndQueue
                0x08008f7c       0x80 ./Middlewares/Third_Party/FreeRTOS/Source/timers.o
 .text.pxPortInitialiseStack
                0x08008ffc       0x68 ./Middlewares/Third_Party/FreeRTOS/Source/portable/GCC/ARM_CM4F/port.o
                0x08008ffc                pxPortInitialiseStack
 .text.prvTaskExitError
                0x08009064       0x5c ./Middlewares/Third_Party/FreeRTOS/Source/portable/GCC/ARM_CM4F/port.o
 .text.SVC_Handler
                0x080090c0       0x28 ./Middlewares/Third_Party/FreeRTOS/Source/portable/GCC/ARM_CM4F/port.o
                0x080090c0                SVC_Handler
 .text.prvPortStartFirstTask
                0x080090e8       0x28 ./Middlewares/Third_Party/FreeRTOS/Source/portable/GCC/ARM_CM4F/port.o
 .text.xPortStartScheduler
                0x08009110      0x148 ./Middlewares/Third_Party/FreeRTOS/Source/portable/GCC/ARM_CM4F/port.o
                0x08009110                xPortStartScheduler
 .text.vPortEnterCritical
                0x08009258       0x64 ./Middlewares/Third_Party/FreeRTOS/Source/portable/GCC/ARM_CM4F/port.o
                0x08009258                vPortEnterCritical
 .text.vPortExitCritical
                0x080092bc       0x54 ./Middlewares/Third_Party/FreeRTOS/Source/portable/GCC/ARM_CM4F/port.o
                0x080092bc                vPortExitCritical
 .text.PendSV_Handler
                0x08009310       0x68 ./Middlewares/Third_Party/FreeRTOS/Source/portable/GCC/ARM_CM4F/port.o
                0x08009310                PendSV_Handler
 .text.xPortSysTickHandler
                0x08009378       0x44 ./Middlewares/Third_Party/FreeRTOS/Source/portable/GCC/ARM_CM4F/port.o
                0x08009378                xPortSysTickHandler
 .text.vPortSetupTimerInterrupt
                0x080093bc       0x48 ./Middlewares/Third_Party/FreeRTOS/Source/portable/GCC/ARM_CM4F/port.o
                0x080093bc                vPortSetupTimerInterrupt
 .text.vPortEnableVFP
                0x08009404       0x14 ./Middlewares/Third_Party/FreeRTOS/Source/portable/GCC/ARM_CM4F/port.o
 .text.vPortValidateInterruptPriority
                0x08009418       0x84 ./Middlewares/Third_Party/FreeRTOS/Source/portable/GCC/ARM_CM4F/port.o
                0x08009418                vPortValidateInterruptPriority
 .text.pvPortMalloc
                0x0800949c      0x19c ./Middlewares/Third_Party/FreeRTOS/Source/portable/MemMang/heap_4.o
                0x0800949c                pvPortMalloc
 .text.vPortFree
                0x08009638       0xc8 ./Middlewares/Third_Party/FreeRTOS/Source/portable/MemMang/heap_4.o
                0x08009638                vPortFree
 .text.prvHeapInit
                0x08009700       0xc4 ./Middlewares/Third_Party/FreeRTOS/Source/portable/MemMang/heap_4.o
 .text.prvInsertBlockIntoFreeList
                0x080097c4       0xb4 ./Middlewares/Third_Party/FreeRTOS/Source/portable/MemMang/heap_4.o
 .text.sprintf  0x08009878       0x44 G:/STM32CubuIDE/STM32CubeIDE_2.1.1/STM32CubeIDE/plugins/com.st.stm32cube.ide.mcu.externaltools.gnu-tools-for-stm32.14.3.rel1.win32_1.0.100.202602081740/tools/bin/../lib/gcc/arm-none-eabi/14.3.1/../../../../arm-none-eabi/lib/thumb/v7e-m+fp/hard\libc_nano.a(libc_a-sprintf.o)
                0x08009878                siprintf
                0x08009878                sprintf
 .text.memset   0x080098bc       0x10 G:/STM32CubuIDE/STM32CubeIDE_2.1.1/STM32CubeIDE/plugins/com.st.stm32cube.ide.mcu.externaltools.gnu-tools-for-stm32.14.3.rel1.win32_1.0.100.202602081740/tools/bin/../lib/gcc/arm-none-eabi/14.3.1/../../../../arm-none-eabi/lib/thumb/v7e-m+fp/hard\libc_nano.a(libc_a-memset.o)
                0x080098bc                memset
 .text.__errno  0x080098cc        0xc G:/STM32CubuIDE/STM32CubeIDE_2.1.1/STM32CubeIDE/plugins/com.st.stm32cube.ide.mcu.externaltools.gnu-tools-for-stm32.14.3.rel1.win32_1.0.100.202602081740/tools/bin/../lib/gcc/arm-none-eabi/14.3.1/../../../../arm-none-eabi/lib/thumb/v7e-m+fp/hard\libc_nano.a(libc_a-errno.o)
                0x080098cc                __errno
 .text.__libc_init_array
                0x080098d8       0x48 G:/STM32CubuIDE/STM32CubeIDE_2.1.1/STM32CubeIDE/plugins/com.st.stm32cube.ide.mcu.externaltools.gnu-tools-for-stm32.14.3.rel1.win32_1.0.100.202602081740/tools/bin/../lib/gcc/arm-none-eabi/14.3.1/../../../../arm-none-eabi/lib/thumb/v7e-m+fp/hard\libc_nano.a(libc_a-init.o)
                0x080098d8                __libc_init_array
 .text.__retarget_lock_acquire_recursive
                0x08009920        0x2 G:/STM32CubuIDE/STM32CubeIDE_2.1.1/STM32CubeIDE/plugins/com.st.stm32cube.ide.mcu.externaltools.gnu-tools-for-stm32.14.3.rel1.win32_1.0.100.202602081740/tools/bin/../lib/gcc/arm-none-eabi/14.3.1/../../../../arm-none-eabi/lib/thumb/v7e-m+fp/hard\libc_nano.a(libc_a-lock.o)
                0x08009920                __retarget_lock_acquire_recursive
 .text.__retarget_lock_release_recursive
                0x08009922        0x2 G:/STM32CubuIDE/STM32CubeIDE_2.1.1/STM32CubeIDE/plugins/com.st.stm32cube.ide.mcu.externaltools.gnu-tools-for-stm32.14.3.rel1.win32_1.0.100.202602081740/tools/bin/../lib/gcc/arm-none-eabi/14.3.1/../../../../arm-none-eabi/lib/thumb/v7e-m+fp/hard\libc_nano.a(libc_a-lock.o)
                0x08009922                __retarget_lock_release_recursive
 .text.memcpy   0x08009924       0x1c G:/STM32CubuIDE/STM32CubeIDE_2.1.1/STM32CubeIDE/plugins/com.st.stm32cube.ide.mcu.externaltools.gnu-tools-for-stm32.14.3.rel1.win32_1.0.100.202602081740/tools/bin/../lib/gcc/arm-none-eabi/14.3.1/../../../../arm-none-eabi/lib/thumb/v7e-m+fp/hard\libc_nano.a(libc_a-memcpy-stub.o)
                0x08009924                memcpy
 .text._free_r  0x08009940       0x94 G:/STM32CubuIDE/STM32CubeIDE_2.1.1/STM32CubeIDE/plugins/com.st.stm32cube.ide.mcu.externaltools.gnu-tools-for-stm32.14.3.rel1.win32_1.0.100.202602081740/tools/bin/../lib/gcc/arm-none-eabi/14.3.1/../../../../arm-none-eabi/lib/thumb/v7e-m+fp/hard\libc_nano.a(libc_a-freer.o)
                0x08009940                _free_r
 .text.sbrk_aligned
                0x080099d4       0x44 G:/STM32CubuIDE/STM32CubeIDE_2.1.1/STM32CubeIDE/plugins/com.st.stm32cube.ide.mcu.externaltools.gnu-tools-for-stm32.14.3.rel1.win32_1.0.100.202602081740/tools/bin/../lib/gcc/arm-none-eabi/14.3.1/../../../../arm-none-eabi/lib/thumb/v7e-m+fp/hard\libc_nano.a(libc_a-mallocr.o)
 .text._malloc_r
                0x08009a18      0x100 G:/STM32CubuIDE/STM32CubeIDE_2.1.1/STM32CubeIDE/plugins/com.st.stm32cube.ide.mcu.externaltools.gnu-tools-for-stm32.14.3.rel1.win32_1.0.100.202602081740/tools/bin/../lib/gcc/arm-none-eabi/14.3.1/../../../../arm-none-eabi/lib/thumb/v7e-m+fp/hard\libc_nano.a(libc_a-mallocr.o)
                0x08009a18                _malloc_r
 .text.__malloc_lock
                0x08009b18        0xc G:/STM32CubuIDE/STM32CubeIDE_2.1.1/STM32CubeIDE/plugins/com.st.stm32cube.ide.mcu.externaltools.gnu-tools-for-stm32.14.3.rel1.win32_1.0.100.202602081740/tools/bin/../lib/gcc/arm-none-eabi/14.3.1/../../../../arm-none-eabi/lib/thumb/v7e-m+fp/hard\libc_nano.a(libc_a-mlock.o)
                0x08009b18                __malloc_lock
 .text.__malloc_unlock
                0x08009b24        0xc G:/STM32CubuIDE/STM32CubeIDE_2.1.1/STM32CubeIDE/plugins/com.st.stm32cube.ide.mcu.externaltools.gnu-tools-for-stm32.14.3.rel1.win32_1.0.100.202602081740/tools/bin/../lib/gcc/arm-none-eabi/14.3.1/../../../../arm-none-eabi/lib/thumb/v7e-m+fp/hard\libc_nano.a(libc_a-mlock.o)
                0x08009b24                __malloc_unlock
 .text.__ssputs_r
                0x08009b30       0xc0 G:/STM32CubuIDE/STM32CubeIDE_2.1.1/STM32CubeIDE/plugins/com.st.stm32cube.ide.mcu.externaltools.gnu-tools-for-stm32.14.3.rel1.win32_1.0.100.202602081740/tools/bin/../lib/gcc/arm-none-eabi/14.3.1/../../../../arm-none-eabi/lib/thumb/v7e-m+fp/hard\libc_nano.a(libc_a-nano-svfprintf.o)
                0x08009b30                __ssputs_r
 .text._svfprintf_r
                0x08009bf0      0x1f0 G:/STM32CubuIDE/STM32CubeIDE_2.1.1/STM32CubeIDE/plugins/com.st.stm32cube.ide.mcu.externaltools.gnu-tools-for-stm32.14.3.rel1.win32_1.0.100.202602081740/tools/bin/../lib/gcc/arm-none-eabi/14.3.1/../../../../arm-none-eabi/lib/thumb/v7e-m+fp/hard\libc_nano.a(libc_a-nano-svfprintf.o)
                0x08009bf0                _svfiprintf_r
                0x08009bf0                _svfprintf_r
 .text._printf_common
                0x08009de0       0xda G:/STM32CubuIDE/STM32CubeIDE_2.1.1/STM32CubeIDE/plugins/com.st.stm32cube.ide.mcu.externaltools.gnu-tools-for-stm32.14.3.rel1.win32_1.0.100.202602081740/tools/bin/../lib/gcc/arm-none-eabi/14.3.1/../../../../arm-none-eabi/lib/thumb/v7e-m+fp/hard\libc_nano.a(libc_a-nano-vfprintf_i.o)
                0x08009de0                _printf_common
 *fill*         0x08009eba        0x2 
 .text._printf_i
                0x08009ebc      0x24c G:/STM32CubuIDE/STM32CubeIDE_2.1.1/STM32CubeIDE/plugins/com.st.stm32cube.ide.mcu.externaltools.gnu-tools-for-stm32.14.3.rel1.win32_1.0.100.202602081740/tools/bin/../lib/gcc/arm-none-eabi/14.3.1/../../../../arm-none-eabi/lib/thumb/v7e-m+fp/hard\libc_nano.a(libc_a-nano-vfprintf_i.o)
                0x08009ebc                _printf_i
 .text.memmove  0x0800a108       0x32 G:/STM32CubuIDE/STM32CubeIDE_2.1.1/STM32CubeIDE/plugins/com.st.stm32cube.ide.mcu.externaltools.gnu-tools-for-stm32.14.3.rel1.win32_1.0.100.202602081740/tools/bin/../lib/gcc/arm-none-eabi/14.3.1/../../../../arm-none-eabi/lib/thumb/v7e-m+fp/hard\libc_nano.a(libc_a-memmove.o)
                0x0800a108                memmove
 *fill*         0x0800a13a        0x2 
 .text._sbrk_r  0x0800a13c       0x20 G:/STM32CubuIDE/STM32CubeIDE_2.1.1/STM32CubeIDE/plugins/com.st.stm32cube.ide.mcu.externaltools.gnu-tools-for-stm32.14.3.rel1.win32_1.0.100.202602081740/tools/bin/../lib/gcc/arm-none-eabi/14.3.1/../../../../arm-none-eabi/lib/thumb/v7e-m+fp/hard\libc_nano.a(libc_a-sbrkr.o)
                0x0800a13c                _sbrk_r
 .text._realloc_r
                0x0800a15c       0x5c G:/STM32CubuIDE/STM32CubeIDE_2.1.1/STM32CubeIDE/plugins/com.st.stm32cube.ide.mcu.externaltools.gnu-tools-for-stm32.14.3.rel1.win32_1.0.100.202602081740/tools/bin/../lib/gcc/arm-none-eabi/14.3.1/../../../../arm-none-eabi/lib/thumb/v7e-m+fp/hard\libc_nano.a(libc_a-reallocr.o)
                0x0800a15c                _realloc_r
 .text._malloc_usable_size_r
                0x0800a1b8       0x10 G:/STM32CubuIDE/STM32CubeIDE_2.1.1/STM32CubeIDE/plugins/com.st.stm32cube.ide.mcu.externaltools.gnu-tools-for-stm32.14.3.rel1.win32_1.0.100.202602081740/tools/bin/../lib/gcc/arm-none-eabi/14.3.1/../../../../arm-none-eabi/lib/thumb/v7e-m+fp/hard\libc_nano.a(libc_a-msizer.o)
                0x0800a1b8                _malloc_usable_size_r
 *(.glue_7)
 .glue_7        0x0800a1c8        0x0 linker stubs
 *(.glue_7t)
 .glue_7t       0x0800a1c8        0x0 linker stubs
 *(.eh_frame)
 .eh_frame      0x0800a1c8        0x0 G:/STM32CubuIDE/STM32CubeIDE_2.1.1/STM32CubeIDE/plugins/com.st.stm32cube.ide.mcu.externaltools.gnu-tools-for-stm32.14.3.rel1.win32_1.0.100.202602081740/tools/bin/../lib/gcc/arm-none-eabi/14.3.1/thumb/v7e-m+fp/hard/crtbegin.o
 *(.init)
 .init          0x0800a1c8        0x4 G:/STM32CubuIDE/STM32CubeIDE_2.1.1/STM32CubeIDE/plugins/com.st.stm32cube.ide.mcu.externaltools.gnu-tools-for-stm32.14.3.rel1.win32_1.0.100.202602081740/tools/bin/../lib/gcc/arm-none-eabi/14.3.1/thumb/v7e-m+fp/hard/crti.o
                0x0800a1c8                _init
 .init          0x0800a1cc        0x8 G:/STM32CubuIDE/STM32CubeIDE_2.1.1/STM32CubeIDE/plugins/com.st.stm32cube.ide.mcu.externaltools.gnu-tools-for-stm32.14.3.rel1.win32_1.0.100.202602081740/tools/bin/../lib/gcc/arm-none-eabi/14.3.1/thumb/v7e-m+fp/hard/crtn.o
 *(.fini)
 .fini          0x0800a1d4        0x4 G:/STM32CubuIDE/STM32CubeIDE_2.1.1/STM32CubeIDE/plugins/com.st.stm32cube.ide.mcu.externaltools.gnu-tools-for-stm32.14.3.rel1.win32_1.0.100.202602081740/tools/bin/../lib/gcc/arm-none-eabi/14.3.1/thumb/v7e-m+fp/hard/crti.o
                0x0800a1d4                _fini
 .fini          0x0800a1d8        0x8 G:/STM32CubuIDE/STM32CubeIDE_2.1.1/STM32CubeIDE/plugins/com.st.stm32cube.ide.mcu.externaltools.gnu-tools-for-stm32.14.3.rel1.win32_1.0.100.202602081740/tools/bin/../lib/gcc/arm-none-eabi/14.3.1/thumb/v7e-m+fp/hard/crtn.o
                0x0800a1e0                        . = ALIGN (0x4)
                0x0800a1e0                        _etext = .

.vfp11_veneer   0x0800a1e0        0x0
 .vfp11_veneer  0x0800a1e0        0x0 linker stubs

.v4_bx          0x0800a1e0        0x0
 .v4_bx         0x0800a1e0        0x0 linker stubs

.iplt           0x0800a1e0        0x0
 .iplt          0x0800a1e0        0x0 G:/STM32CubuIDE/STM32CubeIDE_2.1.1/STM32CubeIDE/plugins/com.st.stm32cube.ide.mcu.externaltools.gnu-tools-for-stm32.14.3.rel1.win32_1.0.100.202602081740/tools/bin/../lib/gcc/arm-none-eabi/14.3.1/thumb/v7e-m+fp/hard/crtbegin.o

.rodata         0x0800a1e0      0x210
                0x0800a1e0                        . = ALIGN (0x4)
 *(.rodata)
 .rodata        0x0800a1e0       0xc4 ./Core/Src/freertos.o
 .rodata        0x0800a2a4        0x5 ./Middlewares/Third_Party/FreeRTOS/Source/tasks.o
 *fill*         0x0800a2a9        0x3 
 .rodata        0x0800a2ac        0xd ./Middlewares/Third_Party/FreeRTOS/Source/timers.o
 *(.rodata*)
 *fill*         0x0800a2b9        0x3 
 .rodata.VisionTask_attributes
                0x0800a2bc       0x24 ./Core/Src/freertos.o
                0x0800a2bc                VisionTask_attributes
 .rodata.MotionTask_attributes
                0x0800a2e0       0x24 ./Core/Src/freertos.o
                0x0800a2e0                MotionTask_attributes
 .rodata.StateTask_attributes
                0x0800a304       0x24 ./Core/Src/freertos.o
                0x0800a304                StateTask_attributes
 .rodata.DebugTask_attributes
                0x0800a328       0x24 ./Core/Src/freertos.o
                0x0800a328                DebugTask_attributes
 .rodata.VisionQueue_attributes
                0x0800a34c       0x18 ./Core/Src/freertos.o
                0x0800a34c                VisionQueue_attributes
 .rodata.CommandQueue_attributes
                0x0800a364       0x18 ./Core/Src/freertos.o
                0x0800a364                CommandQueue_attributes
 .rodata.VisionReadySem_attributes
                0x0800a37c       0x10 ./Core/Src/freertos.o
                0x0800a37c                VisionReadySem_attributes
 .rodata.myBinarySem02_attributes
                0x0800a38c       0x10 ./Core/Src/freertos.o
                0x0800a38c                myBinarySem02_attributes
 .rodata.AHBPrescTable
                0x0800a39c       0x10 ./Core/Src/system_stm32f4xx.o
                0x0800a39c                AHBPrescTable
 .rodata.APBPrescTable
                0x0800a3ac        0x8 ./Core/Src/system_stm32f4xx.o
                0x0800a3ac                APBPrescTable
 .rodata.flagBitshiftOffset.0
                0x0800a3b4        0x8 ./Drivers/STM32F4xx_HAL_Driver/Src/stm32f4xx_hal_dma.o
 .rodata._svfprintf_r.str1.1
                0x0800a3bc       0x33 G:/STM32CubuIDE/STM32CubeIDE_2.1.1/STM32CubeIDE/plugins/com.st.stm32cube.ide.mcu.externaltools.gnu-tools-for-stm32.14.3.rel1.win32_1.0.100.202602081740/tools/bin/../lib/gcc/arm-none-eabi/14.3.1/../../../../arm-none-eabi/lib/thumb/v7e-m+fp/hard\libc_nano.a(libc_a-nano-svfprintf.o)
                                 0x11 (size before relaxing)
 .rodata._printf_i.str1.1
                0x0800a3ef       0x22 G:/STM32CubuIDE/STM32CubeIDE_2.1.1/STM32CubeIDE/plugins/com.st.stm32cube.ide.mcu.externaltools.gnu-tools-for-stm32.14.3.rel1.win32_1.0.100.202602081740/tools/bin/../lib/gcc/arm-none-eabi/14.3.1/../../../../arm-none-eabi/lib/thumb/v7e-m+fp/hard\libc_nano.a(libc_a-nano-vfprintf_i.o)
                0x0800a414                        . = ALIGN (0x4)
 *fill*         0x0800a3ef        0x1 

.ARM.extab      0x0800a3f0        0x0
                0x0800a3f0                        . = ALIGN (0x4)
 *(.ARM.extab* .gnu.linkonce.armextab.*)
                0x0800a3f0                        . = ALIGN (0x4)

.ARM            0x0800a3f0        0x8
                0x0800a3f0                        . = ALIGN (0x4)
                0x0800a3f0                        __exidx_start = .
 *(.ARM.exidx*)
 .ARM.exidx     0x0800a3f0        0x8 G:/STM32CubuIDE/STM32CubeIDE_2.1.1/STM32CubeIDE/plugins/com.st.stm32cube.ide.mcu.externaltools.gnu-tools-for-stm32.14.3.rel1.win32_1.0.100.202602081740/tools/bin/../lib/gcc/arm-none-eabi/14.3.1/../../../../arm-none-eabi/lib/thumb/v7e-m+fp/hard\libc_nano.a(libc_a-strlen.o)
 .ARM.exidx     0x0800a3f8        0x0 G:/STM32CubuIDE/STM32CubeIDE_2.1.1/STM32CubeIDE/plugins/com.st.stm32cube.ide.mcu.externaltools.gnu-tools-for-stm32.14.3.rel1.win32_1.0.100.202602081740/tools/bin/../lib/gcc/arm-none-eabi/14.3.1/../../../../arm-none-eabi/lib/thumb/v7e-m+fp/hard\libc_nano.a(libc_a-memchr.o)
                                  0x8 (size before relaxing)
 .ARM.exidx     0x0800a3f8        0x0 G:/STM32CubuIDE/STM32CubeIDE_2.1.1/STM32CubeIDE/plugins/com.st.stm32cube.ide.mcu.externaltools.gnu-tools-for-stm32.14.3.rel1.win32_1.0.100.202602081740/tools/bin/../lib/gcc/arm-none-eabi/14.3.1/thumb/v7e-m+fp/hard\libgcc.a(_udivmoddi4.o)
                                  0x8 (size before relaxing)
                0x0800a3f8                        __exidx_end = .
                0x0800a3f8                        . = ALIGN (0x4)

.preinit_array  0x0800a3f8        0x0
                0x0800a3f8                        . = ALIGN (0x4)
                0x0800a3f8                        PROVIDE (__preinit_array_start = .)
 *(.preinit_array*)
                0x0800a3f8                        PROVIDE (__preinit_array_end = .)
                0x0800a3f8                        . = ALIGN (0x4)

.init_array     0x0800a3f8        0x4
                0x0800a3f8                        . = ALIGN (0x4)
                0x0800a3f8                        PROVIDE (__init_array_start = .)
 *(SORT_BY_NAME(.init_array.*))
 *(.init_array*)
 .init_array    0x0800a3f8        0x4 G:/STM32CubuIDE/STM32CubeIDE_2.1.1/STM32CubeIDE/plugins/com.st.stm32cube.ide.mcu.externaltools.gnu-tools-for-stm32.14.3.rel1.win32_1.0.100.202602081740/tools/bin/../lib/gcc/arm-none-eabi/14.3.1/thumb/v7e-m+fp/hard/crtbegin.o
                0x0800a3fc                        PROVIDE (__init_array_end = .)
                0x0800a3fc                        . = ALIGN (0x4)

.fini_array     0x0800a3fc        0x4
                0x0800a3fc                        . = ALIGN (0x4)
                [!provide]                        PROVIDE (__fini_array_start = .)
 *(SORT_BY_NAME(.fini_array.*))
 *(.fini_array*)
 .fini_array    0x0800a3fc        0x4 G:/STM32CubuIDE/STM32CubeIDE_2.1.1/STM32CubeIDE/plugins/com.st.stm32cube.ide.mcu.externaltools.gnu-tools-for-stm32.14.3.rel1.win32_1.0.100.202602081740/tools/bin/../lib/gcc/arm-none-eabi/14.3.1/thumb/v7e-m+fp/hard/crtbegin.o
                [!provide]                        PROVIDE (__fini_array_end = .)
                0x0800a400                        . = ALIGN (0x4)
                0x0800a400                        _sidata = LOADADDR (.data)

.rel.dyn        0x0800a400        0x0
 .rel.iplt      0x0800a400        0x0 G:/STM32CubuIDE/STM32CubeIDE_2.1.1/STM32CubeIDE/plugins/com.st.stm32cube.ide.mcu.externaltools.gnu-tools-for-stm32.14.3.rel1.win32_1.0.100.202602081740/tools/bin/../lib/gcc/arm-none-eabi/14.3.1/thumb/v7e-m+fp/hard/crtbegin.o

.data           0x20000000       0x60 load address 0x0800a400
                0x20000000                        . = ALIGN (0x4)
                0x20000000                        _sdata = .
 *(.data)
 *(.data*)
 .data.SystemCoreClock
                0x20000000        0x4 ./Core/Src/system_stm32f4xx.o
                0x20000000                SystemCoreClock
 .data.uwTickPrio
                0x20000004        0x4 ./Drivers/STM32F4xx_HAL_Driver/Src/stm32f4xx_hal.o
                0x20000004                uwTickPrio
 .data.uwTickFreq
                0x20000008        0x1 ./Drivers/STM32F4xx_HAL_Driver/Src/stm32f4xx_hal.o
                0x20000008                uwTickFreq
 *fill*         0x20000009        0x3 
 .data.uxCriticalNesting
                0x2000000c        0x4 ./Middlewares/Third_Party/FreeRTOS/Source/portable/GCC/ARM_CM4F/port.o
 .data._impure_ptr
                0x20000010        0x4 G:/STM32CubuIDE/STM32CubeIDE_2.1.1/STM32CubeIDE/plugins/com.st.stm32cube.ide.mcu.externaltools.gnu-tools-for-stm32.14.3.rel1.win32_1.0.100.202602081740/tools/bin/../lib/gcc/arm-none-eabi/14.3.1/../../../../arm-none-eabi/lib/thumb/v7e-m+fp/hard\libc_nano.a(libc_a-impure.o)
                0x20000010                _impure_ptr
 .data._impure_data
                0x20000014       0x4c G:/STM32CubuIDE/STM32CubeIDE_2.1.1/STM32CubeIDE/plugins/com.st.stm32cube.ide.mcu.externaltools.gnu-tools-for-stm32.14.3.rel1.win32_1.0.100.202602081740/tools/bin/../lib/gcc/arm-none-eabi/14.3.1/../../../../arm-none-eabi/lib/thumb/v7e-m+fp/hard\libc_nano.a(libc_a-impure.o)
                0x20000014                _impure_data
 *(.RamFunc)
 *(.RamFunc*)
                0x20000060                        . = ALIGN (0x4)
                0x20000060                        _edata = .
                0x0800a460                        _siccmram = LOADADDR (.ccmram)

.igot.plt       0x20000060        0x0 load address 0x0800a460
 .igot.plt      0x20000060        0x0 G:/STM32CubuIDE/STM32CubeIDE_2.1.1/STM32CubeIDE/plugins/com.st.stm32cube.ide.mcu.externaltools.gnu-tools-for-stm32.14.3.rel1.win32_1.0.100.202602081740/tools/bin/../lib/gcc/arm-none-eabi/14.3.1/thumb/v7e-m+fp/hard/crtbegin.o

.ccmram         0x10000000        0x0 load address 0x0800a460
                0x10000000                        . = ALIGN (0x4)
                0x10000000                        _sccmram = .
 *(.ccmram)
 *(.ccmram*)
                0x10000000                        . = ALIGN (0x4)
                0x10000000                        _eccmram = .
                0x10000000                        . = ALIGN (0x4)

.bss            0x20000060     0x4f74
                0x20000060                        _sbss = .
                0x20000060                        __bss_start__ = _sbss
 *(.bss)
 .bss           0x20000060       0x1c G:/STM32CubuIDE/STM32CubeIDE_2.1.1/STM32CubeIDE/plugins/com.st.stm32cube.ide.mcu.externaltools.gnu-tools-for-stm32.14.3.rel1.win32_1.0.100.202602081740/tools/bin/../lib/gcc/arm-none-eabi/14.3.1/thumb/v7e-m+fp/hard/crtbegin.o
 *(.bss*)
 .bss.hadc1     0x2000007c       0x48 ./Core/Src/adc.o
                0x2000007c                hadc1
 .bss.VisionTaskHandle
                0x200000c4        0x4 ./Core/Src/freertos.o
                0x200000c4                VisionTaskHandle
 .bss.MotionTaskHandle
                0x200000c8        0x4 ./Core/Src/freertos.o
                0x200000c8                MotionTaskHandle
 .bss.StateTaskHandle
                0x200000cc        0x4 ./Core/Src/freertos.o
                0x200000cc                StateTaskHandle
 .bss.DebugTaskHandle
                0x200000d0        0x4 ./Core/Src/freertos.o
                0x200000d0                DebugTaskHandle
 .bss.VisionQueueHandle
                0x200000d4        0x4 ./Core/Src/freertos.o
                0x200000d4                VisionQueueHandle
 .bss.CommandQueueHandle
                0x200000d8        0x4 ./Core/Src/freertos.o
                0x200000d8                CommandQueueHandle
 .bss.VisionReadySemHandle
                0x200000dc        0x4 ./Core/Src/freertos.o
                0x200000dc                VisionReadySemHandle
 .bss.myBinarySem02Handle
                0x200000e0        0x4 ./Core/Src/freertos.o
                0x200000e0                myBinarySem02Handle
 .bss.rx_buf2.3
                0x200000e4       0x64 ./Core/Src/freertos.o
 .bss.rx_buf3.2
                0x20000148       0x64 ./Core/Src/freertos.o
 .bss.rx_len2.1
                0x200001ac        0x4 ./Core/Src/freertos.o
 .bss.rx_len3.0
                0x200001b0        0x4 ./Core/Src/freertos.o
 .bss.usart2_rx_flag
                0x200001b4        0x1 ./Core/Src/main.o
                0x200001b4                usart2_rx_flag
 .bss.usart3_rx_flag
                0x200001b5        0x1 ./Core/Src/main.o
                0x200001b5                usart3_rx_flag
 .bss.encoder1_flag
                0x200001b6        0x1 ./Core/Src/main.o
                0x200001b6                encoder1_flag
 .bss.encoder2_flag
                0x200001b7        0x1 ./Core/Src/main.o
                0x200001b7                encoder2_flag
 .bss.encoder3_flag
                0x200001b8        0x1 ./Core/Src/main.o
                0x200001b8                encoder3_flag
 .bss.encoder4_flag
                0x200001b9        0x1 ./Core/Src/main.o
                0x200001b9                encoder4_flag
 *fill*         0x200001ba        0x2 
 .bss.rx_buf2.1
                0x200001bc        0x1 ./Core/Src/main.o
 *fill*         0x200001bd        0x3 
 .bss.rx_buf3.0
                0x200001c0        0x1 ./Core/Src/main.o
 *fill*         0x200001c1        0x3 
 .bss.__sbrk_heap_end
                0x200001c4        0x4 ./Core/Src/sysmem.o
 .bss.htim1     0x200001c8       0x48 ./Core/Src/tim.o
                0x200001c8                htim1
 .bss.htim2     0x20000210       0x48 ./Core/Src/tim.o
                0x20000210                htim2
 .bss.htim3     0x20000258       0x48 ./Core/Src/tim.o
                0x20000258                htim3
 .bss.htim4     0x200002a0       0x48 ./Core/Src/tim.o
                0x200002a0                htim4
 .bss.htim8     0x200002e8       0x48 ./Core/Src/tim.o
                0x200002e8                htim8
 .bss.huart2    0x20000330       0x48 ./Core/Src/usart.o
                0x20000330                huart2
 .bss.huart3    0x20000378       0x48 ./Core/Src/usart.o
                0x20000378                huart3
 .bss.hdma_usart2_rx
                0x200003c0       0x60 ./Core/Src/usart.o
                0x200003c0                hdma_usart2_rx
 .bss.hdma_usart2_tx
                0x20000420       0x60 ./Core/Src/usart.o
                0x20000420                hdma_usart2_tx
 .bss.g_Chassis
                0x20000480       0xa8 ./Drivers/BSP/Src/motor.o
                0x20000480                g_Chassis
 .bss.last_count.0
                0x20000528       0x10 ./Drivers/BSP/Src/motor.o
 .bss.uwTick    0x20000538        0x4 ./Drivers/STM32F4xx_HAL_Driver/Src/stm32f4xx_hal.o
                0x20000538                uwTick
 .bss.KernelState
                0x2000053c        0x4 ./Middlewares/Third_Party/FreeRTOS/Source/CMSIS_RTOS_V2/cmsis_os2.o
 .bss.Idle_TCB.3
                0x20000540       0x5c ./Middlewares/Third_Party/FreeRTOS/Source/CMSIS_RTOS_V2/cmsis_os2.o
 .bss.Idle_Stack.2
                0x2000059c      0x200 ./Middlewares/Third_Party/FreeRTOS/Source/CMSIS_RTOS_V2/cmsis_os2.o
 .bss.Timer_TCB.1
                0x2000079c       0x5c ./Middlewares/Third_Party/FreeRTOS/Source/CMSIS_RTOS_V2/cmsis_os2.o
 .bss.Timer_Stack.0
                0x200007f8      0x400 ./Middlewares/Third_Party/FreeRTOS/Source/CMSIS_RTOS_V2/cmsis_os2.o
 .bss.xQueueRegistry
                0x20000bf8       0x40 ./Middlewares/Third_Party/FreeRTOS/Source/queue.o
                0x20000bf8                xQueueRegistry
 .bss.pxCurrentTCB
                0x20000c38        0x4 ./Middlewares/Third_Party/FreeRTOS/Source/tasks.o
                0x20000c38                pxCurrentTCB
 .bss.pxReadyTasksLists
                0x20000c3c      0x460 ./Middlewares/Third_Party/FreeRTOS/Source/tasks.o
 .bss.xDelayedTaskList1
                0x2000109c       0x14 ./Middlewares/Third_Party/FreeRTOS/Source/tasks.o
 .bss.xDelayedTaskList2
                0x200010b0       0x14 ./Middlewares/Third_Party/FreeRTOS/Source/tasks.o
 .bss.pxDelayedTaskList
                0x200010c4        0x4 ./Middlewares/Third_Party/FreeRTOS/Source/tasks.o
 .bss.pxOverflowDelayedTaskList
                0x200010c8        0x4 ./Middlewares/Third_Party/FreeRTOS/Source/tasks.o
 .bss.xPendingReadyList
                0x200010cc       0x14 ./Middlewares/Third_Party/FreeRTOS/Source/tasks.o
 .bss.xTasksWaitingTermination
                0x200010e0       0x14 ./Middlewares/Third_Party/FreeRTOS/Source/tasks.o
 .bss.uxDeletedTasksWaitingCleanUp
                0x200010f4        0x4 ./Middlewares/Third_Party/FreeRTOS/Source/tasks.o
 .bss.xSuspendedTaskList
                0x200010f8       0x14 ./Middlewares/Third_Party/FreeRTOS/Source/tasks.o
 .bss.uxCurrentNumberOfTasks
                0x2000110c        0x4 ./Middlewares/Third_Party/FreeRTOS/Source/tasks.o
 .bss.xTickCount
                0x20001110        0x4 ./Middlewares/Third_Party/FreeRTOS/Source/tasks.o
 .bss.uxTopReadyPriority
                0x20001114        0x4 ./Middlewares/Third_Party/FreeRTOS/Source/tasks.o
 .bss.xSchedulerRunning
                0x20001118        0x4 ./Middlewares/Third_Party/FreeRTOS/Source/tasks.o
 .bss.xPendedTicks
                0x2000111c        0x4 ./Middlewares/Third_Party/FreeRTOS/Source/tasks.o
 .bss.xYieldPending
                0x20001120        0x4 ./Middlewares/Third_Party/FreeRTOS/Source/tasks.o
 .bss.xNumOfOverflows
                0x20001124        0x4 ./Middlewares/Third_Party/FreeRTOS/Source/tasks.o
 .bss.uxTaskNumber
                0x20001128        0x4 ./Middlewares/Third_Party/FreeRTOS/Source/tasks.o
 .bss.xNextTaskUnblockTime
                0x2000112c        0x4 ./Middlewares/Third_Party/FreeRTOS/Source/tasks.o
 .bss.xIdleTaskHandle
                0x20001130        0x4 ./Middlewares/Third_Party/FreeRTOS/Source/tasks.o
 .bss.uxSchedulerSuspended
                0x20001134        0x4 ./Middlewares/Third_Party/FreeRTOS/Source/tasks.o
 .bss.xActiveTimerList1
                0x20001138       0x14 ./Middlewares/Third_Party/FreeRTOS/Source/timers.o
 .bss.xActiveTimerList2
                0x2000114c       0x14 ./Middlewares/Third_Party/FreeRTOS/Source/timers.o
 .bss.pxCurrentTimerList
                0x20001160        0x4 ./Middlewares/Third_Party/FreeRTOS/Source/timers.o
 .bss.pxOverflowTimerList
                0x20001164        0x4 ./Middlewares/Third_Party/FreeRTOS/Source/timers.o
 .bss.xTimerQueue
                0x20001168        0x4 ./Middlewares/Third_Party/FreeRTOS/Source/timers.o
 .bss.xTimerTaskHandle
                0x2000116c        0x4 ./Middlewares/Third_Party/FreeRTOS/Source/timers.o
 .bss.xLastTime.2
                0x20001170        0x4 ./Middlewares/Third_Party/FreeRTOS/Source/timers.o
 .bss.ucStaticTimerQueueStorage.1
                0x20001174       0xa0 ./Middlewares/Third_Party/FreeRTOS/Source/timers.o
 .bss.xStaticTimerQueue.0
                0x20001214       0x50 ./Middlewares/Third_Party/FreeRTOS/Source/timers.o
 .bss.ucMaxSysCallPriority
                0x20001264        0x1 ./Middlewares/Third_Party/FreeRTOS/Source/portable/GCC/ARM_CM4F/port.o
 *fill*         0x20001265        0x3 
 .bss.ulMaxPRIGROUPValue
                0x20001268        0x4 ./Middlewares/Third_Party/FreeRTOS/Source/portable/GCC/ARM_CM4F/port.o
 .bss.ucHeap    0x2000126c     0x3c00 ./Middlewares/Third_Party/FreeRTOS/Source/portable/MemMang/heap_4.o
 .bss.xStart    0x20004e6c        0x8 ./Middlewares/Third_Party/FreeRTOS/Source/portable/MemMang/heap_4.o
 .bss.pxEnd     0x20004e74        0x4 ./Middlewares/Third_Party/FreeRTOS/Source/portable/MemMang/heap_4.o
 .bss.xFreeBytesRemaining
                0x20004e78        0x4 ./Middlewares/Third_Party/FreeRTOS/Source/portable/MemMang/heap_4.o
 .bss.xMinimumEverFreeBytesRemaining
                0x20004e7c        0x4 ./Middlewares/Third_Party/FreeRTOS/Source/portable/MemMang/heap_4.o
 .bss.xNumberOfSuccessfulAllocations
                0x20004e80        0x4 ./Middlewares/Third_Party/FreeRTOS/Source/portable/MemMang/heap_4.o
 .bss.xNumberOfSuccessfulFrees
                0x20004e84        0x4 ./Middlewares/Third_Party/FreeRTOS/Source/portable/MemMang/heap_4.o
 .bss.xBlockAllocatedBit
                0x20004e88        0x4 ./Middlewares/Third_Party/FreeRTOS/Source/portable/MemMang/heap_4.o
 .bss.__sf      0x20004e8c      0x138 G:/STM32CubuIDE/STM32CubeIDE_2.1.1/STM32CubeIDE/plugins/com.st.stm32cube.ide.mcu.externaltools.gnu-tools-for-stm32.14.3.rel1.win32_1.0.100.202602081740/tools/bin/../lib/gcc/arm-none-eabi/14.3.1/../../../../arm-none-eabi/lib/thumb/v7e-m+fp/hard\libc_nano.a(libc_a-findfp.o)
                0x20004e8c                __sf
 .bss.errno     0x20004fc4        0x4 G:/STM32CubuIDE/STM32CubeIDE_2.1.1/STM32CubeIDE/plugins/com.st.stm32cube.ide.mcu.externaltools.gnu-tools-for-stm32.14.3.rel1.win32_1.0.100.202602081740/tools/bin/../lib/gcc/arm-none-eabi/14.3.1/../../../../arm-none-eabi/lib/thumb/v7e-m+fp/hard\libc_nano.a(libc_a-reent.o)
                0x20004fc4                errno
 .bss.__lock___malloc_recursive_mutex
                0x20004fc8        0x1 G:/STM32CubuIDE/STM32CubeIDE_2.1.1/STM32CubeIDE/plugins/com.st.stm32cube.ide.mcu.externaltools.gnu-tools-for-stm32.14.3.rel1.win32_1.0.100.202602081740/tools/bin/../lib/gcc/arm-none-eabi/14.3.1/../../../../arm-none-eabi/lib/thumb/v7e-m+fp/hard\libc_nano.a(libc_a-lock.o)
                0x20004fc8                __lock___malloc_recursive_mutex
 *fill*         0x20004fc9        0x3 
 .bss.__malloc_sbrk_start
                0x20004fcc        0x4 G:/STM32CubuIDE/STM32CubeIDE_2.1.1/STM32CubeIDE/plugins/com.st.stm32cube.ide.mcu.externaltools.gnu-tools-for-stm32.14.3.rel1.win32_1.0.100.202602081740/tools/bin/../lib/gcc/arm-none-eabi/14.3.1/../../../../arm-none-eabi/lib/thumb/v7e-m+fp/hard\libc_nano.a(libc_a-mallocr.o)
                0x20004fcc                __malloc_sbrk_start
 .bss.__malloc_free_list
                0x20004fd0        0x4 G:/STM32CubuIDE/STM32CubeIDE_2.1.1/STM32CubeIDE/plugins/com.st.stm32cube.ide.mcu.externaltools.gnu-tools-for-stm32.14.3.rel1.win32_1.0.100.202602081740/tools/bin/../lib/gcc/arm-none-eabi/14.3.1/../../../../arm-none-eabi/lib/thumb/v7e-m+fp/hard\libc_nano.a(libc_a-mallocr.o)
                0x20004fd0                __malloc_free_list
 *(COMMON)
                0x20004fd4                        . = ALIGN (0x4)
                0x20004fd4                        _ebss = .
                0x20004fd4                        __bss_end__ = _ebss

._user_heap_stack
                0x20004fd4      0x604
                0x20004fd8                        . = ALIGN (0x8)
 *fill*         0x20004fd4        0x4 
                [!provide]                        PROVIDE (end = .)
                0x20004fd8                        PROVIDE (_end = .)
                0x200051d8                        . = (. + _Min_Heap_Size)
 *fill*         0x20004fd8      0x200 
                0x200055d8                        . = (. + _Min_Stack_Size)
 *fill*         0x200051d8      0x400 
                0x200055d8                        . = ALIGN (0x8)

/DISCARD/
 libc.a(*)
 libm.a(*)
 libgcc.a(*)

.ARM.attributes
                0x00000000       0x30
 *(.ARM.attributes)
 .ARM.attributes
                0x00000000       0x22 G:/STM32CubuIDE/STM32CubeIDE_2.1.1/STM32CubeIDE/plugins/com.st.stm32cube.ide.mcu.externaltools.gnu-tools-for-stm32.14.3.rel1.win32_1.0.100.202602081740/tools/bin/../lib/gcc/arm-none-eabi/14.3.1/thumb/v7e-m+fp/hard/crti.o
 .ARM.attributes
                0x00000022       0x34 G:/STM32CubuIDE/STM32CubeIDE_2.1.1/STM32CubeIDE/plugins/com.st.stm32cube.ide.mcu.externaltools.gnu-tools-for-stm32.14.3.rel1.win32_1.0.100.202602081740/tools/bin/../lib/gcc/arm-none-eabi/14.3.1/thumb/v7e-m+fp/hard/crtbegin.o
 .ARM.attributes
                0x00000056       0x34 ./Core/Src/adc.o
 .ARM.attributes
                0x0000008a       0x34 ./Core/Src/dma.o
 .ARM.attributes
                0x000000be       0x34 ./Core/Src/freertos.o
 .ARM.attributes
                0x000000f2       0x34 ./Core/Src/gpio.o
 .ARM.attributes
                0x00000126       0x34 ./Core/Src/main.o
 .ARM.attributes
                0x0000015a       0x34 ./Core/Src/stm32f4xx_hal_msp.o
 .ARM.attributes
                0x0000018e       0x34 ./Core/Src/stm32f4xx_it.o
 .ARM.attributes
                0x000001c2       0x34 ./Core/Src/sysmem.o
 .ARM.attributes
                0x000001f6       0x34 ./Core/Src/system_stm32f4xx.o
 .ARM.attributes
                0x0000022a       0x34 ./Core/Src/tim.o
 .ARM.attributes
                0x0000025e       0x34 ./Core/Src/usart.o
 .ARM.attributes
                0x00000292       0x21 ./Core/Startup/startup_stm32f407zgtx.o
 .ARM.attributes
                0x000002b3       0x34 ./Drivers/BSP/Src/motor.o
 .ARM.attributes
                0x000002e7       0x34 ./Drivers/STM32F4xx_HAL_Driver/Src/stm32f4xx_hal.o
 .ARM.attributes
                0x0000031b       0x34 ./Drivers/STM32F4xx_HAL_Driver/Src/stm32f4xx_hal_adc.o
 .ARM.attributes
                0x0000034f       0x34 ./Drivers/STM32F4xx_HAL_Driver/Src/stm32f4xx_hal_adc_ex.o
 .ARM.attributes
                0x00000383       0x34 ./Drivers/STM32F4xx_HAL_Driver/Src/stm32f4xx_hal_cortex.o
 .ARM.attributes
                0x000003b7       0x34 ./Drivers/STM32F4xx_HAL_Driver/Src/stm32f4xx_hal_dma.o
 .ARM.attributes
                0x000003eb       0x34 ./Drivers/STM32F4xx_HAL_Driver/Src/stm32f4xx_hal_gpio.o
 .ARM.attributes
                0x0000041f       0x34 ./Drivers/STM32F4xx_HAL_Driver/Src/stm32f4xx_hal_rcc.o
 .ARM.attributes
                0x00000453       0x34 ./Drivers/STM32F4xx_HAL_Driver/Src/stm32f4xx_hal_tim.o
 .ARM.attributes
                0x00000487       0x34 ./Drivers/STM32F4xx_HAL_Driver/Src/stm32f4xx_hal_tim_ex.o
 .ARM.attributes
                0x000004bb       0x34 ./Drivers/STM32F4xx_HAL_Driver/Src/stm32f4xx_hal_uart.o
 .ARM.attributes
                0x000004ef       0x34 ./Middlewares/Third_Party/FreeRTOS/Source/CMSIS_RTOS_V2/cmsis_os2.o
 .ARM.attributes
                0x00000523       0x34 ./Middlewares/Third_Party/FreeRTOS/Source/list.o
 .ARM.attributes
                0x00000557       0x34 ./Middlewares/Third_Party/FreeRTOS/Source/queue.o
 .ARM.attributes
                0x0000058b       0x34 ./Middlewares/Third_Party/FreeRTOS/Source/tasks.o
 .ARM.attributes
                0x000005bf       0x34 ./Middlewares/Third_Party/FreeRTOS/Source/timers.o
 .ARM.attributes
                0x000005f3       0x34 ./Middlewares/Third_Party/FreeRTOS/Source/portable/GCC/ARM_CM4F/port.o
 .ARM.attributes
                0x00000627       0x34 ./Middlewares/Third_Party/FreeRTOS/Source/portable/MemMang/heap_4.o
 .ARM.attributes
                0x0000065b       0x34 G:/STM32CubuIDE/STM32CubeIDE_2.1.1/STM32CubeIDE/plugins/com.st.stm32cube.ide.mcu.externaltools.gnu-tools-for-stm32.14.3.rel1.win32_1.0.100.202602081740/tools/bin/../lib/gcc/arm-none-eabi/14.3.1/../../../../arm-none-eabi/lib/thumb/v7e-m+fp/hard\libc_nano.a(libc_a-findfp.o)
 .ARM.attributes
                0x0000068f       0x34 G:/STM32CubuIDE/STM32CubeIDE_2.1.1/STM32CubeIDE/plugins/com.st.stm32cube.ide.mcu.externaltools.gnu-tools-for-stm32.14.3.rel1.win32_1.0.100.202602081740/tools/bin/../lib/gcc/arm-none-eabi/14.3.1/../../../../arm-none-eabi/lib/thumb/v7e-m+fp/hard\libc_nano.a(libc_a-sprintf.o)
 .ARM.attributes
                0x000006c3       0x34 G:/STM32CubuIDE/STM32CubeIDE_2.1.1/STM32CubeIDE/plugins/com.st.stm32cube.ide.mcu.externaltools.gnu-tools-for-stm32.14.3.rel1.win32_1.0.100.202602081740/tools/bin/../lib/gcc/arm-none-eabi/14.3.1/../../../../arm-none-eabi/lib/thumb/v7e-m+fp/hard\libc_nano.a(libc_a-memset.o)
 .ARM.attributes
                0x000006f7       0x34 G:/STM32CubuIDE/STM32CubeIDE_2.1.1/STM32CubeIDE/plugins/com.st.stm32cube.ide.mcu.externaltools.gnu-tools-for-stm32.14.3.rel1.win32_1.0.100.202602081740/tools/bin/../lib/gcc/arm-none-eabi/14.3.1/../../../../arm-none-eabi/lib/thumb/v7e-m+fp/hard\libc_nano.a(libc_a-reent.o)
 .ARM.attributes
                0x0000072b       0x34 G:/STM32CubuIDE/STM32CubeIDE_2.1.1/STM32CubeIDE/plugins/com.st.stm32cube.ide.mcu.externaltools.gnu-tools-for-stm32.14.3.rel1.win32_1.0.100.202602081740/tools/bin/../lib/gcc/arm-none-eabi/14.3.1/../../../../arm-none-eabi/lib/thumb/v7e-m+fp/hard\libc_nano.a(libc_a-impure.o)
 .ARM.attributes
                0x0000075f       0x34 G:/STM32CubuIDE/STM32CubeIDE_2.1.1/STM32CubeIDE/plugins/com.st.stm32cube.ide.mcu.externaltools.gnu-tools-for-stm32.14.3.rel1.win32_1.0.100.202602081740/tools/bin/../lib/gcc/arm-none-eabi/14.3.1/../../../../arm-none-eabi/lib/thumb/v7e-m+fp/hard\libc_nano.a(libc_a-errno.o)
 .ARM.attributes
                0x00000793       0x34 G:/STM32CubuIDE/STM32CubeIDE_2.1.1/STM32CubeIDE/plugins/com.st.stm32cube.ide.mcu.externaltools.gnu-tools-for-stm32.14.3.rel1.win32_1.0.100.202602081740/tools/bin/../lib/gcc/arm-none-eabi/14.3.1/../../../../arm-none-eabi/lib/thumb/v7e-m+fp/hard\libc_nano.a(libc_a-init.o)
 .ARM.attributes
                0x000007c7       0x34 G:/STM32CubuIDE/STM32CubeIDE_2.1.1/STM32CubeIDE/plugins/com.st.stm32cube.ide.mcu.externaltools.gnu-tools-for-stm32.14.3.rel1.win32_1.0.100.202602081740/tools/bin/../lib/gcc/arm-none-eabi/14.3.1/../../../../arm-none-eabi/lib/thumb/v7e-m+fp/hard\libc_nano.a(libc_a-lock.o)
 .ARM.attributes
                0x000007fb       0x34 G:/STM32CubuIDE/STM32CubeIDE_2.1.1/STM32CubeIDE/plugins/com.st.stm32cube.ide.mcu.externaltools.gnu-tools-for-stm32.14.3.rel1.win32_1.0.100.202602081740/tools/bin/../lib/gcc/arm-none-eabi/14.3.1/../../../../arm-none-eabi/lib/thumb/v7e-m+fp/hard\libc_nano.a(libc_a-memcpy-stub.o)
 .ARM.attributes
                0x0000082f       0x17 G:/STM32CubuIDE/STM32CubeIDE_2.1.1/STM32CubeIDE/plugins/com.st.stm32cube.ide.mcu.externaltools.gnu-tools-for-stm32.14.3.rel1.win32_1.0.100.202602081740/tools/bin/../lib/gcc/arm-none-eabi/14.3.1/../../../../arm-none-eabi/lib/thumb/v7e-m+fp/hard\libc_nano.a(libc_a-strlen.o)
 .ARM.attributes
                0x00000846       0x34 G:/STM32CubuIDE/STM32CubeIDE_2.1.1/STM32CubeIDE/plugins/com.st.stm32cube.ide.mcu.externaltools.gnu-tools-for-stm32.14.3.rel1.win32_1.0.100.202602081740/tools/bin/../lib/gcc/arm-none-eabi/14.3.1/../../../../arm-none-eabi/lib/thumb/v7e-m+fp/hard\libc_nano.a(libc_a-freer.o)
 .ARM.attributes
                0x0000087a       0x34 G:/STM32CubuIDE/STM32CubeIDE_2.1.1/STM32CubeIDE/plugins/com.st.stm32cube.ide.mcu.externaltools.gnu-tools-for-stm32.14.3.rel1.win32_1.0.100.202602081740/tools/bin/../lib/gcc/arm-none-eabi/14.3.1/../../../../arm-none-eabi/lib/thumb/v7e-m+fp/hard\libc_nano.a(libc_a-mallocr.o)
 .ARM.attributes
                0x000008ae       0x34 G:/STM32CubuIDE/STM32CubeIDE_2.1.1/STM32CubeIDE/plugins/com.st.stm32cube.ide.mcu.externaltools.gnu-tools-for-stm32.14.3.rel1.win32_1.0.100.202602081740/tools/bin/../lib/gcc/arm-none-eabi/14.3.1/../../../../arm-none-eabi/lib/thumb/v7e-m+fp/hard\libc_nano.a(libc_a-mlock.o)
 .ARM.attributes
                0x000008e2       0x34 G:/STM32CubuIDE/STM32CubeIDE_2.1.1/STM32CubeIDE/plugins/com.st.stm32cube.ide.mcu.externaltools.gnu-tools-for-stm32.14.3.rel1.win32_1.0.100.202602081740/tools/bin/../lib/gcc/arm-none-eabi/14.3.1/../../../../arm-none-eabi/lib/thumb/v7e-m+fp/hard\libc_nano.a(libc_a-nano-svfprintf.o)
 .ARM.attributes
                0x00000916       0x34 G:/STM32CubuIDE/STM32CubeIDE_2.1.1/STM32CubeIDE/plugins/com.st.stm32cube.ide.mcu.externaltools.gnu-tools-for-stm32.14.3.rel1.win32_1.0.100.202602081740/tools/bin/../lib/gcc/arm-none-eabi/14.3.1/../../../../arm-none-eabi/lib/thumb/v7e-m+fp/hard\libc_nano.a(libc_a-nano-vfprintf_i.o)
 .ARM.attributes
                0x0000094a       0x34 G:/STM32CubuIDE/STM32CubeIDE_2.1.1/STM32CubeIDE/plugins/com.st.stm32cube.ide.mcu.externaltools.gnu-tools-for-stm32.14.3.rel1.win32_1.0.100.202602081740/tools/bin/../lib/gcc/arm-none-eabi/14.3.1/../../../../arm-none-eabi/lib/thumb/v7e-m+fp/hard\libc_nano.a(libc_a-memmove.o)
 .ARM.attributes
                0x0000097e       0x34 G:/STM32CubuIDE/STM32CubeIDE_2.1.1/STM32CubeIDE/plugins/com.st.stm32cube.ide.mcu.externaltools.gnu-tools-for-stm32.14.3.rel1.win32_1.0.100.202602081740/tools/bin/../lib/gcc/arm-none-eabi/14.3.1/../../../../arm-none-eabi/lib/thumb/v7e-m+fp/hard\libc_nano.a(libc_a-sbrkr.o)
 .ARM.attributes
                0x000009b2       0x1c G:/STM32CubuIDE/STM32CubeIDE_2.1.1/STM32CubeIDE/plugins/com.st.stm32cube.ide.mcu.externaltools.gnu-tools-for-stm32.14.3.rel1.win32_1.0.100.202602081740/tools/bin/../lib/gcc/arm-none-eabi/14.3.1/../../../../arm-none-eabi/lib/thumb/v7e-m+fp/hard\libc_nano.a(libc_a-memchr.o)
 .ARM.attributes
                0x000009ce       0x34 G:/STM32CubuIDE/STM32CubeIDE_2.1.1/STM32CubeIDE/plugins/com.st.stm32cube.ide.mcu.externaltools.gnu-tools-for-stm32.14.3.rel1.win32_1.0.100.202602081740/tools/bin/../lib/gcc/arm-none-eabi/14.3.1/../../../../arm-none-eabi/lib/thumb/v7e-m+fp/hard\libc_nano.a(libc_a-reallocr.o)
 .ARM.attributes
                0x00000a02       0x34 G:/STM32CubuIDE/STM32CubeIDE_2.1.1/STM32CubeIDE/plugins/com.st.stm32cube.ide.mcu.externaltools.gnu-tools-for-stm32.14.3.rel1.win32_1.0.100.202602081740/tools/bin/../lib/gcc/arm-none-eabi/14.3.1/../../../../arm-none-eabi/lib/thumb/v7e-m+fp/hard\libc_nano.a(libc_a-msizer.o)
 .ARM.attributes
                0x00000a36       0x22 G:/STM32CubuIDE/STM32CubeIDE_2.1.1/STM32CubeIDE/plugins/com.st.stm32cube.ide.mcu.externaltools.gnu-tools-for-stm32.14.3.rel1.win32_1.0.100.202602081740/tools/bin/../lib/gcc/arm-none-eabi/14.3.1/thumb/v7e-m+fp/hard\libgcc.a(_aeabi_uldivmod.o)
 .ARM.attributes
                0x00000a58       0x34 G:/STM32CubuIDE/STM32CubeIDE_2.1.1/STM32CubeIDE/plugins/com.st.stm32cube.ide.mcu.externaltools.gnu-tools-for-stm32.14.3.rel1.win32_1.0.100.202602081740/tools/bin/../lib/gcc/arm-none-eabi/14.3.1/thumb/v7e-m+fp/hard\libgcc.a(_udivmoddi4.o)
 .ARM.attributes
                0x00000a8c       0x22 G:/STM32CubuIDE/STM32CubeIDE_2.1.1/STM32CubeIDE/plugins/com.st.stm32cube.ide.mcu.externaltools.gnu-tools-for-stm32.14.3.rel1.win32_1.0.100.202602081740/tools/bin/../lib/gcc/arm-none-eabi/14.3.1/thumb/v7e-m+fp/hard\libgcc.a(_dvmd_tls.o)
 .ARM.attributes
                0x00000aae       0x22 G:/STM32CubuIDE/STM32CubeIDE_2.1.1/STM32CubeIDE/plugins/com.st.stm32cube.ide.mcu.externaltools.gnu-tools-for-stm32.14.3.rel1.win32_1.0.100.202602081740/tools/bin/../lib/gcc/arm-none-eabi/14.3.1/thumb/v7e-m+fp/hard/crtn.o
OUTPUT(Trash_can.elf elf32-littlearm)
LOAD linker stubs
LOAD G:/STM32CubuIDE/STM32CubeIDE_2.1.1/STM32CubeIDE/plugins/com.st.stm32cube.ide.mcu.externaltools.gnu-tools-for-stm32.14.3.rel1.win32_1.0.100.202602081740/tools/bin/../lib/gcc/arm-none-eabi/14.3.1/../../../../arm-none-eabi/lib/thumb/v7e-m+fp/hard\libc.a
LOAD G:/STM32CubuIDE/STM32CubeIDE_2.1.1/STM32CubeIDE/plugins/com.st.stm32cube.ide.mcu.externaltools.gnu-tools-for-stm32.14.3.rel1.win32_1.0.100.202602081740/tools/bin/../lib/gcc/arm-none-eabi/14.3.1/../../../../arm-none-eabi/lib/thumb/v7e-m+fp/hard\libm.a
LOAD G:/STM32CubuIDE/STM32CubeIDE_2.1.1/STM32CubeIDE/plugins/com.st.stm32cube.ide.mcu.externaltools.gnu-tools-for-stm32.14.3.rel1.win32_1.0.100.202602081740/tools/bin/../lib/gcc/arm-none-eabi/14.3.1/thumb/v7e-m+fp/hard\libgcc.a

.debug_info     0x00000000    0x1c8f6
 .debug_info    0x00000000      0xa4f ./Core/Src/adc.o
 .debug_info    0x00000a4f      0x4ad ./Core/Src/dma.o
 .debug_info    0x00000efc     0x1623 ./Core/Src/freertos.o
 .debug_info    0x0000251f      0x45d ./Core/Src/gpio.o
 .debug_info    0x0000297c      0xee9 ./Core/Src/main.o
 .debug_info    0x00003865      0x4b7 ./Core/Src/stm32f4xx_hal_msp.o
 .debug_info    0x00003d1c      0xa4d ./Core/Src/stm32f4xx_it.o
 .debug_info    0x00004769      0x168 ./Core/Src/sysmem.o
 .debug_info    0x000048d1      0x512 ./Core/Src/system_stm32f4xx.o
 .debug_info    0x00004de3     0x124a ./Core/Src/tim.o
 .debug_info    0x0000602d      0xc4c ./Core/Src/usart.o
 .debug_info    0x00006c79       0x30 ./Core/Startup/startup_stm32f407zgtx.o
 .debug_info    0x00006ca9      0xe5d ./Drivers/BSP/Src/motor.o
 .debug_info    0x00007b06      0x944 ./Drivers/STM32F4xx_HAL_Driver/Src/stm32f4xx_hal.o
 .debug_info    0x0000844a      0xce3 ./Drivers/STM32F4xx_HAL_Driver/Src/stm32f4xx_hal_adc.o
 .debug_info    0x0000912d      0xb68 ./Drivers/STM32F4xx_HAL_Driver/Src/stm32f4xx_hal_adc_ex.o
 .debug_info    0x00009c95      0xd8c ./Drivers/STM32F4xx_HAL_Driver/Src/stm32f4xx_hal_cortex.o
 .debug_info    0x0000aa21      0x8e7 ./Drivers/STM32F4xx_HAL_Driver/Src/stm32f4xx_hal_dma.o
 .debug_info    0x0000b308      0x6c3 ./Drivers/STM32F4xx_HAL_Driver/Src/stm32f4xx_hal_gpio.o
 .debug_info    0x0000b9cb      0x8c3 ./Drivers/STM32F4xx_HAL_Driver/Src/stm32f4xx_hal_rcc.o
 .debug_info    0x0000c28e     0x299d ./Drivers/STM32F4xx_HAL_Driver/Src/stm32f4xx_hal_tim.o
 .debug_info    0x0000ec2b     0x14db ./Drivers/STM32F4xx_HAL_Driver/Src/stm32f4xx_hal_tim_ex.o
 .debug_info    0x00010106     0x2f4f ./Drivers/STM32F4xx_HAL_Driver/Src/stm32f4xx_hal_uart.o
 .debug_info    0x00013055     0x3a52 ./Middlewares/Third_Party/FreeRTOS/Source/CMSIS_RTOS_V2/cmsis_os2.o
 .debug_info    0x00016aa7      0x2af ./Middlewares/Third_Party/FreeRTOS/Source/list.o