Archive member included to satisfy reference by file (symbol)

C:/ST/STM32CubeIDE_2.0.0/STM32CubeIDE/plugins/com.st.stm32cube.ide.mcu.externaltools.gnu-tools-for-stm32.13.3.rel1.win32_1.0.100.202509120712/tools/bin/../lib/gcc/arm-none-eabi/13.3.1/../../../../arm-none-eabi/lib/thumb/v7e-m+fp/hard\libc_nano.a(libc_a-exit.o)
                              C:/ST/STM32CubeIDE_2.0.0/STM32CubeIDE/plugins/com.st.stm32cube.ide.mcu.externaltools.gnu-tools-for-stm32.13.3.rel1.win32_1.0.100.202509120712/tools/bin/../lib/gcc/arm-none-eabi/13.3.1/../../../../arm-none-eabi/lib/thumb/v7e-m+fp/hard/crt0.o (exit)
C:/ST/STM32CubeIDE_2.0.0/STM32CubeIDE/plugins/com.st.stm32cube.ide.mcu.externaltools.gnu-tools-for-stm32.13.3.rel1.win32_1.0.100.202509120712/tools/bin/../lib/gcc/arm-none-eabi/13.3.1/../../../../arm-none-eabi/lib/thumb/v7e-m+fp/hard\libc_nano.a(libc_a-findfp.o)
                              C:/ST/STM32CubeIDE_2.0.0/STM32CubeIDE/plugins/com.st.stm32cube.ide.mcu.externaltools.gnu-tools-for-stm32.13.3.rel1.win32_1.0.100.202509120712/tools/bin/../lib/gcc/arm-none-eabi/13.3.1/../../../../arm-none-eabi/lib/thumb/v7e-m+fp/hard\libc_nano.a(libc_a-exit.o) (__stdio_exit_handler)
C:/ST/STM32CubeIDE_2.0.0/STM32CubeIDE/plugins/com.st.stm32cube.ide.mcu.externaltools.gnu-tools-for-stm32.13.3.rel1.win32_1.0.100.202509120712/tools/bin/../lib/gcc/arm-none-eabi/13.3.1/../../../../arm-none-eabi/lib/thumb/v7e-m+fp/hard\libc_nano.a(libc_a-fwalk.o)
                              C:/ST/STM32CubeIDE_2.0.0/STM32CubeIDE/plugins/com.st.stm32cube.ide.mcu.externaltools.gnu-tools-for-stm32.13.3.rel1.win32_1.0.100.202509120712/tools/bin/../lib/gcc/arm-none-eabi/13.3.1/../../../../arm-none-eabi/lib/thumb/v7e-m+fp/hard\libc_nano.a(libc_a-findfp.o) (_fwalk_sglue)
C:/ST/STM32CubeIDE_2.0.0/STM32CubeIDE/plugins/com.st.stm32cube.ide.mcu.externaltools.gnu-tools-for-stm32.13.3.rel1.win32_1.0.100.202509120712/tools/bin/../lib/gcc/arm-none-eabi/13.3.1/../../../../arm-none-eabi/lib/thumb/v7e-m+fp/hard\libc_nano.a(libc_a-sprintf.o)
                              ./Core/Src/freertos.o (sprintf)
C:/ST/STM32CubeIDE_2.0.0/STM32CubeIDE/plugins/com.st.stm32cube.ide.mcu.externaltools.gnu-tools-for-stm32.13.3.rel1.win32_1.0.100.202509120712/tools/bin/../lib/gcc/arm-none-eabi/13.3.1/../../../../arm-none-eabi/lib/thumb/v7e-m+fp/hard\libc_nano.a(libc_a-stdio.o)
                              C:/ST/STM32CubeIDE_2.0.0/STM32CubeIDE/plugins/com.st.stm32cube.ide.mcu.externaltools.gnu-tools-for-stm32.13.3.rel1.win32_1.0.100.202509120712/tools/bin/../lib/gcc/arm-none-eabi/13.3.1/../../../../arm-none-eabi/lib/thumb/v7e-m+fp/hard\libc_nano.a(libc_a-findfp.o) (__sread)
C:/ST/STM32CubeIDE_2.0.0/STM32CubeIDE/plugins/com.st.stm32cube.ide.mcu.externaltools.gnu-tools-for-stm32.13.3.rel1.win32_1.0.100.202509120712/tools/bin/../lib/gcc/arm-none-eabi/13.3.1/../../../../arm-none-eabi/lib/thumb/v7e-m+fp/hard\libc_nano.a(libc_a-memset.o)
                              C:/ST/STM32CubeIDE_2.0.0/STM32CubeIDE/plugins/com.st.stm32cube.ide.mcu.externaltools.gnu-tools-for-stm32.13.3.rel1.win32_1.0.100.202509120712/tools/bin/../lib/gcc/arm-none-eabi/13.3.1/../../../../arm-none-eabi/lib/thumb/v7e-m+fp/hard/crt0.o (memset)
C:/ST/STM32CubeIDE_2.0.0/STM32CubeIDE/plugins/com.st.stm32cube.ide.mcu.externaltools.gnu-tools-for-stm32.13.3.rel1.win32_1.0.100.202509120712/tools/bin/../lib/gcc/arm-none-eabi/13.3.1/../../../../arm-none-eabi/lib/thumb/v7e-m+fp/hard\libc_nano.a(libc_a-closer.o)
                              C:/ST/STM32CubeIDE_2.0.0/STM32CubeIDE/plugins/com.st.stm32cube.ide.mcu.externaltools.gnu-tools-for-stm32.13.3.rel1.win32_1.0.100.202509120712/tools/bin/../lib/gcc/arm-none-eabi/13.3.1/../../../../arm-none-eabi/lib/thumb/v7e-m+fp/hard\libc_nano.a(libc_a-stdio.o) (_close_r)
C:/ST/STM32CubeIDE_2.0.0/STM32CubeIDE/plugins/com.st.stm32cube.ide.mcu.externaltools.gnu-tools-for-stm32.13.3.rel1.win32_1.0.100.202509120712/tools/bin/../lib/gcc/arm-none-eabi/13.3.1/../../../../arm-none-eabi/lib/thumb/v7e-m+fp/hard\libc_nano.a(libc_a-reent.o)
                              C:/ST/STM32CubeIDE_2.0.0/STM32CubeIDE/plugins/com.st.stm32cube.ide.mcu.externaltools.gnu-tools-for-stm32.13.3.rel1.win32_1.0.100.202509120712/tools/bin/../lib/gcc/arm-none-eabi/13.3.1/../../../../arm-none-eabi/lib/thumb/v7e-m+fp/hard\libc_nano.a(libc_a-closer.o) (errno)
C:/ST/STM32CubeIDE_2.0.0/STM32CubeIDE/plugins/com.st.stm32cube.ide.mcu.externaltools.gnu-tools-for-stm32.13.3.rel1.win32_1.0.100.202509120712/tools/bin/../lib/gcc/arm-none-eabi/13.3.1/../../../../arm-none-eabi/lib/thumb/v7e-m+fp/hard\libc_nano.a(libc_a-impure.o)
                              C:/ST/STM32CubeIDE_2.0.0/STM32CubeIDE/plugins/com.st.stm32cube.ide.mcu.externaltools.gnu-tools-for-stm32.13.3.rel1.win32_1.0.100.202509120712/tools/bin/../lib/gcc/arm-none-eabi/13.3.1/../../../../arm-none-eabi/lib/thumb/v7e-m+fp/hard\libc_nano.a(libc_a-sprintf.o) (_impure_ptr)
[...]
Memory Configuration

Name             Origin             Length             Attributes
CCMRAM           0x10000000         0x00010000         xrw
RAM              0x20000000         0x00020000         xrw
FLASH            0x08000000         0x00100000         xr
*default*        0x00000000         0xffffffff

Linker script and memory map

LOAD C:/ST/STM32CubeIDE_2.0.0/STM32CubeIDE/plugins/com.st.stm32cube.ide.mcu.externaltools.gnu-tools-for-stm32.13.3.rel1.win32_1.0.100.202509120712/tools/bin/../lib/gcc/arm-none-eabi/13.3.1/thumb/v7e-m+fp/hard/crti.o
LOAD C:/ST/STM32CubeIDE_2.0.0/STM32CubeIDE/plugins/com.st.stm32cube.ide.mcu.externaltools.gnu-tools-for-stm32.13.3.rel1.win32_1.0.100.202509120712/tools/bin/../lib/gcc/arm-none-eabi/13.3.1/thumb/v7e-m+fp/hard/crtbegin.o
LOAD C:/ST/STM32CubeIDE_2.0.0/STM32CubeIDE/plugins/com.st.stm32cube.ide.mcu.externaltools.gnu-tools-for-stm32.13.3.rel1.win32_1.0.100.202509120712/tools/bin/../lib/gcc/arm-none-eabi/13.3.1/../../../../arm-none-eabi/lib/thumb/v7e-m+fp/hard/crt0.o
LOAD ./Core/Src/adc.o
LOAD ./Core/Src/dma.o
LOAD ./Core/Src/freertos.o
LOAD ./Core/Src/gpio.o
LOAD ./Core/Src/main.o
LOAD ./Core/Src/stm32f4xx_hal_msp.o
LOAD ./Core/Src/stm32f4xx_it.o
LOAD ./Core/Src/syscalls.o
LOAD ./Core/Src/sysmem.o
LOAD ./Core/Src/system_stm32f4xx.o
LOAD ./Core/Src/tim.o
LOAD ./Core/Src/usart.o
LOAD ./Core/Startup/startup_stm32f407zgtx.o
LOAD ./Drivers/BSP/Src/motor.o
LOAD ./Drivers/BSP/Src/pid.o
LOAD ./Drivers/STM32F4xx_HAL_Driver/Src/stm32f4xx_hal.o
LOAD ./Drivers/STM32F4xx_HAL_Driver/Src/stm32f4xx_hal_adc.o
LOAD ./Drivers/STM32F4xx_HAL_Driver/Src/stm32f4xx_hal_adc_ex.o
LOAD ./Drivers/STM32F4xx_HAL_Driver/Src/stm32f4xx_hal_cortex.o
LOAD ./Drivers/STM32F4xx_HAL_Driver/Src/stm32f4xx_hal_dma.o
LOAD ./Drivers/STM32F4xx_HAL_Driver/Src/stm32f4xx_hal_dma_ex.o
LOAD ./Drivers/STM32F4xx_HAL_Driver/Src/stm32f4xx_hal_exti.o
LOAD ./Drivers/STM32F4xx_HAL_Driver/Src/stm32f4xx_hal_flash.o
LOAD ./Drivers/STM32F4xx_HAL_Driver/Src/stm32f4xx_hal_flash_ex.o
LOAD ./Drivers/STM32F4xx_HAL_Driver/Src/stm32f4xx_hal_flash_ramfunc.o
LOAD ./Drivers/STM32F4xx_HAL_Driver/Src/stm32f4xx_hal_gpio.o
LOAD ./Drivers/STM32F4xx_HAL_Driver/Src/stm32f4xx_hal_pwr.o
LOAD ./Drivers/STM32F4xx_HAL_Driver/Src/stm32f4xx_hal_pwr_ex.o
LOAD ./Drivers/STM32F4xx_HAL_Driver/Src/stm32f4xx_hal_rcc.o
LOAD ./Drivers/STM32F4xx_HAL_Driver/Src/stm32f4xx_hal_rcc_ex.o
LOAD ./Drivers/STM32F4xx_HAL_Driver/Src/stm32f4xx_hal_tim.o
LOAD ./Drivers/STM32F4xx_HAL_Driver/Src/stm32f4xx_hal_tim_ex.o
LOAD ./Drivers/STM32F4xx_HAL_Driver/Src/stm32f4xx_hal_uart.o
LOAD ./Middlewares/Third_Party/FreeRTOS/Source/CMSIS_RTOS_V2/cmsis_os2.o
LOAD ./Middlewares/Third_Party/FreeRTOS/Source/croutine.o
LOAD ./Middlewares/Third_Party/FreeRTOS/Source/event_groups.o
LOAD ./Middlewares/Third_Party/FreeRTOS/Source/list.o
LOAD ./Middlewares/Third_Party/FreeRTOS/Source/queue.o
LOAD ./Middlewares/Third_Party/FreeRTOS/Source/stream_buffer.o
LOAD ./Middlewares/Third_Party/FreeRTOS/Source/tasks.o
LOAD ./Middlewares/Third_Party/FreeRTOS/Source/timers.o
LOAD ./Middlewares/Third_Party/FreeRTOS/Source/portable/GCC/ARM_CM4F/port.o
LOAD ./Middlewares/Third_Party/FreeRTOS/Source/portable/MemMang/heap_4.o
START GROUP
LOAD C:/ST/STM32CubeIDE_2.0.0/STM32CubeIDE/plugins/com.st.stm32cube.ide.mcu.externaltools.gnu-tools-for-stm32.13.3.rel1.win32_1.0.100.202509120712/tools/bin/../lib/gcc/arm-none-eabi/13.3.1/../../../../arm-none-eabi/lib/thumb/v7e-m+fp/hard\libc_nano.a
LOAD C:/ST/STM32CubeIDE_2.0.0/STM32CubeIDE/plugins/com.st.stm32cube.ide.mcu.externaltools.gnu-tools-for-stm32.13.3.rel1.win32_1.0.100.202509120712/tools/bin/../lib/gcc/arm-none-eabi/13.3.1/../../../../arm-none-eabi/lib/thumb/v7e-m+fp/hard\libm.a
END GROUP
START GROUP
LOAD C:/ST/STM32CubeIDE_2.0.0/STM32CubeIDE/plugins/com.st.stm32cube.ide.mcu.externaltools.gnu-tools-for-stm32.13.3.rel1.win32_1.0.100.202509120712/tools/bin/../lib/gcc/arm-none-eabi/13.3.1/thumb/v7e-m+fp/hard\libgcc.a
LOAD C:/ST/STM32CubeIDE_2.0.0/STM32CubeIDE/plugins/com.st.stm32cube.ide.mcu.externaltools.gnu-tools-for-stm32.13.3.rel1.win32_1.0.100.202509120712/tools/bin/../lib/gcc/arm-none-eabi/13.3.1/../../../../arm-none-eabi/lib/thumb/v7e-m+fp/hard\libc_nano.a
END GROUP
START GROUP
LOAD C:/ST/STM32CubeIDE_2.0.0/STM32CubeIDE/plugins/com.st.stm32cube.ide.mcu.externaltools.gnu-tools-for-stm32.13.3.rel1.win32_1.0.100.202509120712/tools/bin/../lib/gcc/arm-none-eabi/13.3.1/thumb/v7e-m+fp/hard\libgcc.a
LOAD C:/ST/STM32CubeIDE_2.0.0/STM32CubeIDE/plugins/com.st.stm32cube.ide.mcu.externaltools.gnu-tools-for-stm32.13.3.rel1.win32_1.0.100.202509120712/tools/bin/../lib/gcc/arm-none-eabi/13.3.1/../../../../arm-none-eabi/lib/thumb/v7e-m+fp/hard\libc_nano.a
LOAD C:/ST/STM32CubeIDE_2.0.0/STM32CubeIDE/plugins/com.st.stm32cube.ide.mcu.externaltools.gnu-tools-for-stm32.13.3.rel1.win32_1.0.100.202509120712/tools/bin/../lib/gcc/arm-none-eabi/13.3.1/../../../../arm-none-eabi/lib/thumb/v7e-m+fp/hard\libnosys.a
END GROUP
START GROUP
LOAD C:/ST/STM32CubeIDE_2.0.0/STM32CubeIDE/plugins/com.st.stm32cube.ide.mcu.externaltools.gnu-tools-for-stm32.13.3.rel1.win32_1.0.100.202509120712/tools/bin/../lib/gcc/arm-none-eabi/13.3.1/thumb/v7e-m+fp/hard\libgcc.a
LOAD C:/ST/STM32CubeIDE_2.0.0/STM32CubeIDE/plugins/com.st.stm32cube.ide.mcu.externaltools.gnu-tools-for-stm32.13.3.rel1.win32_1.0.100.202509120712/tools/bin/../lib/gcc/arm-none-eabi/13.3.1/../../../../arm-none-eabi/lib/thumb/v7e-m+fp/hard\libc_nano.a
LOAD C:/ST/STM32CubeIDE_2.0.0/STM32CubeIDE/plugins/com.st.stm32cube.ide.mcu.externaltools.gnu-tools-for-stm32.13.3.rel1.win32_1.0.100.202509120712/tools/bin/../lib/gcc/arm-none-eabi/13.3.1/../../../../arm-none-eabi/lib/thumb/v7e-m+fp/hard\libnosys.a
END GROUP
LOAD C:/ST/STM32CubeIDE_2.0.0/STM32CubeIDE/plugins/com.st.stm32cube.ide.mcu.externaltools.gnu-tools-for-stm32.13.3.rel1.win32_1.0.100.202509120712/tools/bin/../lib/gcc/arm-none-eabi/13.3.1/thumb/v7e-m+fp/hard/crtend.o
LOAD C:/ST/STM32CubeIDE_2.0.0/STM32CubeIDE/plugins/com.st.stm32cube.ide.mcu.externaltools.gnu-tools-for-stm32.13.3.rel1.win32_1.0.100.202509120712/tools/bin/../lib/gcc/arm-none-eabi/13.3.1/thumb/v7e-m+fp/hard/crtn.o
                0x20020000                        _estack = (ORIGIN (RAM) + LENGTH (RAM))
                0x00000200                        _Min_Heap_Size = 0x200
                0x00000400                        _Min_Stack_Size = 0x400

.isr_vector     0x08000000      0x188
                0x08000000                        . = ALIGN (0x4)
 *(.isr_vector)
 .isr_vector    0x08000000      0x188 ./Core/Startup/startup_stm32f407zgtx.o
                0x08000000                g_pfnVectors
                0x08000188                        . = ALIGN (0x4)

.text           0x08000190     0xa960
                0x08000190                        . = ALIGN (0x4)
 *(.text)
 .text          0x08000190       0x40 C:/ST/STM32CubeIDE_2.0.0/STM32CubeIDE/plugins/com.st.stm32cube.ide.mcu.externaltools.gnu-tools-for-stm32.13.3.rel1.win32_1.0.100.202509120712/tools/bin/../lib/gcc/arm-none-eabi/13.3.1/thumb/v7e-m+fp/hard/crtbegin.o
 .text          0x080001d0       0x10 C:/ST/STM32CubeIDE_2.0.0/STM32CubeIDE/plugins/com.st.stm32cube.ide.mcu.externaltools.gnu-tools-for-stm32.13.3.rel1.win32_1.0.100.202509120712/tools/bin/../lib/gcc/arm-none-eabi/13.3.1/../../../../arm-none-eabi/lib/thumb/v7e-m+fp/hard\libc_nano.a(libc_a-strlen.o)
                0x080001d0                strlen
 .text          0x080001e0       0xa0 C:/ST/STM32CubeIDE_2.0.0/STM32CubeIDE/plugins/com.st.stm32cube.ide.mcu.externaltools.gnu-tools-for-stm32.13.3.rel1.win32_1.0.100.202509120712/tools/bin/../lib/gcc/arm-none-eabi/13.3.1/../../../../arm-none-eabi/lib/thumb/v7e-m+fp/hard\libc_nano.a(libc_a-memchr.o)
                0x080001e0                memchr
 .text          0x08000280       0x30 C:/ST/STM32CubeIDE_2.0.0/STM32CubeIDE/plugins/com.st.stm32cube.ide.mcu.externaltools.gnu-tools-for-stm32.13.3.rel1.win32_1.0.100.202509120712/tools/bin/../lib/gcc/arm-none-eabi/13.3.1/thumb/v7e-m+fp/hard\libgcc.a(_aeabi_uldivmod.o)
                0x08000280                __aeabi_uldivmod
 .text          0x080002b0      0x2f8 C:/ST/STM32CubeIDE_2.0.0/STM32CubeIDE/plugins/com.st.stm32cube.ide.mcu.externaltools.gnu-tools-for-stm32.13.3.rel1.win32_1.0.100.202509120712/tools/bin/../lib/gcc/arm-none-eabi/13.3.1/thumb/v7e-m+fp/hard\libgcc.a(_udivmoddi4.o)
                0x080002b0                __udivmoddi4
 .text          0x080005a8        0x4 C:/ST/STM32CubeIDE_2.0.0/STM32CubeIDE/plugins/com.st.stm32cube.ide.mcu.externaltools.gnu-tools-for-stm32.13.3.rel1.win32_1.0.100.202509120712/tools/bin/../lib/gcc/arm-none-eabi/13.3.1/thumb/v7e-m+fp/hard\libgcc.a(_dvmd_tls.o)
                0x080005a8                __aeabi_idiv0
                0x080005a8                __aeabi_ldiv0
 *(.text*)
 .text.MX_ADC1_Init
                0x080005ac       0xf0 ./Core/Src/adc.o
                0x080005ac                MX_ADC1_Init
 .text.HAL_ADC_MspInit
                0x0800069c       0x88 ./Core/Src/adc.o
                0x0800069c                HAL_ADC_MspInit
 .text.MX_DMA_Init
                0x08000724       0x50 ./Core/Src/dma.o
                0x08000724                MX_DMA_Init
 .text.MX_FREERTOS_Init
                0x08000774       0xd8 ./Core/Src/freertos.o
                0x08000774                MX_FREERTOS_Init
 .text.StartVisionTask
                0x0800084c       0x10 ./Core/Src/freertos.o
                0x0800084c                StartVisionTask
 .text.StartMotionTask
                0x0800085c      0x1f0 ./Core/Src/freertos.o
                0x0800085c                StartMotionTask
 .text.StartStateTask
                0x08000a4c       0x24 ./Core/Src/freertos.o
                0x08000a4c                StartStateTask
 .text.ParseUARTCommand
                0x08000a70      0x33c ./Core/Src/freertos.o
                0x08000a70                ParseUARTCommand
 .text.StartDebugTask
                0x08000dac      0x274 ./Core/Src/freertos.o
                0x08000dac                StartDebugTask
 .text.MX_GPIO_Init
                0x08001020      0x19c ./Core/Src/gpio.o
                0x08001020                MX_GPIO_Init
 .text.main     0x080011bc       0x44 ./Core/Src/main.o
                0x080011bc                main
 .text.SystemClock_Config
                0x08001200       0xd4 ./Core/Src/main.o
                0x08001200                SystemClock_Config
 .text.HAL_UART_RxCpltCallback
                0x080012d4       0x5c ./Core/Src/main.o
                0x080012d4                HAL_UART_RxCpltCallback
 .text.HAL_TIM_IC_CaptureCallback
                0x08001330       0x74 ./Core/Src/main.o
                0x08001330                HAL_TIM_IC_CaptureCallback
 .text.Error_Handler
                0x080013a4        0xc ./Core/Src/main.o
                0x080013a4                Error_Handler
 .text.HAL_MspInit
                0x080013b0       0x58 ./Core/Src/stm32f4xx_hal_msp.o
                0x080013b0                HAL_MspInit
 .text.NMI_Handler
                0x08001408        0x8 ./Core/Src/stm32f4xx_it.o
                0x08001408                NMI_Handler
 .text.HardFault_Handler
                0x08001410        0x8 ./Core/Src/stm32f4xx_it.o
                0x08001410                HardFault_Handler
 .text.MemManage_Handler
                0x08001418        0x8 ./Core/Src/stm32f4xx_it.o
                0x08001418                MemManage_Handler
 .text.BusFault_Handler
                0x08001420        0x8 ./Core/Src/stm32f4xx_it.o
                0x08001420                BusFault_Handler
 .text.UsageFault_Handler
                0x08001428        0x8 ./Core/Src/stm32f4xx_it.o
                0x08001428                UsageFault_Handler
 .text.DebugMon_Handler
                0x08001430        0xe ./Core/Src/stm32f4xx_it.o
                0x08001430                DebugMon_Handler
 .text.SysTick_Handler
                0x0800143e       0x1a ./Core/Src/stm32f4xx_it.o
                0x0800143e                SysTick_Handler
 .text.DMA1_Stream5_IRQHandler
                0x08001458       0x14 ./Core/Src/stm32f4xx_it.o
                0x08001458                DMA1_Stream5_IRQHandler
 .text.DMA1_Stream6_IRQHandler
                0x0800146c       0x14 ./Core/Src/stm32f4xx_it.o
                0x0800146c                DMA1_Stream6_IRQHandler
 .text.TIM1_UP_TIM10_IRQHandler
                0x08001480       0x14 ./Core/Src/stm32f4xx_it.o
                0x08001480                TIM1_UP_TIM10_IRQHandler
 .text.TIM2_IRQHandler
                0x08001494       0x14 ./Core/Src/stm32f4xx_it.o
                0x08001494                TIM2_IRQHandler
 .text.TIM3_IRQHandler
                0x080014a8       0x14 ./Core/Src/stm32f4xx_it.o
                0x080014a8                TIM3_IRQHandler
 .text.TIM4_IRQHandler
                0x080014bc       0x14 ./Core/Src/stm32f4xx_it.o
                0x080014bc                TIM4_IRQHandler
 .text.USART2_IRQHandler
                0x080014d0       0x14 ./Core/Src/stm32f4xx_it.o
                0x080014d0                USART2_IRQHandler
 .text.USART3_IRQHandler
                0x080014e4       0x14 ./Core/Src/stm32f4xx_it.o
                0x080014e4                USART3_IRQHandler
 .text._sbrk    0x080014f8       0x6c ./Core/Src/sysmem.o
                0x080014f8                _sbrk
 .text.SystemInit
                0x08001564       0x24 ./Core/Src/system_stm32f4xx.o
                0x08001564                SystemInit
 .text.MX_TIM1_Init
                0x08001588       0xb0 ./Core/Src/tim.o
                0x08001588                MX_TIM1_Init
 .text.MX_TIM2_Init
                0x08001638       0xa8 ./Core/Src/tim.o
                0x08001638                MX_TIM2_Init
 .text.MX_TIM3_Init
                0x080016e0       0xa8 ./Core/Src/tim.o
                0x080016e0                MX_TIM3_Init
 .text.MX_TIM4_Init
                0x08001788       0xa8 ./Core/Src/tim.o
                0x08001788                MX_TIM4_Init
 .text.MX_TIM8_Init
                0x08001830      0x1a8 ./Core/Src/tim.o
                0x08001830                MX_TIM8_Init
 .text.HAL_TIM_Encoder_MspInit
                0x080019d8      0x20c ./Core/Src/tim.o
                0x080019d8                HAL_TIM_Encoder_MspInit
 .text.HAL_TIM_Base_MspInit
                0x08001be4       0x44 ./Core/Src/tim.o
                0x08001be4                HAL_TIM_Base_MspInit
 .text.HAL_TIM_MspPostInit
                0x08001c28       0x74 ./Core/Src/tim.o
                0x08001c28                HAL_TIM_MspPostInit
 .text.MX_USART2_UART_Init
                0x08001c9c       0x54 ./Core/Src/usart.o
                0x08001c9c                MX_USART2_UART_Init
 .text.MX_USART3_UART_Init
                0x08001cf0       0x54 ./Core/Src/usart.o
                0x08001cf0                MX_USART3_UART_Init
 .text.HAL_UART_MspInit
                0x08001d44      0x228 ./Core/Src/usart.o
                0x08001d44                HAL_UART_MspInit
 .text.Reset_Handler
                0x08001f6c       0x50 ./Core/Startup/startup_stm32f407zgtx.o
                0x08001f6c                Reset_Handler
 .text.Default_Handler
                0x08001fbc        0x2 ./Core/Startup/startup_stm32f407zgtx.o
                0x08001fbc                RTC_Alarm_IRQHandler
                0x08001fbc                HASH_RNG_IRQHandler
                0x08001fbc                EXTI2_IRQHandler
                0x08001fbc                TIM8_CC_IRQHandler
                0x08001fbc                TIM1_CC_IRQHandler
                0x08001fbc                DMA2_Stream5_IRQHandler
                0x08001fbc                PVD_IRQHandler
                0x08001fbc                SDIO_IRQHandler
                0x08001fbc                TAMP_STAMP_IRQHandler
                0x08001fbc                CAN2_RX1_IRQHandler
                0x08001fbc                EXTI3_IRQHandler
                0x08001fbc                TIM8_TRG_COM_TIM14_IRQHandler
                0x08001fbc                TIM8_UP_TIM13_IRQHandler
                0x08001fbc                I2C3_ER_IRQHandler
                0x08001fbc                EXTI0_IRQHandler
                0x08001fbc                I2C2_EV_IRQHandler
                0x08001fbc                DMA1_Stream2_IRQHandler
                0x08001fbc                CAN1_RX0_IRQHandler
                0x08001fbc                FPU_IRQHandler
                0x08001fbc                OTG_HS_WKUP_IRQHandler
                0x08001fbc                CAN2_SCE_IRQHandler
                0x08001fbc                DMA2_Stream2_IRQHandler
                0x08001fbc                SPI1_IRQHandler
                0x08001fbc                TIM6_DAC_IRQHandler
                0x08001fbc                TIM1_BRK_TIM9_IRQHandler
                0x08001fbc                DCMI_IRQHandler
                0x08001fbc                CAN2_RX0_IRQHandler
                0x08001fbc                DMA2_Stream3_IRQHandler
                0x08001fbc                USART6_IRQHandler
                0x08001fbc                CAN1_RX1_IRQHandler
                0x08001fbc                UART5_IRQHandler
                0x08001fbc                DMA2_Stream0_IRQHandler
                0x08001fbc                I2C1_EV_IRQHandler
                0x08001fbc                DMA1_Stream1_IRQHandler
                0x08001fbc                UART4_IRQHandler
                0x08001fbc                RCC_IRQHandler
                0x08001fbc                TIM8_BRK_TIM12_IRQHandler
                0x08001fbc                Default_Handler
                0x08001fbc                EXTI15_10_IRQHandler
                0x08001fbc                ADC_IRQHandler
                0x08001fbc                DMA1_Stream7_IRQHandler
                0x08001fbc                TIM7_IRQHandler
                0x08001fbc                CAN2_TX_IRQHandler
                0x08001fbc                TIM5_IRQHandler
                0x08001fbc                DMA2_Stream7_IRQHandler
                0x08001fbc                I2C3_EV_IRQHandler
                0x08001fbc                EXTI9_5_IRQHandler
                0x08001fbc                RTC_WKUP_IRQHandler
                0x08001fbc                ETH_WKUP_IRQHandler
                0x08001fbc                SPI2_IRQHandler
                0x08001fbc                OTG_HS_EP1_IN_IRQHandler
                0x08001fbc                DMA1_Stream0_IRQHandler
                0x08001fbc                CAN1_TX_IRQHandler
                0x08001fbc                EXTI4_IRQHandler
                0x08001fbc                FSMC_IRQHandler
                0x08001fbc                ETH_IRQHandler
                0x08001fbc                OTG_HS_EP1_OUT_IRQHandler
                0x08001fbc                WWDG_IRQHandler
                0x08001fbc                OTG_FS_WKUP_IRQHandler
                0x08001fbc                TIM1_TRG_COM_TIM11_IRQHandler
                0x08001fbc                OTG_HS_IRQHandler
                0x08001fbc                EXTI1_IRQHandler
                0x08001fbc                I2C2_ER_IRQHandler
                0x08001fbc                DMA2_Stream1_IRQHandler
                0x08001fbc                CAN1_SCE_IRQHandler
                0x08001fbc                FLASH_IRQHandler
                0x08001fbc                DMA2_Stream4_IRQHandler
                0x08001fbc                USART1_IRQHandler
                0x08001fbc                OTG_FS_IRQHandler
                0x08001fbc                SPI3_IRQHandler
                0x08001fbc                DMA1_Stream4_IRQHandler
                0x08001fbc                I2C1_ER_IRQHandler
                0x08001fbc                DMA2_Stream6_IRQHandler
                0x08001fbc                DMA1_Stream3_IRQHandler
 *fill*         0x08001fbe        0x2 
 .text.Motor_SetPWM
                0x08001fc0      0x170 ./Drivers/BSP/Src/motor.o
 .text.Motor_Init
                0x08002130      0x1a0 ./Drivers/BSP/Src/motor.o
                0x08002130                Motor_Init
 .text.Motor_SetDirection
                0x080022d0       0xe4 ./Drivers/BSP/Src/motor.o
                0x080022d0                Motor_SetDirection
 .text.Motor_SetSpeed
                0x080023b4       0xf4 ./Drivers/BSP/Src/motor.o
                0x080023b4                Motor_SetSpeed
 .text.Motor_Stop
                0x080024a8       0x44 ./Drivers/BSP/Src/motor.o
                0x080024a8                Motor_Stop
 .text.Motor_LimitSpeed
                0x080024ec       0x3c ./Drivers/BSP/Src/motor.o
                0x080024ec                Motor_LimitSpeed
 .text.Chassis_Stop
                0x08002528       0x2c ./Drivers/BSP/Src/motor.o
                0x08002528                Chassis_Stop
 .text.Encoder_GetSpeed
                0x08002554       0x5c ./Drivers/BSP/Src/motor.o
                0x08002554                Encoder_GetSpeed
 .text.Encoder_Update
                0x080025b0       0x84 ./Drivers/BSP/Src/motor.o
                0x080025b0                Encoder_Update
 .text.Encoder_CalculateSpeed
                0x08002634      0x19c ./Drivers/BSP/Src/motor.o
                0x08002634                Encoder_CalculateSpeed
 .text.PID_Position_Init
                0x080027d0       0x70 ./Drivers/BSP/Src/pid.o
                0x080027d0                PID_Position_Init
 .text.PID_Position_SetTarget
                0x08002840       0x26 ./Drivers/BSP/Src/pid.o
                0x08002840                PID_Position_SetTarget
 .text.PID_Position_SetLimits
                0x08002866       0x30 ./Drivers/BSP/Src/pid.o
                0x08002866                PID_Position_SetLimits
 .text.PID_Position_SetIntegralLimits
                0x08002896       0x30 ./Drivers/BSP/Src/pid.o
                0x08002896                PID_Position_SetIntegralLimits
 .text.PID_Position_Calculate
                0x080028c6      0x162 ./Drivers/BSP/Src/pid.o
                0x080028c6                PID_Position_Calculate
 .text.PID_MotorInit
                0x08002a28       0xe0 ./Drivers/BSP/Src/pid.o
                0x08002a28                PID_MotorInit
 .text.PID_MotorSpeedControl
                0x08002b08      0x120 ./Drivers/BSP/Src/pid.o
                0x08002b08                PID_MotorSpeedControl
 .text.HAL_Init
                0x08002c28       0x44 ./Drivers/STM32F4xx_HAL_Driver/Src/stm32f4xx_hal.o
                0x08002c28                HAL_Init
 .text.HAL_InitTick
                0x08002c6c       0x60 ./Drivers/STM32F4xx_HAL_Driver/Src/stm32f4xx_hal.o
                0x08002c6c                HAL_InitTick
 .text.HAL_IncTick
                0x08002ccc       0x28 ./Drivers/STM32F4xx_HAL_Driver/Src/stm32f4xx_hal.o
                0x08002ccc                HAL_IncTick
 .text.HAL_GetTick
                0x08002cf4       0x18 ./Drivers/STM32F4xx_HAL_Driver/Src/stm32f4xx_hal.o
                0x08002cf4                HAL_GetTick
 .text.HAL_ADC_Init
                0x08002d0c       0x86 ./Drivers/STM32F4xx_HAL_Driver/Src/stm32f4xx_hal_adc.o
                0x08002d0c                HAL_ADC_Init
 *fill*         0x08002d92        0x2 
 .text.HAL_ADC_Start
                0x08002d94      0x1a4 ./Drivers/STM32F4xx_HAL_Driver/Src/stm32f4xx_hal_adc.o
                0x08002d94                HAL_ADC_Start
 .text.HAL_ADC_PollForConversion
                0x08002f38      0x116 ./Drivers/STM32F4xx_HAL_Driver/Src/stm32f4xx_hal_adc.o
                0x08002f38                HAL_ADC_PollForConversion
 .text.HAL_ADC_GetValue
                0x0800304e       0x1a ./Drivers/STM32F4xx_HAL_Driver/Src/stm32f4xx_hal_adc.o
                0x0800304e                HAL_ADC_GetValue
 .text.HAL_ADC_ConfigChannel
                0x08003068      0x244 ./Drivers/STM32F4xx_HAL_Driver/Src/stm32f4xx_hal_adc.o
                0x08003068                HAL_ADC_ConfigChannel
 .text.ADC_Init
                0x080032ac      0x1f8 ./Drivers/STM32F4xx_HAL_Driver/Src/stm32f4xx_hal_adc.o
 .text.HAL_ADCEx_InjectedConfigChannel
                0x080034a4      0x32c ./Drivers/STM32F4xx_HAL_Driver/Src/stm32f4xx_hal_adc_ex.o
                0x080034a4                HAL_ADCEx_InjectedConfigChannel
 .text.__NVIC_SetPriorityGrouping
                0x080037d0       0x48 ./Drivers/STM32F4xx_HAL_Driver/Src/stm32f4xx_hal_cortex.o
 .text.__NVIC_GetPriorityGrouping
                0x08003818       0x1c ./Drivers/STM32F4xx_HAL_Driver/Src/stm32f4xx_hal_cortex.o
 .text.__NVIC_EnableIRQ
                0x08003834       0x3c ./Drivers/STM32F4xx_HAL_Driver/Src/stm32f4xx_hal_cortex.o
 .text.__NVIC_SetPriority
                0x08003870       0x54 ./Drivers/STM32F4xx_HAL_Driver/Src/stm32f4xx_hal_cortex.o
 .text.NVIC_EncodePriority
                0x080038c4       0x66 ./Drivers/STM32F4xx_HAL_Driver/Src/stm32f4xx_hal_cortex.o
 *fill*         0x0800392a        0x2 
 .text.SysTick_Config
                0x0800392c       0x44 ./Drivers/STM32F4xx_HAL_Driver/Src/stm32f4xx_hal_cortex.o
 .text.HAL_NVIC_SetPriorityGrouping
                0x08003970       0x16 ./Drivers/STM32F4xx_HAL_Driver/Src/stm32f4xx_hal_cortex.o
                0x08003970                HAL_NVIC_SetPriorityGrouping
 .text.HAL_NVIC_SetPriority
                0x08003986       0x38 ./Drivers/STM32F4xx_HAL_Driver/Src/stm32f4xx_hal_cortex.o
                0x08003986                HAL_NVIC_SetPriority
 .text.HAL_NVIC_EnableIRQ
                0x080039be       0x1c ./Drivers/STM32F4xx_HAL_Driver/Src/stm32f4xx_hal_cortex.o
                0x080039be                HAL_NVIC_EnableIRQ
 .text.HAL_SYSTICK_Config
                0x080039da       0x18 ./Drivers/STM32F4xx_HAL_Driver/Src/stm32f4xx_hal_cortex.o
                0x080039da                HAL_SYSTICK_Config
 *fill*         0x080039f2        0x2 
 .text.HAL_DMA_Init
                0x080039f4      0x15c ./Drivers/STM32F4xx_HAL_Driver/Src/stm32f4xx_hal_dma.o
                0x080039f4                HAL_DMA_Init
 .text.HAL_DMA_Abort
                0x08003b50       0xe0 ./Drivers/STM32F4xx_HAL_Driver/Src/stm32f4xx_hal_dma.o
                0x08003b50                HAL_DMA_Abort
 .text.HAL_DMA_Abort_IT
                0x08003c30       0x44 ./Drivers/STM32F4xx_HAL_Driver/Src/stm32f4xx_hal_dma.o
                0x08003c30                HAL_DMA_Abort_IT
 .text.HAL_DMA_IRQHandler
                0x08003c74      0x314 ./Drivers/STM32F4xx_HAL_Driver/Src/stm32f4xx_hal_dma.o
                0x08003c74                HAL_DMA_IRQHandler
 .text.DMA_CalcBaseAndBitshift
                0x08003f88       0x6c ./Drivers/STM32F4xx_HAL_Driver/Src/stm32f4xx_hal_dma.o
 .text.DMA_CheckFifoParam
                0x08003ff4       0xf8 ./Drivers/STM32F4xx_HAL_Driver/Src/stm32f4xx_hal_dma.o
 .text.HAL_GPIO_Init
                0x080040ec      0x338 ./Drivers/STM32F4xx_HAL_Driver/Src/stm32f4xx_hal_gpio.o
                0x080040ec                HAL_GPIO_Init
 .text.HAL_GPIO_WritePin
                0x08004424       0x32 ./Drivers/STM32F4xx_HAL_Driver/Src/stm32f4xx_hal_gpio.o
                0x08004424                HAL_GPIO_WritePin
 .text.HAL_GPIO_TogglePin
                0x08004456       0x34 ./Drivers/STM32F4xx_HAL_Driver/Src/stm32f4xx_hal_gpio.o
                0x08004456                HAL_GPIO_TogglePin
 *fill*         0x0800448a        0x2 
 .text.HAL_RCC_OscConfig
                0x0800448c      0x4f0 ./Drivers/STM32F4xx_HAL_Driver/Src/stm32f4xx_hal_rcc.o
                0x0800448c                HAL_RCC_OscConfig
 .text.HAL_RCC_ClockConfig
                0x0800497c      0x1cc ./Drivers/STM32F4xx_HAL_Driver/Src/stm32f4xx_hal_rcc.o
                0x0800497c                HAL_RCC_ClockConfig
 .text.HAL_RCC_GetSysClockFreq
                0x08004b48      0x20c ./Drivers/STM32F4xx_HAL_Driver/Src/stm32f4xx_hal_rcc.o
                0x08004b48                HAL_RCC_GetSysClockFreq
 .text.HAL_RCC_GetHCLKFreq
                0x08004d54       0x18 ./Drivers/STM32F4xx_HAL_Driver/Src/stm32f4xx_hal_rcc.o
                0x08004d54                HAL_RCC_GetHCLKFreq
 .text.HAL_RCC_GetPCLK1Freq
                0x08004d6c       0x28 ./Drivers/STM32F4xx_HAL_Driver/Src/stm32f4xx_hal_rcc.o
                0x08004d6c                HAL_RCC_GetPCLK1Freq
 .text.HAL_RCC_GetPCLK2Freq
                0x08004d94       0x28 ./Drivers/STM32F4xx_HAL_Driver/Src/stm32f4xx_hal_rcc.o
                0x08004d94                HAL_RCC_GetPCLK2Freq
 .text.HAL_TIM_Base_Init
                0x08004dbc       0x9e ./Drivers/STM32F4xx_HAL_Driver/Src/stm32f4xx_hal_tim.o
                0x08004dbc                HAL_TIM_Base_Init
 .text.HAL_TIM_PWM_Init
                0x08004e5a       0x9e ./Drivers/STM32F4xx_HAL_Driver/Src/stm32f4xx_hal_tim.o
                0x08004e5a                HAL_TIM_PWM_Init
 .text.HAL_TIM_PWM_MspInit
                0x08004ef8       0x14 ./Drivers/STM32F4xx_HAL_Driver/Src/stm32f4xx_hal_tim.o
                0x08004ef8                HAL_TIM_PWM_MspInit
 .text.HAL_TIM_PWM_Start
                0x08004f0c      0x190 ./Drivers/STM32F4xx_HAL_Driver/Src/stm32f4xx_hal_tim.o
                0x08004f0c                HAL_TIM_PWM_Start
 .text.HAL_TIM_Encoder_Init
                0x0800509c      0x14c ./Drivers/STM32F4xx_HAL_Driver/Src/stm32f4xx_hal_tim.o
                0x0800509c                HAL_TIM_Encoder_Init
 .text.HAL_TIM_Encoder_Start
                0x080051e8      0x11c ./Drivers/STM32F4xx_HAL_Driver/Src/stm32f4xx_hal_tim.o
                0x080051e8                HAL_TIM_Encoder_Start
 .text.HAL_TIM_IRQHandler
                0x08005304      0x1e0 ./Drivers/STM32F4xx_HAL_Driver/Src/stm32f4xx_hal_tim.o
                0x08005304                HAL_TIM_IRQHandler
 .text.HAL_TIM_PWM_ConfigChannel
                0x080054e4      0x184 ./Drivers/STM32F4xx_HAL_Driver/Src/stm32f4xx_hal_tim.o
                0x080054e4                HAL_TIM_PWM_ConfigChannel
 .text.HAL_TIM_ConfigClockSource
                0x08005668      0x18e ./Drivers/STM32F4xx_HAL_Driver/Src/stm32f4xx_hal_tim.o
                0x08005668                HAL_TIM_ConfigClockSource
 .text.HAL_TIM_PeriodElapsedCallback
                0x080057f6       0x14 ./Drivers/STM32F4xx_HAL_Driver/Src/stm32f4xx_hal_tim.o
                0x080057f6                HAL_TIM_PeriodElapsedCallback
 .text.HAL_TIM_OC_DelayElapsedCallback
                0x0800580a       0x14 ./Drivers/STM32F4xx_HAL_Driver/Src/stm32f4xx_hal_tim.o
                0x0800580a                HAL_TIM_OC_DelayElapsedCallback
 .text.HAL_TIM_PWM_PulseFinishedCallback
                0x0800581e       0x14 ./Drivers/STM32F4xx_HAL_Driver/Src/stm32f4xx_hal_tim.o
                0x0800581e                HAL_TIM_PWM_PulseFinishedCallback
 .text.HAL_TIM_TriggerCallback
                0x08005832       0x14 ./Drivers/STM32F4xx_HAL_Driver/Src/stm32f4xx_hal_tim.o
                0x08005832                HAL_TIM_TriggerCallback
 *fill*         0x08005846        0x2 
 .text.TIM_Base_SetConfig
                0x08005848      0x14c ./Drivers/STM32F4xx_HAL_Driver/Src/stm32f4xx_hal_tim.o
                0x08005848                TIM_Base_SetConfig
 .text.TIM_OC1_SetConfig
                0x08005994       0xe0 ./Drivers/STM32F4xx_HAL_Driver/Src/stm32f4xx_hal_tim.o
 .text.TIM_OC2_SetConfig
                0x08005a74       0xec ./Drivers/STM32F4xx_HAL_Driver/Src/stm32f4xx_hal_tim.o
                0x08005a74                TIM_OC2_SetConfig
 .text.TIM_OC3_SetConfig
                0x08005b60       0xe8 ./Drivers/STM32F4xx_HAL_Driver/Src/stm32f4xx_hal_tim.o
 .text.TIM_OC4_SetConfig
                0x08005c48       0xac ./Drivers/STM32F4xx_HAL_Driver/Src/stm32f4xx_hal_tim.o
 .text.TIM_TI1_ConfigInputStage
                0x08005cf4       0x5e ./Drivers/STM32F4xx_HAL_Driver/Src/stm32f4xx_hal_tim.o
 .text.TIM_TI2_ConfigInputStage
                0x08005d52       0x60 ./Drivers/STM32F4xx_HAL_Driver/Src/stm32f4xx_hal_tim.o
 .text.TIM_ITRx_SetConfig
                0x08005db2       0x36 ./Drivers/STM32F4xx_HAL_Driver/Src/stm32f4xx_hal_tim.o
 .text.TIM_ETR_SetConfig
                0x08005de8       0x40 ./Drivers/STM32F4xx_HAL_Driver/Src/stm32f4xx_hal_tim.o
                0x08005de8                TIM_ETR_SetConfig
 .text.TIM_CCxChannelCmd
                0x08005e28       0x4a ./Drivers/STM32F4xx_HAL_Driver/Src/stm32f4xx_hal_tim.o
                0x08005e28                TIM_CCxChannelCmd
 *fill*         0x08005e72        0x2 
 .text.HAL_TIMEx_MasterConfigSynchronization
                0x08005e74       0xf8 ./Drivers/STM32F4xx_HAL_Driver/Src/stm32f4xx_hal_tim_ex.o
                0x08005e74                HAL_TIMEx_MasterConfigSynchronization
 .text.HAL_TIMEx_ConfigBreakDeadTime
                0x08005f6c       0xa4 ./Drivers/STM32F4xx_HAL_Driver/Src/stm32f4xx_hal_tim_ex.o
                0x08005f6c                HAL_TIMEx_ConfigBreakDeadTime
 .text.HAL_TIMEx_CommutCallback
                0x08006010       0x14 ./Drivers/STM32F4xx_HAL_Driver/Src/stm32f4xx_hal_tim_ex.o
                0x08006010                HAL_TIMEx_CommutCallback
 .text.HAL_TIMEx_BreakCallback
                0x08006024       0x14 ./Drivers/STM32F4xx_HAL_Driver/Src/stm32f4xx_hal_tim_ex.o
                0x08006024                HAL_TIMEx_BreakCallback
 .text.HAL_UART_Init
                0x08006038       0xa0 ./Drivers/STM32F4xx_HAL_Driver/Src/stm32f4xx_hal_uart.o
                0x08006038                HAL_UART_Init
 .text.HAL_UART_Transmit
                0x080060d8      0x116 ./Drivers/STM32F4xx_HAL_Driver/Src/stm32f4xx_hal_uart.o
                0x080060d8                HAL_UART_Transmit
 .text.HAL_UART_Receive
                0x080061ee      0x12e ./Drivers/STM32F4xx_HAL_Driver/Src/stm32f4xx_hal_uart.o
                0x080061ee                HAL_UART_Receive
 .text.HAL_UART_Receive_IT
                0x0800631c       0x4a ./Drivers/STM32F4xx_HAL_Driver/Src/stm32f4xx_hal_uart.o
                0x0800631c                HAL_UART_Receive_IT
 *fill*         0x08006366        0x2 
 .text.HAL_UART_IRQHandler
                0x08006368      0x554 ./Drivers/STM32F4xx_HAL_Driver/Src/stm32f4xx_hal_uart.o
                0x08006368                HAL_UART_IRQHandler
 .text.HAL_UART_TxCpltCallback
                0x080068bc       0x14 ./Drivers/STM32F4xx_HAL_Driver/Src/stm32f4xx_hal_uart.o
                0x080068bc                HAL_UART_TxCpltCallback
 .text.HAL_UART_ErrorCallback
                0x080068d0       0x14 ./Drivers/STM32F4xx_HAL_Driver/Src/stm32f4xx_hal_uart.o
                0x080068d0                HAL_UART_ErrorCallback
 .text.HAL_UARTEx_RxEventCallback
                0x080068e4       0x18 ./Drivers/STM32F4xx_HAL_Driver/Src/stm32f4xx_hal_uart.o
                0x080068e4                HAL_UARTEx_RxEventCallback
 .text.UART_WaitOnFlagUntilTimeout
                0x080068fc       0xb2 ./Drivers/STM32F4xx_HAL_Driver/Src/stm32f4xx_hal_uart.o
 .text.UART_Start_Receive_IT
                0x080069ae       0x74 ./Drivers/STM32F4xx_HAL_Driver/Src/stm32f4xx_hal_uart.o
                0x080069ae                UART_Start_Receive_IT
 .text.UART_EndRxTransfer
                0x08006a22       0xc6 ./Drivers/STM32F4xx_HAL_Driver/Src/stm32f4xx_hal_uart.o
 .text.UART_DMAAbortOnError
                0x08006ae8       0x22 ./Drivers/STM32F4xx_HAL_Driver/Src/stm32f4xx_hal_uart.o
 .text.UART_Transmit_IT
                0x08006b0a       0xa0 ./Drivers/STM32F4xx_HAL_Driver/Src/stm32f4xx_hal_uart.o
 .text.UART_EndTransmit_IT
                0x08006baa       0x30 ./Drivers/STM32F4xx_HAL_Driver/Src/stm32f4xx_hal_uart.o
 .text.UART_Receive_IT
                0x08006bda      0x17c ./Drivers/STM32F4xx_HAL_Driver/Src/stm32f4xx_hal_uart.o
 *fill*         0x08006d56        0x2 
 .text.UART_SetConfig
                0x08006d58      0x4e8 ./Drivers/STM32F4xx_HAL_Driver/Src/stm32f4xx_hal_uart.o
 .text.__NVIC_SetPriority
                0x08007240       0x54 ./Middlewares/Third_Party/FreeRTOS/Source/CMSIS_RTOS_V2/cmsis_os2.o
 .text.SVC_Setup
                0x08007294       0x12 ./Middlewares/Third_Party/FreeRTOS/Source/CMSIS_RTOS_V2/cmsis_os2.o
 *fill*         0x080072a6        0x2 
 .text.osKernelInitialize
                0x080072a8       0x48 ./Middlewares/Third_Party/FreeRTOS/Source/CMSIS_RTOS_V2/cmsis_os2.o
                0x080072a8                osKernelInitialize
 .text.osKernelStart
                0x080072f0       0x4c ./Middlewares/Third_Party/FreeRTOS/Source/CMSIS_RTOS_V2/cmsis_os2.o
                0x080072f0                osKernelStart
 .text.osThreadNew
                0x0800733c      0x124 ./Middlewares/Third_Party/FreeRTOS/Source/CMSIS_RTOS_V2/cmsis_os2.o
                0x0800733c                osThreadNew
 .text.osDelay  0x08007460       0x36 ./Middlewares/Third_Party/FreeRTOS/Source/CMSIS_RTOS_V2/cmsis_os2.o
                0x08007460                osDelay
 .text.osSemaphoreNew
                0x08007496      0x112 ./Middlewares/Third_Party/FreeRTOS/Source/CMSIS_RTOS_V2/cmsis_os2.o
                0x08007496                osSemaphoreNew
 .text.osMessageQueueNew
                0x080075a8       0xe6 ./Middlewares/Third_Party/FreeRTOS/Source/CMSIS_RTOS_V2/cmsis_os2.o
                0x080075a8                osMessageQueueNew
 *fill*         0x0800768e        0x2 
 .text.vApplicationGetIdleTaskMemory
                0x08007690       0x34 ./Middlewares/Third_Party/FreeRTOS/Source/CMSIS_RTOS_V2/cmsis_os2.o
                0x08007690                vApplicationGetIdleTaskMemory
 .text.vApplicationGetTimerTaskMemory
                0x080076c4       0x34 ./Middlewares/Third_Party/FreeRTOS/Source/CMSIS_RTOS_V2/cmsis_os2.o
                0x080076c4                vApplicationGetTimerTaskMemory
 .text.vListInitialise
                0x080076f8       0x40 ./Middlewares/Third_Party/FreeRTOS/Source/list.o
                0x080076f8                vListInitialise
 .text.vListInitialiseItem
                0x08007738       0x1a ./Middlewares/Third_Party/FreeRTOS/Source/list.o
                0x08007738                vListInitialiseItem
 .text.vListInsertEnd
                0x08007752       0x48 ./Middlewares/Third_Party/FreeRTOS/Source/list.o
                0x08007752                vListInsertEnd
 .text.vListInsert
                0x0800779a       0x72 ./Middlewares/Third_Party/FreeRTOS/Source/list.o
                0x0800779a                vListInsert
 .text.uxListRemove
                0x0800780c       0x54 ./Middlewares/Third_Party/FreeRTOS/Source/list.o
                0x0800780c                uxListRemove
 .text.xQueueGenericReset
                0x08007860       0xd4 ./Middlewares/Third_Party/FreeRTOS/Source/queue.o
                0x08007860                xQueueGenericReset
 .text.xQueueGenericCreateStatic
                0x08007934       0xfa ./Middlewares/Third_Party/FreeRTOS/Source/queue.o
                0x08007934                xQueueGenericCreateStatic
 .text.xQueueGenericCreate
                0x08007a2e       0x76 ./Middlewares/Third_Party/FreeRTOS/Source/queue.o
                0x08007a2e                xQueueGenericCreate
 .text.prvInitialiseNewQueue
                0x08007aa4       0x46 ./Middlewares/Third_Party/FreeRTOS/Source/queue.o
 .text.xQueueCreateCountingSemaphoreStatic
                0x08007aea       0x72 ./Middlewares/Third_Party/FreeRTOS/Source/queue.o
                0x08007aea                xQueueCreateCountingSemaphoreStatic
 .text.xQueueCreateCountingSemaphore
                0x08007b5c       0x6a ./Middlewares/Third_Party/FreeRTOS/Source/queue.o
                0x08007b5c                xQueueCreateCountingSemaphore
 *fill*         0x08007bc6        0x2 
 .text.xQueueGenericSend
                0x08007bc8      0x204 ./Middlewares/Third_Party/FreeRTOS/Source/queue.o
                0x08007bc8                xQueueGenericSend
 .text.xQueueGenericSendFromISR
                0x08007dcc      0x13c ./Middlewares/Third_Party/FreeRTOS/Source/queue.o
                0x08007dcc                xQueueGenericSendFromISR
 .text.xQueueReceive
                0x08007f08      0x1c4 ./Middlewares/Third_Party/FreeRTOS/Source/queue.o
                0x08007f08                xQueueReceive
 .text.vQueueDelete
                0x080080cc       0x48 ./Middlewares/Third_Party/FreeRTOS/Source/queue.o
                0x080080cc                vQueueDelete
 .text.prvCopyDataToQueue
                0x08008114       0xd4 ./Middlewares/Third_Party/FreeRTOS/Source/queue.o
 .text.prvCopyDataFromQueue
                0x080081e8       0x4c ./Middlewares/Third_Party/FreeRTOS/Source/queue.o
 .text.prvUnlockQueue
                0x08008234       0xa4 ./Middlewares/Third_Party/FreeRTOS/Source/queue.o
 .text.prvIsQueueEmpty
                0x080082d8       0x2c ./Middlewares/Third_Party/FreeRTOS/Source/queue.o
 .text.prvIsQueueFull
                0x08008304       0x30 ./Middlewares/Third_Party/FreeRTOS/Source/queue.o
 .text.vQueueAddToRegistry
                0x08008334       0x54 ./Middlewares/Third_Party/FreeRTOS/Source/queue.o
                0x08008334                vQueueAddToRegistry
 .text.vQueueUnregisterQueue
                0x08008388       0x54 ./Middlewares/Third_Party/FreeRTOS/Source/queue.o
                0x08008388                vQueueUnregisterQueue
 .text.vQueueWaitForMessageRestricted
                0x080083dc       0x68 ./Middlewares/Third_Party/FreeRTOS/Source/queue.o
                0x080083dc                vQueueWaitForMessageRestricted
 .text.xTaskCreateStatic
                0x08008444       0xc0 ./Middlewares/Third_Party/FreeRTOS/Source/tasks.o
                0x08008444                xTaskCreateStatic
 .text.xTaskCreate
                0x08008504       0x8a ./Middlewares/Third_Party/FreeRTOS/Source/tasks.o
                0x08008504                xTaskCreate
 .text.prvInitialiseNewTask
                0x0800858e      0x120 ./Middlewares/Third_Party/FreeRTOS/Source/tasks.o
 *fill*         0x080086ae        0x2 
 .text.prvAddNewTaskToReadyList
                0x080086b0       0xe0 ./Middlewares/Third_Party/FreeRTOS/Source/tasks.o
 .text.vTaskDelay
                0x08008790       0x6c ./Middlewares/Third_Party/FreeRTOS/Source/tasks.o
                0x08008790                vTaskDelay
 .text.vTaskStartScheduler
                0x080087fc       0xd0 ./Middlewares/Third_Party/FreeRTOS/Source/tasks.o
                0x080087fc                vTaskStartScheduler
 .text.vTaskSuspendAll
                0x080088cc       0x1c ./Middlewares/Third_Party/FreeRTOS/Source/tasks.o
                0x080088cc                vTaskSuspendAll
 .text.xTaskResumeAll
                0x080088e8      0x13c ./Middlewares/Third_Party/FreeRTOS/Source/tasks.o
                0x080088e8                xTaskResumeAll
 .text.xTaskGetTickCount
                0x08008a24       0x20 ./Middlewares/Third_Party/FreeRTOS/Source/tasks.o
                0x08008a24                xTaskGetTickCount
 .text.xTaskIncrementTick
                0x08008a44      0x174 ./Middlewares/Third_Party/FreeRTOS/Source/tasks.o
                0x08008a44                xTaskIncrementTick
 .text.vTaskSwitchContext
                0x08008bb8       0xbc ./Middlewares/Third_Party/FreeRTOS/Source/tasks.o
                0x08008bb8                vTaskSwitchContext
 .text.vTaskPlaceOnEventList
                0x08008c74       0x4c ./Middlewares/Third_Party/FreeRTOS/Source/tasks.o
                0x08008c74                vTaskPlaceOnEventList
 .text.vTaskPlaceOnEventListRestricted
                0x08008cc0       0x58 ./Middlewares/Third_Party/FreeRTOS/Source/tasks.o
                0x08008cc0                vTaskPlaceOnEventListRestricted
 .text.xTaskRemoveFromEventList
                0x08008d18       0xc8 ./Middlewares/Third_Party/FreeRTOS/Source/tasks.o
                0x08008d18                xTaskRemoveFromEventList
 .text.vTaskInternalSetTimeOutState
                0x08008de0       0x2c ./Middlewares/Third_Party/FreeRTOS/Source/tasks.o
                0x08008de0                vTaskInternalSetTimeOutState
 .text.xTaskCheckForTimeOut
                0x08008e0c       0xc8 ./Middlewares/Third_Party/FreeRTOS/Source/tasks.o
                0x08008e0c                xTaskCheckForTimeOut
 .text.vTaskMissedYield
                0x08008ed4       0x18 ./Middlewares/Third_Party/FreeRTOS/Source/tasks.o
                0x08008ed4                vTaskMissedYield
 .text.prvIdleTask
                0x08008eec       0x30 ./Middlewares/Third_Party/FreeRTOS/Source/tasks.o
 .text.prvInitialiseTaskLists
                0x08008f1c       0x80 ./Middlewares/Third_Party/FreeRTOS/Source/tasks.o
 .text.prvCheckTasksWaitingTermination
                0x08008f9c       0x5c ./Middlewares/Third_Party/FreeRTOS/Source/tasks.o
 .text.prvDeleteTCB
                0x08008ff8       0x60 ./Middlewares/Third_Party/FreeRTOS/Source/tasks.o
 .text.prvResetNextTaskUnblockTime
                0x08009058       0x40 ./Middlewares/Third_Party/FreeRTOS/Source/tasks.o
 .text.xTaskGetSchedulerState
                0x08009098       0x3c ./Middlewares/Third_Party/FreeRTOS/Source/tasks.o
                0x08009098                xTaskGetSchedulerState
 .text.xTaskPriorityDisinherit
                0x080090d4       0xe0 ./Middlewares/Third_Party/FreeRTOS/Source/tasks.o
                0x080090d4                xTaskPriorityDisinherit
 .text.prvAddCurrentTaskToDelayedList
                0x080091b4       0xa8 ./Middlewares/Third_Party/FreeRTOS/Source/tasks.o
 .text.xTimerCreateTimerTask
                0x0800925c       0x94 ./Middlewares/Third_Party/FreeRTOS/Source/timers.o
                0x0800925c                xTimerCreateTimerTask
 .text.xTimerGenericCommand
                0x080092f0       0x9c ./Middlewares/Third_Party/FreeRTOS/Source/timers.o
                0x080092f0                xTimerGenericCommand
 .text.prvProcessExpiredTimer
                0x0800938c       0x9c ./Middlewares/Third_Party/FreeRTOS/Source/timers.o
 .text.prvTimerTask
                0x08009428       0x26 ./Middlewares/Third_Party/FreeRTOS/Source/timers.o
 *fill*         0x0800944e        0x2 
 .text.prvProcessTimerOrBlockTask
                0x08009450       0x9c ./Middlewares/Third_Party/FreeRTOS/Source/timers.o
 .text.prvGetNextExpireTime
                0x080094ec       0x48 ./Middlewares/Third_Party/FreeRTOS/Source/timers.o
 .text.prvSampleTimeNow
                0x08009534       0x40 ./Middlewares/Third_Party/FreeRTOS/Source/timers.o
 .text.prvInsertTimerInActiveList
                0x08009574       0x84 ./Middlewares/Third_Party/FreeRTOS/Source/timers.o
 .text.prvProcessReceivedCommands
                0x080095f8      0x1cc ./Middlewares/Third_Party/FreeRTOS/Source/timers.o
 .text.prvSwitchTimerLists
                0x080097c4       0xcc ./Middlewares/Third_Party/FreeRTOS/Source/timers.o
 .text.prvCheckForValidListAndQueue
                0x08009890       0x80 ./Middlewares/Third_Party/FreeRTOS/Source/timers.o
 .text.pxPortInitialiseStack
                0x08009910       0x68 ./Middlewares/Third_Party/FreeRTOS/Source/portable/GCC/ARM_CM4F/port.o
                0x08009910                pxPortInitialiseStack
 .text.prvTaskExitError
                0x08009978       0x5c ./Middlewares/Third_Party/FreeRTOS/Source/portable/GCC/ARM_CM4F/port.o
 *fill*         0x080099d4        0xc 
 .text.SVC_Handler
                0x080099e0       0x28 ./Middlewares/Third_Party/FreeRTOS/Source/portable/GCC/ARM_CM4F/port.o
                0x080099e0                SVC_Handler
 .text.prvPortStartFirstTask
                0x08009a08       0x28 ./Middlewares/Third_Party/FreeRTOS/Source/portable/GCC/ARM_CM4F/port.o
 .text.xPortStartScheduler
                0x08009a30      0x148 ./Middlewares/Third_Party/FreeRTOS/Source/portable/GCC/ARM_CM4F/port.o
                0x08009a30                xPortStartScheduler
 .text.vPortEnterCritical
                0x08009b78       0x64 ./Middlewares/Third_Party/FreeRTOS/Source/portable/GCC/ARM_CM4F/port.o
                0x08009b78                vPortEnterCritical
 .text.vPortExitCritical
                0x08009bdc       0x54 ./Middlewares/Third_Party/FreeRTOS/Source/portable/GCC/ARM_CM4F/port.o
                0x08009bdc                vPortExitCritical
 .text.PendSV_Handler
                0x08009c30       0x68 ./Middlewares/Third_Party/FreeRTOS/Source/portable/GCC/ARM_CM4F/port.o
                0x08009c30                PendSV_Handler
 .text.xPortSysTickHandler
                0x08009c98       0x44 ./Middlewares/Third_Party/FreeRTOS/Source/portable/GCC/ARM_CM4F/port.o
                0x08009c98                xPortSysTickHandler
 .text.vPortSetupTimerInterrupt
                0x08009cdc       0x48 ./Middlewares/Third_Party/FreeRTOS/Source/portable/GCC/ARM_CM4F/port.o
                0x08009cdc                vPortSetupTimerInterrupt
 .text.vPortEnableVFP
                0x08009d24       0x14 ./Middlewares/Third_Party/FreeRTOS/Source/portable/GCC/ARM_CM4F/port.o
 .text.vPortValidateInterruptPriority
                0x08009d38       0x84 ./Middlewares/Third_Party/FreeRTOS/Source/portable/GCC/ARM_CM4F/port.o
                0x08009d38                vPortValidateInterruptPriority
 .text.pvPortMalloc
                0x08009dbc      0x19c ./Middlewares/Third_Party/FreeRTOS/Source/portable/MemMang/heap_4.o
                0x08009dbc                pvPortMalloc
 .text.vPortFree
                0x08009f58       0xc8 ./Middlewares/Third_Party/FreeRTOS/Source/portable/MemMang/heap_4.o
                0x08009f58                vPortFree
 .text.prvHeapInit
                0x0800a020       0xc4 ./Middlewares/Third_Party/FreeRTOS/Source/portable/MemMang/heap_4.o
 .text.prvInsertBlockIntoFreeList
                0x0800a0e4       0xb4 ./Middlewares/Third_Party/FreeRTOS/Source/portable/MemMang/heap_4.o
 .text.sprintf  0x0800a198       0x44 C:/ST/STM32CubeIDE_2.0.0/STM32CubeIDE/plugins/com.st.stm32cube.ide.mcu.externaltools.gnu-tools-for-stm32.13.3.rel1.win32_1.0.100.202509120712/tools/bin/../lib/gcc/arm-none-eabi/13.3.1/../../../../arm-none-eabi/lib/thumb/v7e-m+fp/hard\libc_nano.a(libc_a-sprintf.o)
                0x0800a198                siprintf
                0x0800a198                sprintf
 .text.memset   0x0800a1dc       0x10 C:/ST/STM32CubeIDE_2.0.0/STM32CubeIDE/plugins/com.st.stm32cube.ide.mcu.externaltools.gnu-tools-for-stm32.13.3.rel1.win32_1.0.100.202509120712/tools/bin/../lib/gcc/arm-none-eabi/13.3.1/../../../../arm-none-eabi/lib/thumb/v7e-m+fp/hard\libc_nano.a(libc_a-memset.o)
                0x0800a1dc                memset
 .text.__errno  0x0800a1ec        0xc C:/ST/STM32CubeIDE_2.0.0/STM32CubeIDE/plugins/com.st.stm32cube.ide.mcu.externaltools.gnu-tools-for-stm32.13.3.rel1.win32_1.0.100.202509120712/tools/bin/../lib/gcc/arm-none-eabi/13.3.1/../../../../arm-none-eabi/lib/thumb/v7e-m+fp/hard\libc_nano.a(libc_a-errno.o)
                0x0800a1ec                __errno
 .text.__libc_init_array
                0x0800a1f8       0x48 C:/ST/STM32CubeIDE_2.0.0/STM32CubeIDE/plugins/com.st.stm32cube.ide.mcu.externaltools.gnu-tools-for-stm32.13.3.rel1.win32_1.0.100.202509120712/tools/bin/../lib/gcc/arm-none-eabi/13.3.1/../../../../arm-none-eabi/lib/thumb/v7e-m+fp/hard\libc_nano.a(libc_a-init.o)
                0x0800a1f8                __libc_init_array
 .text.__retarget_lock_acquire_recursive
                0x0800a240        0x2 C:/ST/STM32CubeIDE_2.0.0/STM32CubeIDE/plugins/com.st.stm32cube.ide.mcu.externaltools.gnu-tools-for-stm32.13.3.rel1.win32_1.0.100.202509120712/tools/bin/../lib/gcc/arm-none-eabi/13.3.1/../../../../arm-none-eabi/lib/thumb/v7e-m+fp/hard\libc_nano.a(libc_a-lock.o)
                0x0800a240                __retarget_lock_acquire_recursive
 .text.__retarget_lock_release_recursive
                0x0800a242        0x2 C:/ST/STM32CubeIDE_2.0.0/STM32CubeIDE/plugins/com.st.stm32cube.ide.mcu.externaltools.gnu-tools-for-stm32.13.3.rel1.win32_1.0.100.202509120712/tools/bin/../lib/gcc/arm-none-eabi/13.3.1/../../../../arm-none-eabi/lib/thumb/v7e-m+fp/hard\libc_nano.a(libc_a-lock.o)
                0x0800a242                __retarget_lock_release_recursive
 .text.memcpy   0x0800a244       0x1c C:/ST/STM32CubeIDE_2.0.0/STM32CubeIDE/plugins/com.st.stm32cube.ide.mcu.externaltools.gnu-tools-for-stm32.13.3.rel1.win32_1.0.100.202509120712/tools/bin/../lib/gcc/arm-none-eabi/13.3.1/../../../../arm-none-eabi/lib/thumb/v7e-m+fp/hard\libc_nano.a(libc_a-memcpy-stub.o)
                0x0800a244                memcpy
 .text._free_r  0x0800a260       0x94 C:/ST/STM32CubeIDE_2.0.0/STM32CubeIDE/plugins/com.st.stm32cube.ide.mcu.externaltools.gnu-tools-for-stm32.13.3.rel1.win32_1.0.100.202509120712/tools/bin/../lib/gcc/arm-none-eabi/13.3.1/../../../../arm-none-eabi/lib/thumb/v7e-m+fp/hard\libc_nano.a(libc_a-freer.o)
                0x0800a260                _free_r
 .text.sbrk_aligned
                0x0800a2f4       0x44 C:/ST/STM32CubeIDE_2.0.0/STM32CubeIDE/plugins/com.st.stm32cube.ide.mcu.externaltools.gnu-tools-for-stm32.13.3.rel1.win32_1.0.100.202509120712/tools/bin/../lib/gcc/arm-none-eabi/13.3.1/../../../../arm-none-eabi/lib/thumb/v7e-m+fp/hard\libc_nano.a(libc_a-mallocr.o)
 .text._malloc_r
                0x0800a338      0x100 C:/ST/STM32CubeIDE_2.0.0/STM32CubeIDE/plugins/com.st.stm32cube.ide.mcu.externaltools.gnu-tools-for-stm32.13.3.rel1.win32_1.0.100.202509120712/tools/bin/../lib/gcc/arm-none-eabi/13.3.1/../../../../arm-none-eabi/lib/thumb/v7e-m+fp/hard\libc_nano.a(libc_a-mallocr.o)
                0x0800a338                _malloc_r
 .text.__malloc_lock
                0x0800a438        0xc C:/ST/STM32CubeIDE_2.0.0/STM32CubeIDE/plugins/com.st.stm32cube.ide.mcu.externaltools.gnu-tools-for-stm32.13.3.rel1.win32_1.0.100.202509120712/tools/bin/../lib/gcc/arm-none-eabi/13.3.1/../../../../arm-none-eabi/lib/thumb/v7e-m+fp/hard\libc_nano.a(libc_a-mlock.o)
                0x0800a438                __malloc_lock
 .text.__malloc_unlock
                0x0800a444        0xc C:/ST/STM32CubeIDE_2.0.0/STM32CubeIDE/plugins/com.st.stm32cube.ide.mcu.externaltools.gnu-tools-for-stm32.13.3.rel1.win32_1.0.100.202509120712/tools/bin/../lib/gcc/arm-none-eabi/13.3.1/../../../../arm-none-eabi/lib/thumb/v7e-m+fp/hard\libc_nano.a(libc_a-mlock.o)
                0x0800a444                __malloc_unlock
 .text.__ssputs_r
                0x0800a450       0xb6 C:/ST/STM32CubeIDE_2.0.0/STM32CubeIDE/plugins/com.st.stm32cube.ide.mcu.externaltools.gnu-tools-for-stm32.13.3.rel1.win32_1.0.100.202509120712/tools/bin/../lib/gcc/arm-none-eabi/13.3.1/../../../../arm-none-eabi/lib/thumb/v7e-m+fp/hard\libc_nano.a(libc_a-nano-svfprintf.o)
                0x0800a450                __ssputs_r
 *fill*         0x0800a506        0x2 
 .text._svfprintf_r
                0x0800a508      0x1f8 C:/ST/STM32CubeIDE_2.0.0/STM32CubeIDE/plugins/com.st.stm32cube.ide.mcu.externaltools.gnu-tools-for-stm32.13.3.rel1.win32_1.0.100.202509120712/tools/bin/../lib/gcc/arm-none-eabi/13.3.1/../../../../arm-none-eabi/lib/thumb/v7e-m+fp/hard\libc_nano.a(libc_a-nano-svfprintf.o)
                0x0800a508                _svfiprintf_r
                0x0800a508                _svfprintf_r
 .text._printf_common
                0x0800a700       0xda C:/ST/STM32CubeIDE_2.0.0/STM32CubeIDE/plugins/com.st.stm32cube.ide.mcu.externaltools.gnu-tools-for-stm32.13.3.rel1.win32_1.0.100.202509120712/tools/bin/../lib/gcc/arm-none-eabi/13.3.1/../../../../arm-none-eabi/lib/thumb/v7e-m+fp/hard\libc_nano.a(libc_a-nano-vfprintf_i.o)
                0x0800a700                _printf_common
 *fill*         0x0800a7da        0x2 
 .text._printf_i
                0x0800a7dc      0x23c C:/ST/STM32CubeIDE_2.0.0/STM32CubeIDE/plugins/com.st.stm32cube.ide.mcu.externaltools.gnu-tools-for-stm32.13.3.rel1.win32_1.0.100.202509120712/tools/bin/../lib/gcc/arm-none-eabi/13.3.1/../../../../arm-none-eabi/lib/thumb/v7e-m+fp/hard\libc_nano.a(libc_a-nano-vfprintf_i.o)
                0x0800a7dc                _printf_i
 .text.memmove  0x0800aa18       0x34 C:/ST/STM32CubeIDE_2.0.0/STM32CubeIDE/plugins/com.st.stm32cube.ide.mcu.externaltools.gnu-tools-for-stm32.13.3.rel1.win32_1.0.100.202509120712/tools/bin/../lib/gcc/arm-none-eabi/13.3.1/../../../../arm-none-eabi/lib/thumb/v7e-m+fp/hard\libc_nano.a(libc_a-memmove.o)
                0x0800aa18                memmove
 .text._sbrk_r  0x0800aa4c       0x20 C:/ST/STM32CubeIDE_2.0.0/STM32CubeIDE/plugins/com.st.stm32cube.ide.mcu.externaltools.gnu-tools-for-stm32.13.3.rel1.win32_1.0.100.202509120712/tools/bin/../lib/gcc/arm-none-eabi/13.3.1/../../../../arm-none-eabi/lib/thumb/v7e-m+fp/hard\libc_nano.a(libc_a-sbrkr.o)
                0x0800aa4c                _sbrk_r
 .text._realloc_r
                0x0800aa6c       0x5c C:/ST/STM32CubeIDE_2.0.0/STM32CubeIDE/plugins/com.st.stm32cube.ide.mcu.externaltools.gnu-tools-for-stm32.13.3.rel1.win32_1.0.100.202509120712/tools/bin/../lib/gcc/arm-none-eabi/13.3.1/../../../../arm-none-eabi/lib/thumb/v7e-m+fp/hard\libc_nano.a(libc_a-reallocr.o)
                0x0800aa6c                _realloc_r
 .text._malloc_usable_size_r
                0x0800aac8       0x10 C:/ST/STM32CubeIDE_2.0.0/STM32CubeIDE/plugins/com.st.stm32cube.ide.mcu.externaltools.gnu-tools-for-stm32.13.3.rel1.win32_1.0.100.202509120712/tools/bin/../lib/gcc/arm-none-eabi/13.3.1/../../../../arm-none-eabi/lib/thumb/v7e-m+fp/hard\libc_nano.a(libc_a-msizer.o)
                0x0800aac8                _malloc_usable_size_r
 *(.glue_7)
 .glue_7        0x0800aad8        0x0 linker stubs
 *(.glue_7t)
 .glue_7t       0x0800aad8        0x0 linker stubs
 *(.eh_frame)
 .eh_frame      0x0800aad8        0x0 C:/ST/STM32CubeIDE_2.0.0/STM32CubeIDE/plugins/com.st.stm32cube.ide.mcu.externaltools.gnu-tools-for-stm32.13.3.rel1.win32_1.0.100.202509120712/tools/bin/../lib/gcc/arm-none-eabi/13.3.1/thumb/v7e-m+fp/hard/crtbegin.o
 *(.init)
 .init          0x0800aad8        0x4 C:/ST/STM32CubeIDE_2.0.0/STM32CubeIDE/plugins/com.st.stm32cube.ide.mcu.externaltools.gnu-tools-for-stm32.13.3.rel1.win32_1.0.100.202509120712/tools/bin/../lib/gcc/arm-none-eabi/13.3.1/thumb/v7e-m+fp/hard/crti.o
                0x0800aad8                _init
 .init          0x0800aadc        0x8 C:/ST/STM32CubeIDE_2.0.0/STM32CubeIDE/plugins/com.st.stm32cube.ide.mcu.externaltools.gnu-tools-for-stm32.13.3.rel1.win32_1.0.100.202509120712/tools/bin/../lib/gcc/arm-none-eabi/13.3.1/thumb/v7e-m+fp/hard/crtn.o
 *(.fini)
 .fini          0x0800aae4        0x4 C:/ST/STM32CubeIDE_2.0.0/STM32CubeIDE/plugins/com.st.stm32cube.ide.mcu.externaltools.gnu-tools-for-stm32.13.3.rel1.win32_1.0.100.202509120712/tools/bin/../lib/gcc/arm-none-eabi/13.3.1/thumb/v7e-m+fp/hard/crti.o
                0x0800aae4                _fini
 .fini          0x0800aae8        0x8 C:/ST/STM32CubeIDE_2.0.0/STM32CubeIDE/plugins/com.st.stm32cube.ide.mcu.externaltools.gnu-tools-for-stm32.13.3.rel1.win32_1.0.100.202509120712/tools/bin/../lib/gcc/arm-none-eabi/13.3.1/thumb/v7e-m+fp/hard/crtn.o
                0x0800aaf0                        . = ALIGN (0x4)
                0x0800aaf0                        _etext = .

.vfp11_veneer   0x0800aaf0        0x0
 .vfp11_veneer  0x0800aaf0        0x0 linker stubs

.v4_bx          0x0800aaf0        0x0
 .v4_bx         0x0800aaf0        0x0 linker stubs

.iplt           0x0800aaf0        0x0
 .iplt          0x0800aaf0        0x0 C:/ST/STM32CubeIDE_2.0.0/STM32CubeIDE/plugins/com.st.stm32cube.ide.mcu.externaltools.gnu-tools-for-stm32.13.3.rel1.win32_1.0.100.202509120712/tools/bin/../lib/gcc/arm-none-eabi/13.3.1/thumb/v7e-m+fp/hard/crtbegin.o

.rodata         0x0800aaf0      0x230
                0x0800aaf0                        . = ALIGN (0x4)
 *(.rodata)
 .rodata        0x0800aaf0       0xe2 ./Core/Src/freertos.o
 *fill*         0x0800abd2        0x2 
 .rodata        0x0800abd4        0x5 ./Middlewares/Third_Party/FreeRTOS/Source/tasks.o
 *fill*         0x0800abd9        0x3 
 .rodata        0x0800abdc        0xd ./Middlewares/Third_Party/FreeRTOS/Source/timers.o
 *(.rodata*)
 *fill*         0x0800abe9        0x3 
 .rodata.VisionTask_attributes
                0x0800abec       0x24 ./Core/Src/freertos.o
                0x0800abec                VisionTask_attributes
 .rodata.MotionTask_attributes
                0x0800ac10       0x24 ./Core/Src/freertos.o
                0x0800ac10                MotionTask_attributes
 .rodata.StateTask_attributes
                0x0800ac34       0x24 ./Core/Src/freertos.o
                0x0800ac34                StateTask_attributes
 .rodata.DebugTask_attributes
                0x0800ac58       0x24 ./Core/Src/freertos.o
                0x0800ac58                DebugTask_attributes
 .rodata.VisionQueue_attributes
                0x0800ac7c       0x18 ./Core/Src/freertos.o
                0x0800ac7c                VisionQueue_attributes
 .rodata.CommandQueue_attributes
                0x0800ac94       0x18 ./Core/Src/freertos.o
                0x0800ac94                CommandQueue_attributes
 .rodata.VisionReadySem_attributes
                0x0800acac       0x10 ./Core/Src/freertos.o
                0x0800acac                VisionReadySem_attributes
 .rodata.myBinarySem02_attributes
                0x0800acbc       0x10 ./Core/Src/freertos.o
                0x0800acbc                myBinarySem02_attributes
 .rodata.AHBPrescTable
                0x0800accc       0x10 ./Core/Src/system_stm32f4xx.o
                0x0800accc                AHBPrescTable
 .rodata.APBPrescTable
                0x0800acdc        0x8 ./Core/Src/system_stm32f4xx.o
                0x0800acdc                APBPrescTable
 .rodata.flagBitshiftOffset.0
                0x0800ace4        0x8 ./Drivers/STM32F4xx_HAL_Driver/Src/stm32f4xx_hal_dma.o
 .rodata._svfprintf_r.str1.1
                0x0800acec       0x33 C:/ST/STM32CubeIDE_2.0.0/STM32CubeIDE/plugins/com.st.stm32cube.ide.mcu.externaltools.gnu-tools-for-stm32.13.3.rel1.win32_1.0.100.202509120712/tools/bin/../lib/gcc/arm-none-eabi/13.3.1/../../../../arm-none-eabi/lib/thumb/v7e-m+fp/hard\libc_nano.a(libc_a-nano-svfprintf.o)
                                 0x11 (size before relaxing)
 .rodata._printf_i.str1.1
                0x0800ad1f        0x0 C:/ST/STM32CubeIDE_2.0.0/STM32CubeIDE/plugins/com.st.stm32cube.ide.mcu.externaltools.gnu-tools-for-stm32.13.3.rel1.win32_1.0.100.202509120712/tools/bin/../lib/gcc/arm-none-eabi/13.3.1/../../../../arm-none-eabi/lib/thumb/v7e-m+fp/hard\libc_nano.a(libc_a-nano-vfprintf_i.o)
                                 0x22 (size before relaxing)
                0x0800ad20                        . = ALIGN (0x4)
 *fill*         0x0800ad1f        0x1 

.ARM.extab      0x0800ad20        0x0
                0x0800ad20                        . = ALIGN (0x4)
 *(.ARM.extab* .gnu.linkonce.armextab.*)
                0x0800ad20                        . = ALIGN (0x4)

.ARM            0x0800ad20        0x8
                0x0800ad20                        . = ALIGN (0x4)
                0x0800ad20                        __exidx_start = .
 *(.ARM.exidx*)
 .ARM.exidx     0x0800ad20        0x8 C:/ST/STM32CubeIDE_2.0.0/STM32CubeIDE/plugins/com.st.stm32cube.ide.mcu.externaltools.gnu-tools-for-stm32.13.3.rel1.win32_1.0.100.202509120712/tools/bin/../lib/gcc/arm-none-eabi/13.3.1/../../../../arm-none-eabi/lib/thumb/v7e-m+fp/hard\libc_nano.a(libc_a-strlen.o)
 .ARM.exidx     0x0800ad28        0x0 C:/ST/STM32CubeIDE_2.0.0/STM32CubeIDE/plugins/com.st.stm32cube.ide.mcu.externaltools.gnu-tools-for-stm32.13.3.rel1.win32_1.0.100.202509120712/tools/bin/../lib/gcc/arm-none-eabi/13.3.1/../../../../arm-none-eabi/lib/thumb/v7e-m+fp/hard\libc_nano.a(libc_a-memchr.o)
                                  0x8 (size before relaxing)
 .ARM.exidx     0x0800ad28        0x0 C:/ST/STM32CubeIDE_2.0.0/STM32CubeIDE/plugins/com.st.stm32cube.ide.mcu.externaltools.gnu-tools-for-stm32.13.3.rel1.win32_1.0.100.202509120712/tools/bin/../lib/gcc/arm-none-eabi/13.3.1/thumb/v7e-m+fp/hard\libgcc.a(_udivmoddi4.o)
                                  0x8 (size before relaxing)
                0x0800ad28                        __exidx_end = .
                0x0800ad28                        . = ALIGN (0x4)

.preinit_array  0x0800ad28        0x0
                0x0800ad28                        . = ALIGN (0x4)
                0x0800ad28                        PROVIDE (__preinit_array_start = .)
 *(.preinit_array*)
                0x0800ad28                        PROVIDE (__preinit_array_end = .)
                0x0800ad28                        . = ALIGN (0x4)

.init_array     0x0800ad28        0x4
                0x0800ad28                        . = ALIGN (0x4)
                0x0800ad28                        PROVIDE (__init_array_start = .)
 *(SORT_BY_NAME(.init_array.*))
 *(.init_array*)
 .init_array    0x0800ad28        0x4 C:/ST/STM32CubeIDE_2.0.0/STM32CubeIDE/plugins/com.st.stm32cube.ide.mcu.externaltools.gnu-tools-for-stm32.13.3.rel1.win32_1.0.100.202509120712/tools/bin/../lib/gcc/arm-none-eabi/13.3.1/thumb/v7e-m+fp/hard/crtbegin.o
                0x0800ad2c                        PROVIDE (__init_array_end = .)
                0x0800ad2c                        . = ALIGN (0x4)

.fini_array     0x0800ad2c        0x4
                0x0800ad2c                        . = ALIGN (0x4)
                [!provide]                        PROVIDE (__fini_array_start = .)
 *(SORT_BY_NAME(.fini_array.*))
 *(.fini_array*)
 .fini_array    0x0800ad2c        0x4 C:/ST/STM32CubeIDE_2.0.0/STM32CubeIDE/plugins/com.st.stm32cube.ide.mcu.externaltools.gnu-tools-for-stm32.13.3.rel1.win32_1.0.100.202509120712/tools/bin/../lib/gcc/arm-none-eabi/13.3.1/thumb/v7e-m+fp/hard/crtbegin.o
                [!provide]                        PROVIDE (__fini_array_end = .)
                0x0800ad30                        . = ALIGN (0x4)
                0x0800ad30                        _sidata = LOADADDR (.data)

.rel.dyn        0x0800ad30        0x0
 .rel.iplt      0x0800ad30        0x0 C:/ST/STM32CubeIDE_2.0.0/STM32CubeIDE/plugins/com.st.stm32cube.ide.mcu.externaltools.gnu-tools-for-stm32.13.3.rel1.win32_1.0.100.202509120712/tools/bin/../lib/gcc/arm-none-eabi/13.3.1/thumb/v7e-m+fp/hard/crtbegin.o

.data           0x20000000       0x60 load address 0x0800ad30
                0x20000000                        . = ALIGN (0x4)
                0x20000000                        _sdata = .
 *(.data)
 *(.data*)
 .data.SystemCoreClock
                0x20000000        0x4 ./Core/Src/system_stm32f4xx.o
                0x20000000                SystemCoreClock
 .data.uwTickPrio
                0x20000004        0x4 ./Drivers/STM32F4xx_HAL_Driver/Src/stm32f4xx_hal.o
                0x20000004                uwTickPrio
 .data.uwTickFreq
                0x20000008        0x1 ./Drivers/STM32F4xx_HAL_Driver/Src/stm32f4xx_hal.o
                0x20000008                uwTickFreq
 *fill*         0x20000009        0x3 
 .data.uxCriticalNesting
                0x2000000c        0x4 ./Middlewares/Third_Party/FreeRTOS/Source/portable/GCC/ARM_CM4F/port.o
 .data._impure_ptr
                0x20000010        0x4 C:/ST/STM32CubeIDE_2.0.0/STM32CubeIDE/plugins/com.st.stm32cube.ide.mcu.externaltools.gnu-tools-for-stm32.13.3.rel1.win32_1.0.100.202509120712/tools/bin/../lib/gcc/arm-none-eabi/13.3.1/../../../../arm-none-eabi/lib/thumb/v7e-m+fp/hard\libc_nano.a(libc_a-impure.o)
                0x20000010                _impure_ptr
 .data._impure_data
                0x20000014       0x4c C:/ST/STM32CubeIDE_2.0.0/STM32CubeIDE/plugins/com.st.stm32cube.ide.mcu.externaltools.gnu-tools-for-stm32.13.3.rel1.win32_1.0.100.202509120712/tools/bin/../lib/gcc/arm-none-eabi/13.3.1/../../../../arm-none-eabi/lib/thumb/v7e-m+fp/hard\libc_nano.a(libc_a-impure.o)
                0x20000014                _impure_data
 *(.RamFunc)
 *(.RamFunc*)
                0x20000060                        . = ALIGN (0x4)
                0x20000060                        _edata = .
                0x0800ad90                        _siccmram = LOADADDR (.ccmram)

.igot.plt       0x20000060        0x0 load address 0x0800ad90
 .igot.plt      0x20000060        0x0 C:/ST/STM32CubeIDE_2.0.0/STM32CubeIDE/plugins/com.st.stm32cube.ide.mcu.externaltools.gnu-tools-for-stm32.13.3.rel1.win32_1.0.100.202509120712/tools/bin/../lib/gcc/arm-none-eabi/13.3.1/thumb/v7e-m+fp/hard/crtbegin.o

.ccmram         0x10000000        0x0 load address 0x0800ad90
                0x10000000                        . = ALIGN (0x4)
                0x10000000                        _sccmram = .
 *(.ccmram)
 *(.ccmram*)
                0x10000000                        . = ALIGN (0x4)
                0x10000000                        _eccmram = .
                0x10000000                        . = ALIGN (0x4)

.bss            0x20000060     0x5070
                0x20000060                        _sbss = .
                0x20000060                        __bss_start__ = _sbss
 *(.bss)
 .bss           0x20000060       0x1c C:/ST/STM32CubeIDE_2.0.0/STM32CubeIDE/plugins/com.st.stm32cube.ide.mcu.externaltools.gnu-tools-for-stm32.13.3.rel1.win32_1.0.100.202509120712/tools/bin/../lib/gcc/arm-none-eabi/13.3.1/thumb/v7e-m+fp/hard/crtbegin.o
 *(.bss*)
 .bss.hadc1     0x2000007c       0x48 ./Core/Src/adc.o
                0x2000007c                hadc1
 .bss.g_motor_speed
                0x200000c4        0x8 ./Core/Src/freertos.o
                0x200000c4                g_motor_speed
 .bss.uart_rx_buf
                0x200000cc        0x3 ./Core/Src/freertos.o
                0x200000cc                uart_rx_buf
 .bss.uart_rx_index
                0x200000cf        0x1 ./Core/Src/freertos.o
                0x200000cf                uart_rx_index
 .bss.VisionTaskHandle
                0x200000d0        0x4 ./Core/Src/freertos.o
                0x200000d0                VisionTaskHandle
 .bss.MotionTaskHandle
                0x200000d4        0x4 ./Core/Src/freertos.o
                0x200000d4                MotionTaskHandle
 .bss.StateTaskHandle
                0x200000d8        0x4 ./Core/Src/freertos.o
                0x200000d8                StateTaskHandle
 .bss.DebugTaskHandle
                0x200000dc        0x4 ./Core/Src/freertos.o
                0x200000dc                DebugTaskHandle
 .bss.VisionQueueHandle
                0x200000e0        0x4 ./Core/Src/freertos.o
                0x200000e0                VisionQueueHandle
 .bss.CommandQueueHandle
                0x200000e4        0x4 ./Core/Src/freertos.o
                0x200000e4                CommandQueueHandle
 .bss.VisionReadySemHandle
                0x200000e8        0x4 ./Core/Src/freertos.o
                0x200000e8                VisionReadySemHandle
 .bss.myBinarySem02Handle
                0x200000ec        0x4 ./Core/Src/freertos.o
                0x200000ec                myBinarySem02Handle
 .bss.rx_buf2.3
                0x200000f0       0x64 ./Core/Src/freertos.o
 .bss.rx_buf3.2
                0x20000154       0x64 ./Core/Src/freertos.o
 .bss.rx_len2.1
                0x200001b8        0x4 ./Core/Src/freertos.o
 .bss.rx_len3.0
                0x200001bc        0x4 ./Core/Src/freertos.o
 .bss.usart2_rx_flag
                0x200001c0        0x1 ./Core/Src/main.o
                0x200001c0                usart2_rx_flag
 .bss.usart3_rx_flag
                0x200001c1        0x1 ./Core/Src/main.o
                0x200001c1                usart3_rx_flag
 .bss.encoder1_flag
                0x200001c2        0x1 ./Core/Src/main.o
                0x200001c2                encoder1_flag
 .bss.encoder2_flag
                0x200001c3        0x1 ./Core/Src/main.o
                0x200001c3                encoder2_flag
 .bss.encoder3_flag
                0x200001c4        0x1 ./Core/Src/main.o
                0x200001c4                encoder3_flag
 .bss.encoder4_flag
                0x200001c5        0x1 ./Core/Src/main.o
                0x200001c5                encoder4_flag
 *fill*         0x200001c6        0x2 
 .bss.rx_buf2.1
                0x200001c8        0x1 ./Core/Src/main.o
 *fill*         0x200001c9        0x3 
 .bss.rx_buf3.0
                0x200001cc        0x1 ./Core/Src/main.o
 *fill*         0x200001cd        0x3 
 .bss.__sbrk_heap_end
                0x200001d0        0x4 ./Core/Src/sysmem.o
 .bss.htim1     0x200001d4       0x48 ./Core/Src/tim.o
                0x200001d4                htim1
 .bss.htim2     0x2000021c       0x48 ./Core/Src/tim.o
                0x2000021c                htim2
 .bss.htim3     0x20000264       0x48 ./Core/Src/tim.o
                0x20000264                htim3
 .bss.htim4     0x200002ac       0x48 ./Core/Src/tim.o
                0x200002ac                htim4
 .bss.htim8     0x200002f4       0x48 ./Core/Src/tim.o
                0x200002f4                htim8
 .bss.huart2    0x2000033c       0x48 ./Core/Src/usart.o
                0x2000033c                huart2
 .bss.huart3    0x20000384       0x48 ./Core/Src/usart.o
                0x20000384                huart3
 .bss.hdma_usart2_rx
                0x200003cc       0x60 ./Core/Src/usart.o
                0x200003cc                hdma_usart2_rx
 .bss.hdma_usart2_tx
                0x2000042c       0x60 ./Core/Src/usart.o
                0x2000042c                hdma_usart2_tx
 .bss.g_Chassis
                0x2000048c       0xa8 ./Drivers/BSP/Src/motor.o
                0x2000048c                g_Chassis
 .bss.last_count.0
                0x20000534       0x10 ./Drivers/BSP/Src/motor.o
 .bss.g_PidMotor1
                0x20000544       0x3c ./Drivers/BSP/Src/pid.o
                0x20000544                g_PidMotor1
 .bss.g_PidMotor2
                0x20000580       0x3c ./Drivers/BSP/Src/pid.o
                0x20000580                g_PidMotor2
 .bss.g_PidMotor3
                0x200005bc       0x3c ./Drivers/BSP/Src/pid.o
                0x200005bc                g_PidMotor3
 .bss.g_PidMotor4
                0x200005f8       0x3c ./Drivers/BSP/Src/pid.o
                0x200005f8                g_PidMotor4
 .bss.uwTick    0x20000634        0x4 ./Drivers/STM32F4xx_HAL_Driver/Src/stm32f4xx_hal.o
                0x20000634                uwTick
 .bss.KernelState
                0x20000638        0x4 ./Middlewares/Third_Party/FreeRTOS/Source/CMSIS_RTOS_V2/cmsis_os2.o
 .bss.Idle_TCB.3
                0x2000063c       0x5c ./Middlewares/Third_Party/FreeRTOS/Source/CMSIS_RTOS_V2/cmsis_os2.o
 .bss.Idle_Stack.2
                0x20000698      0x200 ./Middlewares/Third_Party/FreeRTOS/Source/CMSIS_RTOS_V2/cmsis_os2.o
 .bss.Timer_TCB.1
                0x20000898       0x5c ./Middlewares/Third_Party/FreeRTOS/Source/CMSIS_RTOS_V2/cmsis_os2.o
 .bss.Timer_Stack.0
                0x200008f4      0x400 ./Middlewares/Third_Party/FreeRTOS/Source/CMSIS_RTOS_V2/cmsis_os2.o
 .bss.xQueueRegistry
                0x20000cf4       0x40 ./Middlewares/Third_Party/FreeRTOS/Source/queue.o
                0x20000cf4                xQueueRegistry
 .bss.pxCurrentTCB
                0x20000d34        0x4 ./Middlewares/Third_Party/FreeRTOS/Source/tasks.o
                0x20000d34                pxCurrentTCB
 .bss.pxReadyTasksLists
                0x20000d38      0x460 ./Middlewares/Third_Party/FreeRTOS/Source/tasks.o
 .bss.xDelayedTaskList1
                0x20001198       0x14 ./Middlewares/Third_Party/FreeRTOS/Source/tasks.o
 .bss.xDelayedTaskList2
                0x200011ac       0x14 ./Middlewares/Third_Party/FreeRTOS/Source/tasks.o
 .bss.pxDelayedTaskList
                0x200011c0        0x4 ./Middlewares/Third_Party/FreeRTOS/Source/tasks.o
 .bss.pxOverflowDelayedTaskList
                0x200011c4        0x4 ./Middlewares/Third_Party/FreeRTOS/Source/tasks.o
 .bss.xPendingReadyList
                0x200011c8       0x14 ./Middlewares/Third_Party/FreeRTOS/Source/tasks.o
 .bss.xTasksWaitingTermination
                0x200011dc       0x14 ./Middlewares/Third_Party/FreeRTOS/Source/tasks.o
 .bss.uxDeletedTasksWaitingCleanUp
                0x200011f0        0x4 ./Middlewares/Third_Party/FreeRTOS/Source/tasks.o
 .bss.xSuspendedTaskList
                0x200011f4       0x14 ./Middlewares/Third_Party/FreeRTOS/Source/tasks.o
 .bss.uxCurrentNumberOfTasks
                0x20001208        0x4 ./Middlewares/Third_Party/FreeRTOS/Source/tasks.o
 .bss.xTickCount
                0x2000120c        0x4 ./Middlewares/Third_Party/FreeRTOS/Source/tasks.o
 .bss.uxTopReadyPriority
                0x20001210        0x4 ./Middlewares/Third_Party/FreeRTOS/Source/tasks.o
 .bss.xSchedulerRunning
                0x20001214        0x4 ./Middlewares/Third_Party/FreeRTOS/Source/tasks.o
 .bss.xPendedTicks
                0x20001218        0x4 ./Middlewares/Third_Party/FreeRTOS/Source/tasks.o
 .bss.xYieldPending
                0x2000121c        0x4 ./Middlewares/Third_Party/FreeRTOS/Source/tasks.o
 .bss.xNumOfOverflows
                0x20001220        0x4 ./Middlewares/Third_Party/FreeRTOS/Source/tasks.o
 .bss.uxTaskNumber
                0x20001224        0x4 ./Middlewares/Third_Party/FreeRTOS/Source/tasks.o
 .bss.xNextTaskUnblockTime
                0x20001228        0x4 ./Middlewares/Third_Party/FreeRTOS/Source/tasks.o
 .bss.xIdleTaskHandle
                0x2000122c        0x4 ./Middlewares/Third_Party/FreeRTOS/Source/tasks.o
 .bss.uxSchedulerSuspended
                0x20001230        0x4 ./Middlewares/Third_Party/FreeRTOS/Source/tasks.o
 .bss.xActiveTimerList1
                0x20001234       0x14 ./Middlewares/Third_Party/FreeRTOS/Source/timers.o
 .bss.xActiveTimerList2
                0x20001248       0x14 ./Middlewares/Third_Party/FreeRTOS/Source/timers.o
 .bss.pxCurrentTimerList
                0x2000125c        0x4 ./Middlewares/Third_Party/FreeRTOS/Source/timers.o
 .bss.pxOverflowTimerList
                0x20001260        0x4 ./Middlewares/Third_Party/FreeRTOS/Source/timers.o
 .bss.xTimerQueue
                0x20001264        0x4 ./Middlewares/Third_Party/FreeRTOS/Source/timers.o
 .bss.xTimerTaskHandle
                0x20001268        0x4 ./Middlewares/Third_Party/FreeRTOS/Source/timers.o
 .bss.xLastTime.2
                0x2000126c        0x4 ./Middlewares/Third_Party/FreeRTOS/Source/timers.o
 .bss.ucStaticTimerQueueStorage.1
                0x20001270       0xa0 ./Middlewares/Third_Party/FreeRTOS/Source/timers.o
 .bss.xStaticTimerQueue.0
                0x20001310       0x50 ./Middlewares/Third_Party/FreeRTOS/Source/timers.o
 .bss.ucMaxSysCallPriority
                0x20001360        0x1 ./Middlewares/Third_Party/FreeRTOS/Source/portable/GCC/ARM_CM4F/port.o
 *fill*         0x20001361        0x3 
 .bss.ulMaxPRIGROUPValue
                0x20001364        0x4 ./Middlewares/Third_Party/FreeRTOS/Source/portable/GCC/ARM_CM4F/port.o
 .bss.ucHeap    0x20001368     0x3c00 ./Middlewares/Third_Party/FreeRTOS/Source/portable/MemMang/heap_4.o
 .bss.xStart    0x20004f68        0x8 ./Middlewares/Third_Party/FreeRTOS/Source/portable/MemMang/heap_4.o
 .bss.pxEnd     0x20004f70        0x4 ./Middlewares/Third_Party/FreeRTOS/Source/portable/MemMang/heap_4.o
 .bss.xFreeBytesRemaining
                0x20004f74        0x4 ./Middlewares/Third_Party/FreeRTOS/Source/portable/MemMang/heap_4.o
 .bss.xMinimumEverFreeBytesRemaining
                0x20004f78        0x4 ./Middlewares/Third_Party/FreeRTOS/Source/portable/MemMang/heap_4.o
 .bss.xNumberOfSuccessfulAllocations
                0x20004f7c        0x4 ./Middlewares/Third_Party/FreeRTOS/Source/portable/MemMang/heap_4.o
 .bss.xNumberOfSuccessfulFrees
                0x20004f80        0x4 ./Middlewares/Third_Party/FreeRTOS/Source/portable/MemMang/heap_4.o
 .bss.xBlockAllocatedBit
                0x20004f84        0x4 ./Middlewares/Third_Party/FreeRTOS/Source/portable/MemMang/heap_4.o
 .bss.__sf      0x20004f88      0x138 C:/ST/STM32CubeIDE_2.0.0/STM32CubeIDE/plugins/com.st.stm32cube.ide.mcu.externaltools.gnu-tools-for-stm32.13.3.rel1.win32_1.0.100.202509120712/tools/bin/../lib/gcc/arm-none-eabi/13.3.1/../../../../arm-none-eabi/lib/thumb/v7e-m+fp/hard\libc_nano.a(libc_a-findfp.o)
                0x20004f88                __sf
 .bss.errno     0x200050c0        0x4 C:/ST/STM32CubeIDE_2.0.0/STM32CubeIDE/plugins/com.st.stm32cube.ide.mcu.externaltools.gnu-tools-for-stm32.13.3.rel1.win32_1.0.100.202509120712/tools/bin/../lib/gcc/arm-none-eabi/13.3.1/../../../../arm-none-eabi/lib/thumb/v7e-m+fp/hard\libc_nano.a(libc_a-reent.o)
                0x200050c0                errno
 .bss.__lock___malloc_recursive_mutex
                0x200050c4        0x1 C:/ST/STM32CubeIDE_2.0.0/STM32CubeIDE/plugins/com.st.stm32cube.ide.mcu.externaltools.gnu-tools-for-stm32.13.3.rel1.win32_1.0.100.202509120712/tools/bin/../lib/gcc/arm-none-eabi/13.3.1/../../../../arm-none-eabi/lib/thumb/v7e-m+fp/hard\libc_nano.a(libc_a-lock.o)
                0x200050c4                __lock___malloc_recursive_mutex
 *fill*         0x200050c5        0x3 
 .bss.__malloc_sbrk_start
                0x200050c8        0x4 C:/ST/STM32CubeIDE_2.0.0/STM32CubeIDE/plugins/com.st.stm32cube.ide.mcu.externaltools.gnu-tools-for-stm32.13.3.rel1.win32_1.0.100.202509120712/tools/bin/../lib/gcc/arm-none-eabi/13.3.1/../../../../arm-none-eabi/lib/thumb/v7e-m+fp/hard\libc_nano.a(libc_a-mallocr.o)
                0x200050c8                __malloc_sbrk_start
 .bss.__malloc_free_list
                0x200050cc        0x4 C:/ST/STM32CubeIDE_2.0.0/STM32CubeIDE/plugins/com.st.stm32cube.ide.mcu.externaltools.gnu-tools-for-stm32.13.3.rel1.win32_1.0.100.202509120712/tools/bin/../lib/gcc/arm-none-eabi/13.3.1/../../../../arm-none-eabi/lib/thumb/v7e-m+fp/hard\libc_nano.a(libc_a-mallocr.o)
                0x200050cc                __malloc_free_list
 *(COMMON)
                0x200050d0                        . = ALIGN (0x4)
                0x200050d0                        _ebss = .
                0x200050d0                        __bss_end__ = _ebss

._user_heap_stack
                0x200050d0      0x600
                0x200050d0                        . = ALIGN (0x8)
                [!provide]                        PROVIDE (end = .)
                0x200050d0                        PROVIDE (_end = .)
                0x200052d0                        . = (. + _Min_Heap_Size)
 *fill*         0x200050d0      0x200 
                0x200056d0                        . = (. + _Min_Stack_Size)
 *fill*         0x200052d0      0x400 
                0x200056d0                        . = ALIGN (0x8)

/DISCARD/
 libc.a(*)
 libm.a(*)
 libgcc.a(*)

.ARM.attributes
                0x00000000       0x30
 *(.ARM.attributes)
 .ARM.attributes
                0x00000000       0x22 C:/ST/STM32CubeIDE_2.0.0/STM32CubeIDE/plugins/com.st.stm32cube.ide.mcu.externaltools.gnu-tools-for-stm32.13.3.rel1.win32_1.0.100.202509120712/tools/bin/../lib/gcc/arm-none-eabi/13.3.1/thumb/v7e-m+fp/hard/crti.o
 .ARM.attributes
                0x00000022       0x34 C:/ST/STM32CubeIDE_2.0.0/STM32CubeIDE/plugins/com.st.stm32cube.ide.mcu.externaltools.gnu-tools-for-stm32.13.3.rel1.win32_1.0.100.202509120712/tools/bin/../lib/gcc/arm-none-eabi/13.3.1/thumb/v7e-m+fp/hard/crtbegin.o
 .ARM.attributes
                0x00000056       0x34 ./Core/Src/adc.o
 .ARM.attributes
                0x0000008a       0x34 ./Core/Src/dma.o
 .ARM.attributes
                0x000000be       0x34 ./Core/Src/freertos.o
 .ARM.attributes
                0x000000f2       0x34 ./Core/Src/gpio.o
 .ARM.attributes
                0x00000126       0x34 ./Core/Src/main.o
 .ARM.attributes
                0x0000015a       0x34 ./Core/Src/stm32f4xx_hal_msp.o
 .ARM.attributes
                0x0000018e       0x34 ./Core/Src/stm32f4xx_it.o
 .ARM.attributes
                0x000001c2       0x34 ./Core/Src/sysmem.o
 .ARM.attributes
                0x000001f6       0x34 ./Core/Src/system_stm32f4xx.o
 .ARM.attributes
                0x0000022a       0x34 ./Core/Src/tim.o
 .ARM.attributes
                0x0000025e       0x34 ./Core/Src/usart.o
 .ARM.attributes
                0x00000292       0x21 ./Core/Startup/startup_stm32f407zgtx.o
 .ARM.attributes
                0x000002b3       0x34 ./Drivers/BSP/Src/motor.o
 .ARM.attributes
                0x000002e7       0x34 ./Drivers/BSP/Src/pid.o
 .ARM.attributes
                0x0000031b       0x34 ./Drivers/STM32F4xx_HAL_Driver/Src/stm32f4xx_hal.o
 .ARM.attributes
                0x0000034f       0x34 ./Drivers/STM32F4xx_HAL_Driver/Src/stm32f4xx_hal_adc.o
 .ARM.attributes
                0x00000383       0x34 ./Drivers/STM32F4xx_HAL_Driver/Src/stm32f4xx_hal_adc_ex.o
 .ARM.attributes
                0x000003b7       0x34 ./Drivers/STM32F4xx_HAL_Driver/Src/stm32f4xx_hal_cortex.o
 .ARM.attributes
                0x000003eb       0x34 ./Drivers/STM32F4xx_HAL_Driver/Src/stm32f4xx_hal_dma.o
 .ARM.attributes
                0x0000041f       0x34 ./Drivers/STM32F4xx_HAL_Driver/Src/stm32f4xx_hal_gpio.o
 .ARM.attributes
                0x00000453       0x34 ./Drivers/STM32F4xx_HAL_Driver/Src/stm32f4xx_hal_rcc.o
 .ARM.attributes
                0x00000487       0x34 ./Drivers/STM32F4xx_HAL_Driver/Src/stm32f4xx_hal_tim.o
 .ARM.attributes
                0x000004bb       0x34 ./Drivers/STM32F4xx_HAL_Driver/Src/stm32f4xx_hal_tim_ex.o
 .ARM.attributes
                0x000004ef       0x34 ./Drivers/STM32F4xx_HAL_Driver/Src/stm32f4xx_hal_uart.o
 .ARM.attributes
                0x00000523       0x34 ./Middlewares/Third_Party/FreeRTOS/Source/CMSIS_RTOS_V2/cmsis_os2.o
 .ARM.attributes
                0x00000557       0x34 ./Middlewares/Third_Party/FreeRTOS/Source/list.o
 .ARM.attributes
                0x0000058b       0x34 ./Middlewares/Third_Party/FreeRTOS/Source/queue.o
 .ARM.attributes
                0x000005bf       0x34 ./Middlewares/Third_Party/FreeRTOS/Source/tasks.o
 .ARM.attributes
                0x000005f3       0x34 ./Middlewares/Third_Party/FreeRTOS/Source/timers.o
 .ARM.attributes
                0x00000627       0x34 ./Middlewares/Third_Party/FreeRTOS/Source/portable/GCC/ARM_CM4F/port.o
 .ARM.attributes
                0x0000065b       0x34 ./Middlewares/Third_Party/FreeRTOS/Source/portable/MemMang/heap_4.o
 .ARM.attributes
                0x0000068f       0x34 C:/ST/STM32CubeIDE_2.0.0/STM32CubeIDE/plugins/com.st.stm32cube.ide.mcu.externaltools.gnu-tools-for-stm32.13.3.rel1.win32_1.0.100.202509120712/tools/bin/../lib/gcc/arm-none-eabi/13.3.1/../../../../arm-none-eabi/lib/thumb/v7e-m+fp/hard\libc_nano.a(libc_a-findfp.o)
 .ARM.attributes
                0x000006c3       0x34 C:/ST/STM32CubeIDE_2.0.0/STM32CubeIDE/plugins/com.st.stm32cube.ide.mcu.externaltools.gnu-tools-for-stm32.13.3.rel1.win32_1.0.100.202509120712/tools/bin/../lib/gcc/arm-none-eabi/13.3.1/../../../../arm-none-eabi/lib/thumb/v7e-m+fp/hard\libc_nano.a(libc_a-sprintf.o)
 .ARM.attributes
                0x000006f7       0x34 C:/ST/STM32CubeIDE_2.0.0/STM32CubeIDE/plugins/com.st.stm32cube.ide.mcu.externaltools.gnu-tools-for-stm32.13.3.rel1.win32_1.0.100.202509120712/tools/bin/../lib/gcc/arm-none-eabi/13.3.1/../../../../arm-none-eabi/lib/thumb/v7e-m+fp/hard\libc_nano.a(libc_a-memset.o)
 .ARM.attributes
                0x0000072b       0x34 C:/ST/STM32CubeIDE_2.0.0/STM32CubeIDE/plugins/com.st.stm32cube.ide.mcu.externaltools.gnu-tools-for-stm32.13.3.rel1.win32_1.0.100.202509120712/tools/bin/../lib/gcc/arm-none-eabi/13.3.1/../../../../arm-none-eabi/lib/thumb/v7e-m+fp/hard\libc_nano.a(libc_a-reent.o)
 .ARM.attributes
                0x0000075f       0x34 C:/ST/STM32CubeIDE_2.0.0/STM32CubeIDE/plugins/com.st.stm32cube.ide.mcu.externaltools.gnu-tools-for-stm32.13.3.rel1.win32_1.0.100.202509120712/tools/bin/../lib/gcc/arm-none-eabi/13.3.1/../../../../arm-none-eabi/lib/thumb/v7e-m+fp/hard\libc_nano.a(libc_a-impure.o)
 .ARM.attributes
                0x00000793       0x34 C:/ST/STM32CubeIDE_2.0.0/STM32CubeIDE/plugins/com.st.stm32cube.ide.mcu.externaltools.gnu-tools-for-stm32.13.3.rel1.win32_1.0.100.202509120712/tools/bin/../lib/gcc/arm-none-eabi/13.3.1/../../../../arm-none-eabi/lib/thumb/v7e-m+fp/hard\libc_nano.a(libc_a-errno.o)
 .ARM.attributes
                0x000007c7       0x34 C:/ST/STM32CubeIDE_2.0.0/STM32CubeIDE/plugins/com.st.stm32cube.ide.mcu.externaltools.gnu-tools-for-stm32.13.3.rel1.win32_1.0.100.202509120712/tools/bin/../lib/gcc/arm-none-eabi/13.3.1/../../../../arm-none-eabi/lib/thumb/v7e-m+fp/hard\libc_nano.a(libc_a-init.o)
 .ARM.attributes
                0x000007fb       0x34 C:/ST/STM32CubeIDE_2.0.0/STM32CubeIDE/plugins/com.st.stm32cube.ide.mcu.externaltools.gnu-tools-for-stm32.13.3.rel1.win32_1.0.100.202509120712/tools/bin/../lib/gcc/arm-none-eabi/13.3.1/../../../../arm-none-eabi/lib/thumb/v7e-m+fp/hard\libc_nano.a(libc_a-lock.o)
 .ARM.attributes
                0x0000082f       0x34 C:/ST/STM32CubeIDE_2.0.0/STM32CubeIDE/plugins/com.st.stm32cube.ide.mcu.externaltools.gnu-tools-for-stm32.13.3.rel1.win32_1.0.100.202509120712/tools/bin/../lib/gcc/arm-none-eabi/13.3.1/../../../../arm-none-eabi/lib/thumb/v7e-m+fp/hard\libc_nano.a(libc_a-memcpy-stub.o)
 .ARM.attributes
                0x00000863       0x17 C:/ST/STM32CubeIDE_2.0.0/STM32CubeIDE/plugins/com.st.stm32cube.ide.mcu.externaltools.gnu-tools-for-stm32.13.3.rel1.win32_1.0.100.202509120712/tools/bin/../lib/gcc/arm-none-eabi/13.3.1/../../../../arm-none-eabi/lib/thumb/v7e-m+fp/hard\libc_nano.a(libc_a-strlen.o)
 .ARM.attributes
                0x0000087a       0x34 C:/ST/STM32CubeIDE_2.0.0/STM32CubeIDE/plugins/com.st.stm32cube.ide.mcu.externaltools.gnu-tools-for-stm32.13.3.rel1.win32_1.0.100.202509120712/tools/bin/../lib/gcc/arm-none-eabi/13.3.1/../../../../arm-none-eabi/lib/thumb/v7e-m+fp/hard\libc_nano.a(libc_a-freer.o)
 .ARM.attributes
                0x000008ae       0x34 C:/ST/STM32CubeIDE_2.0.0/STM32CubeIDE/plugins/com.st.stm32cube.ide.mcu.externaltools.gnu-tools-for-stm32.13.3.rel1.win32_1.0.100.202509120712/tools/bin/../lib/gcc/arm-none-eabi/13.3.1/../../../../arm-none-eabi/lib/thumb/v7e-m+fp/hard\libc_nano.a(libc_a-mallocr.o)
 .ARM.attributes
                0x000008e2       0x34 C:/ST/STM32CubeIDE_2.0.0/STM32CubeIDE/plugins/com.st.stm32cube.ide.mcu.externaltools.gnu-tools-for-stm32.13.3.rel1.win32_1.0.100.202509120712/tools/bin/../lib/gcc/arm-none-eabi/13.3.1/../../../../arm-none-eabi/lib/thumb/v7e-m+fp/hard\libc_nano.a(libc_a-mlock.o)
 .ARM.attributes
                0x00000916       0x34 C:/ST/STM32CubeIDE_2.0.0/STM32CubeIDE/plugins/com.st.stm32cube.ide.mcu.externaltools.gnu-tools-for-stm32.13.3.rel1.win32_1.0.100.202509120712/tools/bin/../lib/gcc/arm-none-eabi/13.3.1/../../../../arm-none-eabi/lib/thumb/v7e-m+fp/hard\libc_nano.a(libc_a-nano-svfprintf.o)
 .ARM.attributes
                0x0000094a       0x34 C:/ST/STM32CubeIDE_2.0.0/STM32CubeIDE/plugins/com.st.stm32cube.ide.mcu.externaltools.gnu-tools-for-stm32.13.3.rel1.win32_1.0.100.202509120712/tools/bin/../lib/gcc/arm-none-eabi/13.3.1/../../../../arm-none-eabi/lib/thumb/v7e-m+fp/hard\libc_nano.a(libc_a-nano-vfprintf_i.o)
 .ARM.attributes
                0x0000097e       0x34 C:/ST/STM32CubeIDE_2.0.0/STM32CubeIDE/plugins/com.st.stm32cube.ide.mcu.externaltools.gnu-tools-for-stm32.13.3.rel1.win32_1.0.100.202509120712/tools/bin/../lib/gcc/arm-none-eabi/13.3.1/../../../../arm-none-eabi/lib/thumb/v7e-m+fp/hard\libc_nano.a(libc_a-memmove.o)
 .ARM.attributes
                0x000009b2       0x34 C:/ST/STM32CubeIDE_2.0.0/STM32CubeIDE/plugins/com.st.stm32cube.ide.mcu.externaltools.gnu-tools-for-stm32.13.3.rel1.win32_1.0.100.202509120712/tools/bin/../lib/gcc/arm-none-eabi/13.3.1/../../../../arm-none-eabi/lib/thumb/v7e-m+fp/hard\libc_nano.a(libc_a-sbrkr.o)
 .ARM.attributes
                0x000009e6       0x1c C:/ST/STM32CubeIDE_2.0.0/STM32CubeIDE/plugins/com.st.stm32cube.ide.mcu.externaltools.gnu-tools-for-stm32.13.3.rel1.win32_1.0.100.202509120712/tools/bin/../lib/gcc/arm-none-eabi/13.3.1/../../../../arm-none-eabi/lib/thumb/v7e-m+fp/hard\libc_nano.a(libc_a-memchr.o)
 .ARM.attributes
                0x00000a02       0x34 C:/ST/STM32CubeIDE_2.0.0/STM32CubeIDE/plugins/com.st.stm32cube.ide.mcu.externaltools.gnu-tools-for-stm32.13.3.rel1.win32_1.0.100.202509120712/tools/bin/../lib/gcc/arm-none-eabi/13.3.1/../../../../arm-none-eabi/lib/thumb/v7e-m+fp/hard\libc_nano.a(libc_a-reallocr.o)
 .ARM.attributes
                0x00000a36       0x34 C:/ST/STM32CubeIDE_2.0.0/STM32CubeIDE/plugins/com.st.stm32cube.ide.mcu.externaltools.gnu-tools-for-stm32.13.3.rel1.win32_1.0.100.202509120712/tools/bin/../lib/gcc/arm-none-eabi/13.3.1/../../../../arm-none-eabi/lib/thumb/v7e-m+fp/hard\libc_nano.a(libc_a-msizer.o)
 .ARM.attributes
                0x00000a6a       0x22 C:/ST/STM32CubeIDE_2.0.0/STM32CubeIDE/plugins/com.st.stm32cube.ide.mcu.externaltools.gnu-tools-for-stm32.13.3.rel1.win32_1.0.100.202509120712/tools/bin/../lib/gcc/arm-none-eabi/13.3.1/thumb/v7e-m+fp/hard\libgcc.a(_aeabi_uldivmod.o)
 .ARM.attributes
                0x00000a8c       0x34 C:/ST/STM32CubeIDE_2.0.0/STM32CubeIDE/plugins/com.st.stm32cube.ide.mcu.externaltools.gnu-tools-for-stm32.13.3.rel1.win32_1.0.100.202509120712/tools/bin/../lib/gcc/arm-none-eabi/13.3.1/thumb/v7e-m+fp/hard\libgcc.a(_udivmoddi4.o)
 .ARM.attributes
                0x00000ac0       0x22 C:/ST/STM32CubeIDE_2.0.0/STM32CubeIDE/plugins/com.st.stm32cube.ide.mcu.externaltools.gnu-tools-for-stm32.13.3.rel1.win32_1.0.100.202509120712/tools/bin/../lib/gcc/arm-none-eabi/13.3.1/thumb/v7e-m+fp/hard\libgcc.a(_dvmd_tls.o)
 .ARM.attributes
                0x00000ae2       0x22 C:/ST/STM32CubeIDE_2.0.0/STM32CubeIDE/plugins/com.st.stm32cube.ide.mcu.externaltools.gnu-tools-for-stm32.13.3.rel1.win32_1.0.100.202509120712/tools/bin/../lib/gcc/arm-none-eabi/13.3.1/thumb/v7e-m+fp/hard/crtn.o
OUTPUT(Trash_can.elf elf32-littlearm)
LOAD linker stubs
LOAD C:/ST/STM32CubeIDE_2.0.0/STM32CubeIDE/plugins/com.st.stm32cube.ide.mcu.externaltools.gnu-tools-for-stm32.13.3.rel1.win32_1.0.100.202509120712/tools/bin/../lib/gcc/arm-none-eabi/13.3.1/../../../../arm-none-eabi/lib/thumb/v7e-m+fp/hard\libc.a
LOAD C:/ST/STM32CubeIDE_2.0.0/STM32CubeIDE/plugins/com.st.stm32cube.ide.mcu.externaltools.gnu-tools-for-stm32.13.3.rel1.win32_1.0.100.202509120712/tools/bin/../lib/gcc/arm-none-eabi/13.3.1/../../../../arm-none-eabi/lib/thumb/v7e-m+fp/hard\libm.a
LOAD C:/ST/STM32CubeIDE_2.0.0/STM32CubeIDE/plugins/com.st.stm32cube.ide.mcu.externaltools.gnu-tools-for-stm32.13.3.rel1.win32_1.0.100.202509120712/tools/bin/../lib/gcc/arm-none-eabi/13.3.1/thumb/v7e-m+fp/hard\libgcc.a

.debug_info     0x00000000    0x1cd9f
 .debug_info    0x00000000      0xa4f ./Core/Src/adc.o
 .debug_info    0x00000a4f      0x4ad ./Core/Src/dma.o
 .debug_info    0x00000efc     0x13db ./Core/Src/freertos.o
 .debug_info    0x000022d7      0x45d ./Core/Src/gpio.o
 .debug_info    0x00002734      0xee9 ./Core/Src/main.o
 .debug_info    0x0000361d      0x4b7 ./Core/Src/stm32f4xx_hal_msp.o
 .debug_info    0x00003ad4      0xa4d ./Core/Src/stm32f4xx_it.o
 .debug_info    0x00004521      0x168 ./Core/Src/sysmem.o
 .debug_info    0x00004689      0x512 ./Core/Src/system_stm32f4xx.o
 .debug_info    0x00004b9b     0x124a ./Core/Src/tim.o
 .debug_info    0x00005de5      0xc4c ./Core/Src/usart.o
 .debug_info    0x00006a31       0x30 ./Core/Startup/startup_stm32f407zgtx.o
 .debug_info    0x00006a61      0xea2 ./Drivers/BSP/Src/motor.o