../Drivers/BSP/Src/motor.c:40:13:Motor_SetPWM	16	static
../Drivers/BSP/Src/motor.c:71:6:Motor_Init	8	static
../Drivers/BSP/Src/motor.c:158:6:Motor_SetDirection	24	static
../Drivers/BSP/Src/motor.c:197:6:Motor_SetSpeed	24	static
../Drivers/BSP/Src/motor.c:236:6:Motor_Stop	16	static
../Drivers/BSP/Src/motor.c:253:6:Motor_Brake	24	static
../Drivers/BSP/Src/motor.c:287:9:Motor_LimitSpeed	16	static
../Drivers/BSP/Src/motor.c:314:6:Chassis_CalculateMecanum	40	static
../Drivers/BSP/Src/motor.c:359:6:Chassis_Move	48	static
../Drivers/BSP/Src/motor.c:385:6:Chassis_MoveDirection	16	static
../Drivers/BSP/Src/motor.c:421:6:Chassis_Stop	8	static
../Drivers/BSP/Src/motor.c:434:6:Chassis_Brake	8	static
../Drivers/BSP/Src/motor.c:448:9:Encoder_GetCount	16	static
../Drivers/BSP/Src/motor.c:470:9:Encoder_GetSpeed	16	static
../Drivers/BSP/Src/motor.c:492:7:Encoder_GetSpeedMS	24	static
../Drivers/BSP/Src/motor.c:503:6:Encoder_Update	16	static
../Drivers/BSP/Src/motor.c:531:6:Encoder_CalculateSpeed	32	static
../Drivers/BSP/Src/motor.c:588:7:Encoder_GetRPM	24	static
../Drivers/BSP/Src/motor.c:604:6:Encoder_GetAllRPM	32	static
