../Drivers/BSP/Src/pid.c:53:6:PID_Position_Init	24	static
../Drivers/BSP/Src/pid.c:81:6:PID_Position_SetTarget	16	static
../Drivers/BSP/Src/pid.c:94:6:PID_Position_SetLimits	24	static
../Drivers/BSP/Src/pid.c:108:6:PID_Position_SetIntegralLimits	24	static
../Drivers/BSP/Src/pid.c:126:7:PID_Position_Calculate	32	static
../Drivers/BSP/Src/pid.c:170:6:PID_Position_Reset	16	static
../Drivers/BSP/Src/pid.c:190:6:PID_Increment_Init	24	static
../Drivers/BSP/Src/pid.c:216:6:PID_Increment_SetTarget	16	static
../Drivers/BSP/Src/pid.c:229:6:PID_Increment_SetLimits	24	static
../Drivers/BSP/Src/pid.c:247:7:PID_Increment_Calculate	32	static
../Drivers/BSP/Src/pid.c:292:6:PID_Increment_Reset	16	static
../Drivers/BSP/Src/pid.c:309:6:PID_MotorInit	8	static
../Drivers/BSP/Src/pid.c:341:9:PID_MotorSpeedControl	24	static
../Drivers/BSP/Src/pid.c:382:6:PID_SetParams	24	static
../Drivers/BSP/Src/pid.c:399:6:PID_GetParams	24	static
