../Core/Src/stm32f4xx_it.c:78:6:NMI_Handler	4	static
../Core/Src/stm32f4xx_it.c:93:6:HardFault_Handler	4	static
../Core/Src/stm32f4xx_it.c:108:6:MemManage_Handler	4	static
../Core/Src/stm32f4xx_it.c:123:6:BusFault_Handler	4	static
../Core/Src/stm32f4xx_it.c:138:6:UsageFault_Handler	4	static
../Core/Src/stm32f4xx_it.c:153:6:DebugMon_Handler	4	static
../Core/Src/stm32f4xx_it.c:166:6:SysTick_Handler	8	static
../Core/Src/stm32f4xx_it.c:195:6:DMA1_Stream5_IRQHandler	8	static
../Core/Src/stm32f4xx_it.c:209:6:DMA1_Stream6_IRQHandler	8	static
../Core/Src/stm32f4xx_it.c:223:6:TIM1_UP_TIM10_IRQHandler	8	static
../Core/Src/stm32f4xx_it.c:237:6:TIM2_IRQHandler	8	static
../Core/Src/stm32f4xx_it.c:251:6:TIM3_IRQHandler	8	static
../Core/Src/stm32f4xx_it.c:265:6:TIM4_IRQHandler	8	static
../Core/Src/stm32f4xx_it.c:279:6:USART2_IRQHandler	8	static
../Core/Src/stm32f4xx_it.c:293:6:USART3_IRQHandler	8	static
